Component: ARM Compiler 5.06 update 7 (build 960) Tool: armlink [4d3601]

==============================================================================

Section Cross References

    main.o(i.main) refers to sys.o(i.delay_init) for delay_init
    main.o(i.main) refers to bsp_sys.o(i.delay_ms) for delay_ms
    main.o(i.main) refers to sys.o(i.disable_irq) for disable_irq
    main.o(i.main) refers to sys.o(i.sys_tim_init) for sys_tim_init
    main.o(i.main) refers to oled.o(i.oled_init) for oled_init
    main.o(i.main) refers to usart.o(i.uart_init) for uart_init
    main.o(i.main) refers to wireless.o(i.wireless_init) for wireless_init
    main.o(i.main) refers to key.o(i.key_init) for key_init
    main.o(i.main) refers to sys.o(i.param_init) for param_init
    main.o(i.main) refers to sys.o(i.enable_irq) for enable_irq
    main.o(i.main) refers to sys.o(i.sys_task) for sys_task
    main.o(i.main) refers to wireless.o(i.wireless_task) for wireless_task
    main.o(i.main) refers to key.o(i.key_task) for key_task
    main.o(i.main) refers to oled.o(i.oled_task) for oled_task
    system_stm32f10x.o(i.SetSysClock) refers to system_stm32f10x.o(i.SetSysClockTo72) for SetSysClockTo72
    system_stm32f10x.o(i.SystemCoreClockUpdate) refers to system_stm32f10x.o(.data) for SystemCoreClock
    system_stm32f10x.o(i.SystemInit) refers to system_stm32f10x.o(i.SetSysClock) for SetSysClock
    bsp_gpio.o(i.bsp_stepping_motor_init) refers to stm32f10x_rcc.o(i.RCC_APB2PeriphClockCmd) for RCC_APB2PeriphClockCmd
    bsp_gpio.o(i.bsp_stepping_motor_init) refers to stm32f10x_gpio.o(i.GPIO_Init) for GPIO_Init
    bsp_gpio.o(i.hal_key_init) refers to stm32f10x_rcc.o(i.RCC_APB2PeriphClockCmd) for RCC_APB2PeriphClockCmd
    bsp_gpio.o(i.hal_key_init) refers to stm32f10x_gpio.o(i.GPIO_Init) for GPIO_Init
    bsp_gpio.o(i.hal_led_init) refers to stm32f10x_rcc.o(i.RCC_APB2PeriphClockCmd) for RCC_APB2PeriphClockCmd
    bsp_gpio.o(i.hal_led_init) refers to stm32f10x_gpio.o(i.GPIO_Init) for GPIO_Init
    bsp_gpio.o(i.hal_led_init) refers to stm32f10x_gpio.o(i.GPIO_SetBits) for GPIO_SetBits
    bsp_i2c.o(i.IIC_Ack) refers to bsp_sys.o(i.delay_us) for delay_us
    bsp_i2c.o(i.IIC_Read_Byte) refers to bsp_sys.o(i.delay_us) for delay_us
    bsp_i2c.o(i.IIC_Read_Byte) refers to bsp_i2c.o(i.IIC_Ack) for IIC_Ack
    bsp_i2c.o(i.IIC_Send_Byte) refers to bsp_sys.o(i.delay_us) for delay_us
    bsp_i2c.o(i.IIC_Start) refers to bsp_sys.o(i.delay_us) for delay_us
    bsp_i2c.o(i.IIC_Stop) refers to bsp_sys.o(i.delay_us) for delay_us
    bsp_i2c.o(i.IIC_Wait_Ack) refers to bsp_sys.o(i.delay_us) for delay_us
    bsp_i2c.o(i.IIC_Wait_Ack) refers to bsp_i2c.o(i.IIC_Stop) for IIC_Stop
    bsp_i2c.o(i.hal_i2c_init) refers to stm32f10x_rcc.o(i.RCC_APB2PeriphClockCmd) for RCC_APB2PeriphClockCmd
    bsp_i2c.o(i.hal_i2c_init) refers to stm32f10x_gpio.o(i.GPIO_Init) for GPIO_Init
    bsp_sys.o(i.hal_sys_tim_init) refers to stm32f10x_rcc.o(i.RCC_APB1PeriphClockCmd) for RCC_APB1PeriphClockCmd
    bsp_sys.o(i.hal_sys_tim_init) refers to stm32f10x_tim.o(i.TIM_DeInit) for TIM_DeInit
    bsp_sys.o(i.hal_sys_tim_init) refers to misc.o(i.NVIC_Init) for NVIC_Init
    bsp_sys.o(i.hal_sys_tim_init) refers to stm32f10x_tim.o(i.TIM_TimeBaseInit) for TIM_TimeBaseInit
    bsp_sys.o(i.hal_sys_tim_init) refers to stm32f10x_tim.o(i.TIM_ITConfig) for TIM_ITConfig
    bsp_sys.o(i.hal_sys_tim_init) refers to stm32f10x_tim.o(i.TIM_ClearFlag) for TIM_ClearFlag
    bsp_sys.o(i.hal_sys_tim_init) refers to stm32f10x_tim.o(i.TIM_Cmd) for TIM_Cmd
    bsp_uart.o(i.bsp_uart1_init) refers to stm32f10x_rcc.o(i.RCC_APB2PeriphClockCmd) for RCC_APB2PeriphClockCmd
    bsp_uart.o(i.bsp_uart1_init) refers to stm32f10x_gpio.o(i.GPIO_Init) for GPIO_Init
    bsp_uart.o(i.bsp_uart1_init) refers to misc.o(i.NVIC_Init) for NVIC_Init
    bsp_uart.o(i.bsp_uart1_init) refers to stm32f10x_usart.o(i.USART_Init) for USART_Init
    bsp_uart.o(i.bsp_uart1_init) refers to stm32f10x_usart.o(i.USART_ITConfig) for USART_ITConfig
    bsp_uart.o(i.bsp_uart1_init) refers to stm32f10x_usart.o(i.USART_Cmd) for USART_Cmd
    bsp_uart.o(i.bsp_uart3_init) refers to stm32f10x_rcc.o(i.RCC_APB1PeriphClockCmd) for RCC_APB1PeriphClockCmd
    bsp_uart.o(i.bsp_uart3_init) refers to stm32f10x_rcc.o(i.RCC_APB2PeriphClockCmd) for RCC_APB2PeriphClockCmd
    bsp_uart.o(i.bsp_uart3_init) refers to stm32f10x_gpio.o(i.GPIO_Init) for GPIO_Init
    bsp_uart.o(i.bsp_uart3_init) refers to misc.o(i.NVIC_Init) for NVIC_Init
    bsp_uart.o(i.bsp_uart3_init) refers to stm32f10x_usart.o(i.USART_Init) for USART_Init
    bsp_uart.o(i.bsp_uart3_init) refers to stm32f10x_usart.o(i.USART_ITConfig) for USART_ITConfig
    bsp_uart.o(i.bsp_uart3_init) refers to stm32f10x_usart.o(i.USART_Cmd) for USART_Cmd
    bsp_spi.o(i.wireless_pin_init) refers to stm32f10x_rcc.o(i.RCC_APB2PeriphClockCmd) for RCC_APB2PeriphClockCmd
    bsp_spi.o(i.wireless_pin_init) refers to stm32f10x_gpio.o(i.GPIO_Init) for GPIO_Init
[...]
    Removing stm32f10x_sdio.o(i.SDIO_StartSDIOReadWait), (12 bytes).
    Removing stm32f10x_sdio.o(i.SDIO_StopSDIOReadWait), (12 bytes).
    Removing stm32f10x_sdio.o(i.SDIO_StructInit), (16 bytes).
    Removing stm32f10x_sdio.o(i.SDIO_WriteData), (12 bytes).
    Removing stm32f10x_spi.o(i.I2S_Cmd), (24 bytes).
    Removing stm32f10x_spi.o(i.I2S_Init), (232 bytes).
    Removing stm32f10x_spi.o(i.I2S_StructInit), (20 bytes).
    Removing stm32f10x_spi.o(i.SPI_BiDirectionalLineConfig), (28 bytes).
    Removing stm32f10x_spi.o(i.SPI_CalculateCRC), (24 bytes).
    Removing stm32f10x_spi.o(i.SPI_Cmd), (24 bytes).
    Removing stm32f10x_spi.o(i.SPI_DataSizeConfig), (18 bytes).
    Removing stm32f10x_spi.o(i.SPI_GetCRC), (16 bytes).
    Removing stm32f10x_spi.o(i.SPI_GetCRCPolynomial), (6 bytes).
    Removing stm32f10x_spi.o(i.SPI_I2S_ClearFlag), (6 bytes).
    Removing stm32f10x_spi.o(i.SPI_I2S_ClearITPendingBit), (20 bytes).
    Removing stm32f10x_spi.o(i.SPI_I2S_DMACmd), (18 bytes).
    Removing stm32f10x_spi.o(i.SPI_I2S_DeInit), (88 bytes).
    Removing stm32f10x_spi.o(i.SPI_I2S_GetFlagStatus), (18 bytes).
    Removing stm32f10x_spi.o(i.SPI_I2S_GetITStatus), (52 bytes).
    Removing stm32f10x_spi.o(i.SPI_I2S_ITConfig), (32 bytes).
    Removing stm32f10x_spi.o(i.SPI_I2S_ReceiveData), (6 bytes).
    Removing stm32f10x_spi.o(i.SPI_I2S_SendData), (4 bytes).
    Removing stm32f10x_spi.o(i.SPI_Init), (60 bytes).
    Removing stm32f10x_spi.o(i.SPI_NSSInternalSoftwareConfig), (30 bytes).
    Removing stm32f10x_spi.o(i.SPI_SSOutputCmd), (24 bytes).
    Removing stm32f10x_spi.o(i.SPI_StructInit), (24 bytes).
    Removing stm32f10x_spi.o(i.SPI_TransmitCRC), (10 bytes).
    Removing stm32f10x_tim.o(i.TI1_Config), (128 bytes).
    Removing stm32f10x_tim.o(i.TI2_Config), (152 bytes).
    Removing stm32f10x_tim.o(i.TI3_Config), (144 bytes).
    Removing stm32f10x_tim.o(i.TI4_Config), (152 bytes).
    Removing stm32f10x_tim.o(i.TIM_ARRPreloadConfig), (24 bytes).
    Removing stm32f10x_tim.o(i.TIM_BDTRConfig), (32 bytes).
    Removing stm32f10x_tim.o(i.TIM_BDTRStructInit), (18 bytes).
    Removing stm32f10x_tim.o(i.TIM_CCPreloadControl), (24 bytes).
    Removing stm32f10x_tim.o(i.TIM_CCxCmd), (30 bytes).
    Removing stm32f10x_tim.o(i.TIM_CCxNCmd), (30 bytes).
    Removing stm32f10x_tim.o(i.TIM_ClearOC1Ref), (18 bytes).
    Removing stm32f10x_tim.o(i.TIM_ClearOC2Ref), (24 bytes).
    Removing stm32f10x_tim.o(i.TIM_ClearOC3Ref), (18 bytes).
    Removing stm32f10x_tim.o(i.TIM_ClearOC4Ref), (24 bytes).
    Removing stm32f10x_tim.o(i.TIM_CounterModeConfig), (18 bytes).
    Removing stm32f10x_tim.o(i.TIM_CtrlPWMOutputs), (30 bytes).
    Removing stm32f10x_tim.o(i.TIM_DMACmd), (18 bytes).
    Removing stm32f10x_tim.o(i.TIM_DMAConfig), (10 bytes).
    Removing stm32f10x_tim.o(i.TIM_ETRClockMode1Config), (54 bytes).
    Removing stm32f10x_tim.o(i.TIM_ETRClockMode2Config), (32 bytes).
    Removing stm32f10x_tim.o(i.TIM_ETRConfig), (28 bytes).
    Removing stm32f10x_tim.o(i.TIM_EncoderInterfaceConfig), (66 bytes).
    Removing stm32f10x_tim.o(i.TIM_ForcedOC1Config), (18 bytes).
    Removing stm32f10x_tim.o(i.TIM_ForcedOC2Config), (26 bytes).
    Removing stm32f10x_tim.o(i.TIM_ForcedOC3Config), (18 bytes).
    Removing stm32f10x_tim.o(i.TIM_ForcedOC4Config), (26 bytes).
    Removing stm32f10x_tim.o(i.TIM_GenerateEvent), (4 bytes).
    Removing stm32f10x_tim.o(i.TIM_GetCapture1), (6 bytes).
    Removing stm32f10x_tim.o(i.TIM_GetCapture2), (6 bytes).
    Removing stm32f10x_tim.o(i.TIM_GetCapture3), (6 bytes).
    Removing stm32f10x_tim.o(i.TIM_GetCapture4), (8 bytes).
    Removing stm32f10x_tim.o(i.TIM_GetCounter), (6 bytes).
    Removing stm32f10x_tim.o(i.TIM_GetFlagStatus), (18 bytes).
    Removing stm32f10x_tim.o(i.TIM_GetPrescaler), (6 bytes).
    Removing stm32f10x_tim.o(i.TIM_ICInit), (172 bytes).
    Removing stm32f10x_tim.o(i.TIM_ICStructInit), (18 bytes).
    Removing stm32f10x_tim.o(i.TIM_ITRxExternalClockConfig), (24 bytes).
    Removing stm32f10x_tim.o(i.TIM_InternalClockConfig), (12 bytes).
    Removing stm32f10x_tim.o(i.TIM_OC1FastConfig), (18 bytes).
    Removing stm32f10x_tim.o(i.TIM_OC1Init), (152 bytes).
    Removing stm32f10x_tim.o(i.TIM_OC1NPolarityConfig), (18 bytes).
    Removing stm32f10x_tim.o(i.TIM_OC1PolarityConfig), (18 bytes).
    Removing stm32f10x_tim.o(i.TIM_OC1PreloadConfig), (18 bytes).
    Removing stm32f10x_tim.o(i.TIM_OC2FastConfig), (26 bytes).
    Removing stm32f10x_tim.o(i.TIM_OC2Init), (164 bytes).
    Removing stm32f10x_tim.o(i.TIM_OC2NPolarityConfig), (26 bytes).
    Removing stm32f10x_tim.o(i.TIM_OC2PolarityConfig), (26 bytes).
    Removing stm32f10x_tim.o(i.TIM_OC2PreloadConfig), (26 bytes).
    Removing stm32f10x_tim.o(i.TIM_OC3FastConfig), (18 bytes).
    Removing stm32f10x_tim.o(i.TIM_OC3Init), (160 bytes).
    Removing stm32f10x_tim.o(i.TIM_OC3NPolarityConfig), (26 bytes).
    Removing stm32f10x_tim.o(i.TIM_OC3PolarityConfig), (26 bytes).
    Removing stm32f10x_tim.o(i.TIM_OC3PreloadConfig), (18 bytes).
    Removing stm32f10x_tim.o(i.TIM_OC4FastConfig), (26 bytes).
    Removing stm32f10x_tim.o(i.TIM_OC4Init), (124 bytes).
    Removing stm32f10x_tim.o(i.TIM_OC4PolarityConfig), (26 bytes).
    Removing stm32f10x_tim.o(i.TIM_OC4PreloadConfig), (26 bytes).
    Removing stm32f10x_tim.o(i.TIM_OCStructInit), (20 bytes).
    Removing stm32f10x_tim.o(i.TIM_PWMIConfig), (124 bytes).
    Removing stm32f10x_tim.o(i.TIM_PrescalerConfig), (6 bytes).
    Removing stm32f10x_tim.o(i.TIM_SelectCCDMA), (24 bytes).
    Removing stm32f10x_tim.o(i.TIM_SelectCOM), (24 bytes).
    Removing stm32f10x_tim.o(i.TIM_SelectHallSensor), (24 bytes).
    Removing stm32f10x_tim.o(i.TIM_SelectInputTrigger), (18 bytes).
    Removing stm32f10x_tim.o(i.TIM_SelectMasterSlaveMode), (18 bytes).
    Removing stm32f10x_tim.o(i.TIM_SelectOCxM), (82 bytes).
    Removing stm32f10x_tim.o(i.TIM_SelectOnePulseMode), (18 bytes).
    Removing stm32f10x_tim.o(i.TIM_SelectOutputTrigger), (18 bytes).
    Removing stm32f10x_tim.o(i.TIM_SelectSlaveMode), (18 bytes).
    Removing stm32f10x_tim.o(i.TIM_SetAutoreload), (4 bytes).
    Removing stm32f10x_tim.o(i.TIM_SetClockDivision), (18 bytes).
    Removing stm32f10x_tim.o(i.TIM_SetCompare1), (4 bytes).
    Removing stm32f10x_tim.o(i.TIM_SetCompare2), (4 bytes).
    Removing stm32f10x_tim.o(i.TIM_SetCompare3), (4 bytes).
    Removing stm32f10x_tim.o(i.TIM_SetCompare4), (6 bytes).
    Removing stm32f10x_tim.o(i.TIM_SetCounter), (4 bytes).
    Removing stm32f10x_tim.o(i.TIM_SetIC1Prescaler), (18 bytes).
    Removing stm32f10x_tim.o(i.TIM_SetIC2Prescaler), (26 bytes).
    Removing stm32f10x_tim.o(i.TIM_SetIC3Prescaler), (18 bytes).
    Removing stm32f10x_tim.o(i.TIM_SetIC4Prescaler), (26 bytes).
    Removing stm32f10x_tim.o(i.TIM_TIxExternalClockConfig), (62 bytes).
    Removing stm32f10x_tim.o(i.TIM_TimeBaseStructInit), (18 bytes).
    Removing stm32f10x_tim.o(i.TIM_UpdateDisableConfig), (24 bytes).
    Removing stm32f10x_tim.o(i.TIM_UpdateRequestConfig), (24 bytes).
    Removing stm32f10x_usart.o(i.USART_ClearFlag), (18 bytes).
    Removing stm32f10x_usart.o(i.USART_ClockInit), (34 bytes).
    Removing stm32f10x_usart.o(i.USART_ClockStructInit), (12 bytes).
    Removing stm32f10x_usart.o(i.USART_DMACmd), (18 bytes).
    Removing stm32f10x_usart.o(i.USART_DeInit), (156 bytes).
    Removing stm32f10x_usart.o(i.USART_GetFlagStatus), (26 bytes).
    Removing stm32f10x_usart.o(i.USART_HalfDuplexCmd), (24 bytes).
    Removing stm32f10x_usart.o(i.USART_IrDACmd), (24 bytes).
    Removing stm32f10x_usart.o(i.USART_IrDAConfig), (18 bytes).
    Removing stm32f10x_usart.o(i.USART_LINBreakDetectLengthConfig), (18 bytes).
    Removing stm32f10x_usart.o(i.USART_LINCmd), (24 bytes).
    Removing stm32f10x_usart.o(i.USART_OneBitMethodCmd), (24 bytes).
    Removing stm32f10x_usart.o(i.USART_OverSampling8Cmd), (22 bytes).
    Removing stm32f10x_usart.o(i.USART_ReceiverWakeUpCmd), (24 bytes).
    Removing stm32f10x_usart.o(i.USART_SendBreak), (10 bytes).
    Removing stm32f10x_usart.o(i.USART_SendData), (8 bytes).
    Removing stm32f10x_usart.o(i.USART_SetAddress), (18 bytes).
    Removing stm32f10x_usart.o(i.USART_SetGuardTime), (16 bytes).
    Removing stm32f10x_usart.o(i.USART_SetPrescaler), (16 bytes).
    Removing stm32f10x_usart.o(i.USART_SmartCardCmd), (24 bytes).
    Removing stm32f10x_usart.o(i.USART_SmartCardNACKCmd), (24 bytes).
    Removing stm32f10x_usart.o(i.USART_StructInit), (24 bytes).
    Removing stm32f10x_usart.o(i.USART_WakeUpConfig), (18 bytes).
    Removing stm32f10x_wwdg.o(i.WWDG_ClearFlag), (12 bytes).
    Removing stm32f10x_wwdg.o(i.WWDG_DeInit), (22 bytes).
    Removing stm32f10x_wwdg.o(i.WWDG_Enable), (16 bytes).
    Removing stm32f10x_wwdg.o(i.WWDG_EnableIT), (12 bytes).
    Removing stm32f10x_wwdg.o(i.WWDG_GetFlagStatus), (12 bytes).
    Removing stm32f10x_wwdg.o(i.WWDG_SetCounter), (16 bytes).
    Removing stm32f10x_wwdg.o(i.WWDG_SetPrescaler), (24 bytes).
    Removing stm32f10x_wwdg.o(i.WWDG_SetWindowValue), (40 bytes).

464 unused section(s) (total 18378 bytes) removed from the image.

==============================================================================

Image Symbol Table

    Local Symbols

    Symbol Name                              Value     Ov Type        Size  Object(Section)

    ../clib/angel/boardlib.s                 0x00000000   Number         0  boardshut.o ABSOLUTE
    ../clib/angel/boardlib.s                 0x00000000   Number         0  boardinit3.o ABSOLUTE
    ../clib/angel/boardlib.s                 0x00000000   Number         0  boardinit2.o ABSOLUTE
    ../clib/angel/boardlib.s                 0x00000000   Number         0  boardinit1.o ABSOLUTE
    ../clib/angel/dczerorl2.s                0x00000000   Number         0  __dczerorl2.o ABSOLUTE
    ../clib/angel/handlers.s                 0x00000000   Number         0  __scatter_zi.o ABSOLUTE
    ../clib/angel/kernel.s                   0x00000000   Number         0  rtexit.o ABSOLUTE
    ../clib/angel/kernel.s                   0x00000000   Number         0  rtexit2.o ABSOLUTE
    ../clib/angel/kernel.s                   0x00000000   Number         0  __rtentry.o ABSOLUTE
    ../clib/angel/kernel.s                   0x00000000   Number         0  __rtentry2.o ABSOLUTE
    ../clib/angel/kernel.s                   0x00000000   Number         0  __rtentry4.o ABSOLUTE
    ../clib/angel/rt.s                       0x00000000   Number         0  rt_raise.o ABSOLUTE
    ../clib/angel/scatter.s                  0x00000000   Number         0  __scatter.o ABSOLUTE
    ../clib/angel/startup.s                  0x00000000   Number         0  __main.o ABSOLUTE
    ../clib/angel/sys.s                      0x00000000   Number         0  use_no_semi.o ABSOLUTE
    ../clib/angel/sys.s                      0x00000000   Number         0  indicate_semi.o ABSOLUTE
    ../clib/angel/sys.s                      0x00000000   Number         0  libspace.o ABSOLUTE
    ../clib/angel/sys.s                      0x00000000   Number         0  sys_stackheap_outer.o ABSOLUTE
    ../clib/angel/sysapp.c                   0x00000000   Number         0  sys_exit.o ABSOLUTE
    ../clib/angel/sysapp.c                   0x00000000   Number         0  sys_command.o ABSOLUTE
    ../clib/angel/sysapp.c                   0x00000000   Number         0  sys_wrch.o ABSOLUTE
    ../clib/armsys.c                         0x00000000   Number         0  _get_argv_nomalloc.o ABSOLUTE
    ../clib/armsys.c                         0x00000000   Number         0  no_argv.o ABSOLUTE
    ../clib/armsys.c                         0x00000000   Number         0  argv_veneer.o ABSOLUTE
    ../clib/armsys.c                         0x00000000   Number         0  argv_veneer.o ABSOLUTE
    ../clib/heapalloc.c                      0x00000000   Number         0  hrguard.o ABSOLUTE
    ../clib/heapaux.c                        0x00000000   Number         0  heapauxi.o ABSOLUTE
    ../clib/libinit.s                        0x00000000   Number         0  libshutdown.o ABSOLUTE
    ../clib/libinit.s                        0x00000000   Number         0  libinit2.o ABSOLUTE
    ../clib/libinit.s                        0x00000000   Number         0  libinit.o ABSOLUTE
    ../clib/libinit.s                        0x00000000   Number         0  libshutdown2.o ABSOLUTE
    ../clib/memcpset.s                       0x00000000   Number         0  rt_memcpy_w.o ABSOLUTE
    ../clib/memcpset.s                       0x00000000   Number         0  rt_memclr_w.o ABSOLUTE
    ../clib/memcpset.s                       0x00000000   Number         0  rt_memclr.o ABSOLUTE
    ../clib/signal.c                         0x00000000   Number         0  defsig_rtmem_formal.o ABSOLUTE
    ../clib/signal.c                         0x00000000   Number         0  defsig_rtmem_outer.o ABSOLUTE
    ../clib/signal.c                         0x00000000   Number         0  defsig_abrt_inner.o ABSOLUTE
    ../clib/signal.c                         0x00000000   Number         0  defsig_fpe_inner.o ABSOLUTE
    ../clib/signal.c                         0x00000000   Number         0  defsig_rtred_inner.o ABSOLUTE
    ../clib/signal.c                         0x00000000   Number         0  defsig_pvfn_inner.o ABSOLUTE
    ../clib/signal.c                         0x00000000   Number         0  defsig_cppl_inner.o ABSOLUTE
    ../clib/signal.c                         0x00000000   Number         0  defsig_segv_inner.o ABSOLUTE
    ../clib/signal.c                         0x00000000   Number         0  defsig_other.o ABSOLUTE
    ../clib/signal.c                         0x00000000   Number         0  defsig_stak_inner.o ABSOLUTE
    ../clib/signal.c                         0x00000000   Number         0  defsig_general.o ABSOLUTE
    ../clib/signal.c                         0x00000000   Number         0  defsig_exit.o ABSOLUTE
    ../clib/signal.c                         0x00000000   Number         0  defsig_rtmem_inner.o ABSOLUTE
    ../clib/signal.c                         0x00000000   Number         0  __raise.o ABSOLUTE
    ../clib/signal.s                         0x00000000   Number         0  defsig.o ABSOLUTE
    ../clib/stdlib.c                         0x00000000   Number         0  exit.o ABSOLUTE
    ../clib/string.c                         0x00000000   Number         0  memcmp.o ABSOLUTE
    ../fplib/fpinit.s                        0x00000000   Number         0  fpinit.o ABSOLUTE
    ..\\lib\\CORE\\core_cm3.c                0x00000000   Number         0  core_cm3.o ABSOLUTE
    ..\app\src\main.c                        0x00000000   Number         0  main.o ABSOLUTE
    ..\app\src\stm32f10x_it.c                0x00000000   Number         0  stm32f10x_it.o ABSOLUTE
    ..\app\src\system_stm32f10x.c            0x00000000   Number         0  system_stm32f10x.o ABSOLUTE
    ..\device\src\bsp_gpio.c                 0x00000000   Number         0  bsp_gpio.o ABSOLUTE
    ..\device\src\bsp_i2c.c                  0x00000000   Number         0  bsp_i2c.o ABSOLUTE
    ..\device\src\bsp_spi.c                  0x00000000   Number         0  bsp_spi.o ABSOLUTE
    ..\device\src\bsp_sys.c                  0x00000000   Number         0  bsp_sys.o ABSOLUTE
    ..\device\src\bsp_uart.c                 0x00000000   Number         0  bsp_uart.o ABSOLUTE
    ..\device\src\flash_if.c                 0x00000000   Number         0  flash_if.o ABSOLUTE
    ..\driver\src\font_table.c               0x00000000   Number         0  font_table.o ABSOLUTE
    ..\driver\src\key.c                      0x00000000   Number         0  key.o ABSOLUTE
    ..\driver\src\oled.c                     0x00000000   Number         0  oled.o ABSOLUTE
    ..\driver\src\sys.c                      0x00000000   Number         0  sys.o ABSOLUTE
    ..\driver\src\usart.c                    0x00000000   Number         0  usart.o ABSOLUTE
    ..\driver\src\wireless.c                 0x00000000   Number         0  wireless.o ABSOLUTE
    ..\lib\CORE\core_cm3.c                   0x00000000   Number         0  core_cm3.o ABSOLUTE
    ..\lib\CORE\startup_stm32f10x_md.s       0x00000000   Number         0  startup_stm32f10x_md.o ABSOLUTE
    ..\lib\STM32F10x_FWLib\src\misc.c        0x00000000   Number         0  misc.o ABSOLUTE
    ..\lib\STM32F10x_FWLib\src\stm32f10x_adc.c 0x00000000   Number         0  stm32f10x_adc.o ABSOLUTE
    ..\lib\STM32F10x_FWLib\src\stm32f10x_bkp.c 0x00000000   Number         0  stm32f10x_bkp.o ABSOLUTE
    ..\lib\STM32F10x_FWLib\src\stm32f10x_can.c 0x00000000   Number         0  stm32f10x_can.o ABSOLUTE
    ..\lib\STM32F10x_FWLib\src\stm32f10x_cec.c 0x00000000   Number         0  stm32f10x_cec.o ABSOLUTE
    ..\lib\STM32F10x_FWLib\src\stm32f10x_crc.c 0x00000000   Number         0  stm32f10x_crc.o ABSOLUTE
    ..\lib\STM32F10x_FWLib\src\stm32f10x_dac.c 0x00000000   Number         0  stm32f10x_dac.o ABSOLUTE
    ..\lib\STM32F10x_FWLib\src\stm32f10x_dbgmcu.c 0x00000000   Number         0  stm32f10x_dbgmcu.o ABSOLUTE
    ..\lib\STM32F10x_FWLib\src\stm32f10x_dma.c 0x00000000   Number         0  stm32f10x_dma.o ABSOLUTE
    ..\lib\STM32F10x_FWLib\src\stm32f10x_exti.c 0x00000000   Number         0  stm32f10x_exti.o ABSOLUTE
    ..\lib\STM32F10x_FWLib\src\stm32f10x_flash.c 0x00000000   Number         0  stm32f10x_flash.o ABSOLUTE
    ..\lib\STM32F10x_FWLib\src\stm32f10x_fsmc.c 0x00000000   Number         0  stm32f10x_fsmc.o ABSOLUTE
    ..\lib\STM32F10x_FWLib\src\stm32f10x_gpio.c 0x00000000   Number         0  stm32f10x_gpio.o ABSOLUTE
    ..\lib\STM32F10x_FWLib\src\stm32f10x_i2c.c 0x00000000   Number         0  stm32f10x_i2c.o ABSOLUTE
    ..\lib\STM32F10x_FWLib\src\stm32f10x_iwdg.c 0x00000000   Number         0  stm32f10x_iwdg.o ABSOLUTE
    ..\lib\STM32F10x_FWLib\src\stm32f10x_pwr.c 0x00000000   Number         0  stm32f10x_pwr.o ABSOLUTE
    ..\lib\STM32F10x_FWLib\src\stm32f10x_rcc.c 0x00000000   Number         0  stm32f10x_rcc.o ABSOLUTE
    ..\lib\STM32F10x_FWLib\src\stm32f10x_rtc.c 0x00000000   Number         0  stm32f10x_rtc.o ABSOLUTE
    ..\lib\STM32F10x_FWLib\src\stm32f10x_sdio.c 0x00000000   Number         0  stm32f10x_sdio.o ABSOLUTE
    ..\lib\STM32F10x_FWLib\src\stm32f10x_spi.c 0x00000000   Number         0  stm32f10x_spi.o ABSOLUTE
    ..\lib\STM32F10x_FWLib\src\stm32f10x_tim.c 0x00000000   Number         0  stm32f10x_tim.o ABSOLUTE
    ..\lib\STM32F10x_FWLib\src\stm32f10x_usart.c 0x00000000   Number         0  stm32f10x_usart.o ABSOLUTE
    ..\lib\STM32F10x_FWLib\src\stm32f10x_wwdg.c 0x00000000   Number         0  stm32f10x_wwdg.o ABSOLUTE
    dc.s                                     0x00000000   Number         0  dc.o ABSOLUTE
    RESET                                    0x08000000   Section      236  startup_stm32f10x_md.o(RESET)
    !!!main                                  0x080000ec   Section        8  __main.o(!!!main)
    !!!scatter                               0x080000f4   Section       52  __scatter.o(!!!scatter)
    !!dczerorl2                              0x08000128   Section       90  __dczerorl2.o(!!dczerorl2)
    !!handler_zi                             0x08000184   Section       28  __scatter_zi.o(!!handler_zi)
    .ARM.Collect$$libinit$$00000000          0x080001a0   Section        2  libinit.o(.ARM.Collect$$libinit$$00000000)
    .ARM.Collect$$libinit$$00000002          0x080001a2   Section        0  libinit2.o(.ARM.Collect$$libinit$$00000002)
    .ARM.Collect$$libinit$$00000004          0x080001a2   Section        0  libinit2.o(.ARM.Collect$$libinit$$00000004)
    .ARM.Collect$$libinit$$0000000A          0x080001a2   Section        0  libinit2.o(.ARM.Collect$$libinit$$0000000A)
    .ARM.Collect$$libinit$$0000000C          0x080001a2   Section        0  libinit2.o(.ARM.Collect$$libinit$$0000000C)
    .ARM.Collect$$libinit$$0000000E          0x080001a2   Section        0  libinit2.o(.ARM.Collect$$libinit$$0000000E)
    .ARM.Collect$$libinit$$00000011          0x080001a2   Section        0  libinit2.o(.ARM.Collect$$libinit$$00000011)
    .ARM.Collect$$libinit$$00000013          0x080001a2   Section        0  libinit2.o(.ARM.Collect$$libinit$$00000013)
    .ARM.Collect$$libinit$$00000015          0x080001a2   Section        0  libinit2.o(.ARM.Collect$$libinit$$00000015)
    .ARM.Collect$$libinit$$00000017          0x080001a2   Section        0  libinit2.o(.ARM.Collect$$libinit$$00000017)
    .ARM.Collect$$libinit$$00000019          0x080001a2   Section        0  libinit2.o(.ARM.Collect$$libinit$$00000019)
    .ARM.Collect$$libinit$$0000001B          0x080001a2   Section        0  libinit2.o(.ARM.Collect$$libinit$$0000001B)
    .ARM.Collect$$libinit$$0000001D          0x080001a2   Section        0  libinit2.o(.ARM.Collect$$libinit$$0000001D)
    .ARM.Collect$$libinit$$0000001F          0x080001a2   Section        0  libinit2.o(.ARM.Collect$$libinit$$0000001F)
    .ARM.Collect$$libinit$$00000021          0x080001a2   Section        0  libinit2.o(.ARM.Collect$$libinit$$00000021)
    .ARM.Collect$$libinit$$00000023          0x080001a2   Section        0  libinit2.o(.ARM.Collect$$libinit$$00000023)
    .ARM.Collect$$libinit$$00000025          0x080001a2   Section        0  libinit2.o(.ARM.Collect$$libinit$$00000025)
    .ARM.Collect$$libinit$$0000002C          0x080001a2   Section        0  libinit2.o(.ARM.Collect$$libinit$$0000002C)
    .ARM.Collect$$libinit$$0000002E          0x080001a2   Section        0  libinit2.o(.ARM.Collect$$libinit$$0000002E)
    .ARM.Collect$$libinit$$00000030          0x080001a2   Section        0  libinit2.o(.ARM.Collect$$libinit$$00000030)
    .ARM.Collect$$libinit$$00000032          0x080001a2   Section        0  libinit2.o(.ARM.Collect$$libinit$$00000032)
    .ARM.Collect$$libinit$$00000033          0x080001a2   Section        2  libinit2.o(.ARM.Collect$$libinit$$00000033)
    .ARM.Collect$$libshutdown$$00000000      0x080001a4   Section        2  libshutdown.o(.ARM.Collect$$libshutdown$$00000000)
    .ARM.Collect$$libshutdown$$00000002      0x080001a6   Section        0  libshutdown2.o(.ARM.Collect$$libshutdown$$00000002)
    .ARM.Collect$$libshutdown$$00000004      0x080001a6   Section        0  libshutdown2.o(.ARM.Collect$$libshutdown$$00000004)
    .ARM.Collect$$libshutdown$$00000006      0x080001a6   Section        0  libshutdown2.o(.ARM.Collect$$libshutdown$$00000006)
    .ARM.Collect$$libshutdown$$00000009      0x080001a6   Section        0  libshutdown2.o(.ARM.Collect$$libshutdown$$00000009)
    .ARM.Collect$$libshutdown$$0000000C      0x080001a6   Section        0  libshutdown2.o(.ARM.Collect$$libshutdown$$0000000C)
    .ARM.Collect$$libshutdown$$0000000E      0x080001a6   Section        0  libshutdown2.o(.ARM.Collect$$libshutdown$$0000000E)
    .ARM.Collect$$libshutdown$$00000011      0x080001a6   Section        0  libshutdown2.o(.ARM.Collect$$libshutdown$$00000011)
    .ARM.Collect$$libshutdown$$00000012      0x080001a6   Section        2  libshutdown2.o(.ARM.Collect$$libshutdown$$00000012)
    .ARM.Collect$$rtentry$$00000000          0x080001a8   Section        0  __rtentry.o(.ARM.Collect$$rtentry$$00000000)
    .ARM.Collect$$rtentry$$00000002          0x080001a8   Section        0  __rtentry2.o(.ARM.Collect$$rtentry$$00000002)
    .ARM.Collect$$rtentry$$00000004          0x080001a8   Section        6  __rtentry4.o(.ARM.Collect$$rtentry$$00000004)
    .ARM.Collect$$rtentry$$00000009          0x080001ae   Section        0  __rtentry2.o(.ARM.Collect$$rtentry$$00000009)
    .ARM.Collect$$rtentry$$0000000A          0x080001ae   Section        4  __rtentry2.o(.ARM.Collect$$rtentry$$0000000A)
    .ARM.Collect$$rtentry$$0000000C          0x080001b2   Section        0  __rtentry2.o(.ARM.Collect$$rtentry$$0000000C)
    .ARM.Collect$$rtentry$$0000000D          0x080001b2   Section        8  __rtentry2.o(.ARM.Collect$$rtentry$$0000000D)
    .ARM.Collect$$rtexit$$00000000           0x080001ba   Section        2  rtexit.o(.ARM.Collect$$rtexit$$00000000)
    .ARM.Collect$$rtexit$$00000002           0x080001bc   Section        0  rtexit2.o(.ARM.Collect$$rtexit$$00000002)
    .ARM.Collect$$rtexit$$00000003           0x080001bc   Section        4  rtexit2.o(.ARM.Collect$$rtexit$$00000003)
    .ARM.Collect$$rtexit$$00000004           0x080001c0   Section        6  rtexit2.o(.ARM.Collect$$rtexit$$00000004)
    .text                                    0x080001c8   Section       64  startup_stm32f10x_md.o(.text)
    .text                                    0x08000208   Section        0  memcmp.o(.text)
    .text                                    0x08000260   Section      100  rt_memcpy_w.o(.text)
    .text                                    0x080002c4   Section       68  rt_memclr.o(.text)
    .text                                    0x08000308   Section       78  rt_memclr_w.o(.text)
    .text                                    0x08000356   Section        0  heapauxi.o(.text)
    .text                                    0x0800035c   Section       74  sys_stackheap_outer.o(.text)
    .text                                    0x080003a6   Section        0  exit.o(.text)
    .text                                    0x080003b8   Section        8  libspace.o(.text)
    .text                                    0x080003c0   Section        0  sys_exit.o(.text)
    .text                                    0x080003cc   Section        2  use_no_semi.o(.text)
    .text                                    0x080003ce   Section        0  indicate_semi.o(.text)
    i.BusFault_Handler                       0x080003ce   Section        0  stm32f10x_it.o(i.BusFault_Handler)
    i.DebugMon_Handler                       0x080003d2   Section        0  stm32f10x_it.o(i.DebugMon_Handler)
    i.FLASH_ErasePage                        0x080003d4   Section        0  stm32f10x_flash.o(i.FLASH_ErasePage)
    i.FLASH_GetBank1Status                   0x08000420   Section        0  stm32f10x_flash.o(i.FLASH_GetBank1Status)
    i.FLASH_Lock                             0x08000454   Section        0  stm32f10x_flash.o(i.FLASH_Lock)
    i.FLASH_ProgramWord                      0x08000468   Section        0  stm32f10x_flash.o(i.FLASH_ProgramWord)
    i.FLASH_Unlock                           0x080004d4   Section        0  stm32f10x_flash.o(i.FLASH_Unlock)
    i.FLASH_WaitForLastOperation             0x080004ec   Section        0  stm32f10x_flash.o(i.FLASH_WaitForLastOperation)
    i.Flash_Read                             0x08000512   Section        0  flash_if.o(i.Flash_Read)
    i.Flash_Write                            0x0800053a   Section        0  flash_if.o(i.Flash_Write)
    i.GPIO_Init                              0x0800059e   Section        0  stm32f10x_gpio.o(i.GPIO_Init)
    i.GPIO_ReadInputDataBit                  0x080006b4   Section        0  stm32f10x_gpio.o(i.GPIO_ReadInputDataBit)
    i.GPIO_WriteBit                          0x080006c6   Section        0  stm32f10x_gpio.o(i.GPIO_WriteBit)
    i.HardFault_Handler                      0x080006d0   Section        0  stm32f10x_it.o(i.HardFault_Handler)
    i.IIC_Send_Byte                          0x080006d4   Section        0  bsp_i2c.o(i.IIC_Send_Byte)
    i.IIC_Start                              0x08000748   Section        0  bsp_i2c.o(i.IIC_Start)
    i.IIC_Stop                               0x0800077c   Section        0  bsp_i2c.o(i.IIC_Stop)
    i.IWDG_ReloadCounter                     0x080007ac   Section        0  stm32f10x_iwdg.o(i.IWDG_ReloadCounter)
    i.MemManage_Handler                      0x080007bc   Section        0  stm32f10x_it.o(i.MemManage_Handler)
    i.NMI_Handler                            0x080007c0   Section        0  stm32f10x_it.o(i.NMI_Handler)
    i.NVIC_Init                              0x080007c4   Section        0  misc.o(i.NVIC_Init)
    i.PendSV_Handler                         0x08000834   Section        0  stm32f10x_it.o(i.PendSV_Handler)
    i.RCC_APB1PeriphClockCmd                 0x08000838   Section        0  stm32f10x_rcc.o(i.RCC_APB1PeriphClockCmd)
    i.RCC_APB1PeriphResetCmd                 0x08000858   Section        0  stm32f10x_rcc.o(i.RCC_APB1PeriphResetCmd)
    i.RCC_APB2PeriphClockCmd                 0x08000878   Section        0  stm32f10x_rcc.o(i.RCC_APB2PeriphClockCmd)
    i.RCC_APB2PeriphResetCmd                 0x08000898   Section        0  stm32f10x_rcc.o(i.RCC_APB2PeriphResetCmd)
    i.RCC_GetClocksFreq                      0x080008b8   Section        0  stm32f10x_rcc.o(i.RCC_GetClocksFreq)
    i.SVC_Handler                            0x0800098c   Section        0  stm32f10x_it.o(i.SVC_Handler)
    i.SetSysClock                            0x0800098e   Section        0  system_stm32f10x.o(i.SetSysClock)
    SetSysClock                              0x0800098f   Thumb Code     8  system_stm32f10x.o(i.SetSysClock)
    i.SetSysClockTo72                        0x08000998   Section        0  system_stm32f10x.o(i.SetSysClockTo72)
    SetSysClockTo72                          0x08000999   Thumb Code   214  system_stm32f10x.o(i.SetSysClockTo72)
    i.SysTick_CLKSourceConfig                0x08000a78   Section        0  misc.o(i.SysTick_CLKSourceConfig)
    i.SysTick_Handler                        0x08000aa0   Section        0  stm32f10x_it.o(i.SysTick_Handler)
    i.SystemInit                             0x08000aa4   Section        0  system_stm32f10x.o(i.SystemInit)
    i.TIM3_IRQHandler                        0x08000b04   Section        0  sys.o(i.TIM3_IRQHandler)
    i.TIM_ClearFlag                          0x08000bf4   Section        0  stm32f10x_tim.o(i.TIM_ClearFlag)
    i.TIM_ClearITPendingBit                  0x08000bfa   Section        0  stm32f10x_tim.o(i.TIM_ClearITPendingBit)
    i.TIM_Cmd                                0x08000c00   Section        0  stm32f10x_tim.o(i.TIM_Cmd)
    i.TIM_DeInit                             0x08000c18   Section        0  stm32f10x_tim.o(i.TIM_DeInit)
    i.TIM_GetITStatus                        0x08000e00   Section        0  stm32f10x_tim.o(i.TIM_GetITStatus)
    i.TIM_ITConfig                           0x08000e22   Section        0  stm32f10x_tim.o(i.TIM_ITConfig)
    i.TIM_TimeBaseInit                       0x08000e34   Section        0  stm32f10x_tim.o(i.TIM_TimeBaseInit)
    i.USART1_IRQHandler                      0x08000ed8   Section        0  usart.o(i.USART1_IRQHandler)
    i.USART_ClearITPendingBit                0x080010d4   Section        0  stm32f10x_usart.o(i.USART_ClearITPendingBit)
    i.USART_Cmd                              0x080010f2   Section        0  stm32f10x_usart.o(i.USART_Cmd)
    i.USART_GetITStatus                      0x0800110a   Section        0  stm32f10x_usart.o(i.USART_GetITStatus)
    i.USART_ITConfig                         0x0800115e   Section        0  stm32f10x_usart.o(i.USART_ITConfig)
    i.USART_Init                             0x080011a8   Section        0  stm32f10x_usart.o(i.USART_Init)
    i.USART_ReceiveData                      0x08001280   Section        0  stm32f10x_usart.o(i.USART_ReceiveData)
    i.UsageFault_Handler                     0x0800128a   Section        0  stm32f10x_it.o(i.UsageFault_Handler)
    i.bsp_uart1_init                         0x08001290   Section        0  bsp_uart.o(i.bsp_uart1_init)
    i.clear_half_part                        0x08001334   Section        0  oled.o(i.clear_half_part)
    i.column_set                             0x08001384   Section        0  oled.o(i.column_set)
    i.delay_init                             0x0800139c   Section        0  sys.o(i.delay_init)
    i.delay_ms                               0x080013a8   Section        0  bsp_sys.o(i.delay_ms)
    i.delay_us                               0x080013f0   Section        0  bsp_sys.o(i.delay_us)
    i.disable_irq                            0x08001438   Section        0  sys.o(i.disable_irq)
    i.draw_fatory_confirm_page               0x0800143c   Section        0  oled.o(i.draw_fatory_confirm_page)
    i.draw_half_part                         0x0800148c   Section        0  oled.o(i.draw_half_part)
    i.draw_half_words                        0x08001504   Section        0  oled.o(i.draw_half_words)
    i.draw_main_page                         0x08001564   Section        0  oled.o(i.draw_main_page)
    i.draw_oled_param_page                   0x0800167c   Section        0  oled.o(i.draw_oled_param_page)
    i.draw_param_confirm_page                0x080017b8   Section        0  oled.o(i.draw_param_confirm_page)
    i.draw_part                              0x08001808   Section        0  oled.o(i.draw_part)
    i.draw_sensor_param_page                 0x08001884   Section        0  oled.o(i.draw_sensor_param_page)
    i.draw_set_page                          0x080019f0   Section        0  oled.o(i.draw_set_page)
    i.draw_vision_page                       0x08001ac8   Section        0  oled.o(i.draw_vision_page)
    i.draw_welcom_page                       0x08001b14   Section        0  oled.o(i.draw_welcom_page)
    i.draw_words                             0x08001b74   Section        0  oled.o(i.draw_words)
    i.enable_irq                             0x08001bd4   Section        0  sys.o(i.enable_irq)
    i.hal_i2c_init                           0x08001bd8   Section        0  bsp_i2c.o(i.hal_i2c_init)
    i.hal_key_init                           0x08001c30   Section        0  bsp_gpio.o(i.hal_key_init)
    i.hal_sys_tim_init                       0x08001cbc   Section        0  bsp_sys.o(i.hal_sys_tim_init)
    i.key_init                               0x08001d28   Section        0  key.o(i.key_init)
    i.key_scan                               0x08001d30   Section        0  key.o(i.key_scan)
    i.key_task                               0x08001ec4   Section        0  key.o(i.key_task)
    i.main                                   0x08002130   Section        0  main.o(i.main)
    i.nrf24l01_check                         0x08002170   Section        0  wireless.o(i.nrf24l01_check)
    i.nrf24l01_get_rxbuf                     0x080021f8   Section        0  wireless.o(i.nrf24l01_get_rxbuf)
    i.nrf24l01_get_value_flag                0x0800224c   Section        0  wireless.o(i.nrf24l01_get_value_flag)
    i.nrf24l01_read_buf                      0x0800225c   Section        0  wireless.o(i.nrf24l01_read_buf)
    i.nrf24l01_read_reg                      0x080022a4   Section        0  wireless.o(i.nrf24l01_read_reg)
    i.nrf24l01_rt_init                       0x080022d4   Section        0  wireless.o(i.nrf24l01_rt_init)
    i.nrf24l01_write_buf                     0x0800234c   Section        0  wireless.o(i.nrf24l01_write_buf)
    i.nrf24l01_write_reg                     0x08002394   Section        0  wireless.o(i.nrf24l01_write_reg)
    i.oled_clear                             0x080023c8   Section        0  oled.o(i.oled_clear)
    i.oled_init                              0x080023f8   Section        0  oled.o(i.oled_init)
    i.oled_send_cmd                          0x08002444   Section        0  oled.o(i.oled_send_cmd)
    i.oled_send_data                         0x0800246a   Section        0  oled.o(i.oled_send_data)
    i.oled_task                              0x08002490   Section        0  oled.o(i.oled_task)
    i.page_set                               0x080024c0   Section        0  oled.o(i.page_set)
    i.param_init                             0x080024d0   Section        0  sys.o(i.param_init)
    i.rec_sensor_data                        0x08002598   Section        0  usart.o(i.rec_sensor_data)
    i.spi_swapbyte                           0x080025b4   Section        0  wireless.o(i.spi_swapbyte)
    i.sys_task                               0x08002614   Section        0  sys.o(i.sys_task)
    i.sys_tim_init                           0x08002658   Section        0  sys.o(i.sys_tim_init)
    i.uart_init                              0x08002660   Section        0  usart.o(i.uart_init)
    i.val_to_str                             0x08002668   Section        0  oled.o(i.val_to_str)
    i.wireless_init                          0x080026f0   Section        0  wireless.o(i.wireless_init)
    i.wireless_pin_init                      0x08002708   Section        0  bsp_spi.o(i.wireless_pin_init)
    i.wireless_task                          0x080027b8   Section        0  wireless.o(i.wireless_task)
    .constdata                               0x08002814   Section       10  wireless.o(.constdata)
    .constdata                               0x0800281e   Section     2856  font_table.o(.constdata)
    .conststring                             0x08003348   Section      187  oled.o(.conststring)
    .data                                    0x20000000   Section       11  key.o(.data)
    TimeCnt                                  0x20000008   Data           1  key.o(.data)
    lock                                     0x20000009   Data           1  key.o(.data)
    key_bit                                  0x2000000a   Data           1  key.o(.data)
    .data                                    0x2000000b   Section        3  sys.o(.data)
    .data                                    0x20000010   Section      476  oled.o(.data)
    .data                                    0x200001ec   Section        9  usart.o(.data)
    rec_len                                  0x200001f3   Data           1  usart.o(.data)
    data_len                                 0x200001f4   Data           1  usart.o(.data)
    .data                                    0x200001f5   Section       36  wireless.o(.data)
    .data                                    0x20000219   Section       20  stm32f10x_rcc.o(.data)
    APBAHBPrescTable                         0x20000219   Data          16  stm32f10x_rcc.o(.data)
    ADCPrescTable                            0x20000229   Data           4  stm32f10x_rcc.o(.data)
    .bss                                     0x20000230   Section       34  sys.o(.bss)
    .bss                                     0x20000252   Section      100  usart.o(.bss)
    .bss                                     0x200002b6   Section       30  wireless.o(.bss)
    .bss                                     0x200002d4   Section       96  libspace.o(.bss)
    HEAP                                     0x20000338   Section      512  startup_stm32f10x_md.o(HEAP)
    Heap_Mem                                 0x20000338   Data         512  startup_stm32f10x_md.o(HEAP)
    STACK                                    0x20000538   Section     1024  startup_stm32f10x_md.o(STACK)
    Stack_Mem                                0x20000538   Data        1024  startup_stm32f10x_md.o(STACK)
    __initial_sp                             0x20000938   Data           0  startup_stm32f10x_md.o(STACK)

    Global Symbols

    Symbol Name                              Value     Ov Type        Size  Object(Section)

    BuildAttributes$$THM_ISAv4$P$D$K$B$S$PE$A:L22UL41UL21$X:L11$S22US41US21$IEEE1$IW$USESV6$~STKCKD$USESV7$~SHL$OSPACE$ROPI$EBA8$UX$STANDARDLIB$REQ8$PRES8$EABIv2 0x00000000   Number         0  anon$$obj.o ABSOLUTE
    __ARM_use_no_argv                        0x00000000   Number         0  main.o ABSOLUTE
    __ARM_exceptions_init                     - Undefined Weak Reference
    __alloca_initialize                       - Undefined Weak Reference
    __arm_fini_                               - Undefined Weak Reference
    __arm_preinit_                            - Undefined Weak Reference
    __cpp_initialize__aeabi_                  - Undefined Weak Reference
    __cxa_finalize                            - Undefined Weak Reference
    __rt_locale                               - Undefined Weak Reference
    __sigvec_lookup                           - Undefined Weak Reference
    _atexit_init                              - Undefined Weak Reference
    _call_atexit_fns                          - Undefined Weak Reference
    _clock_init                               - Undefined Weak Reference
    _fp_trap_init                             - Undefined Weak Reference
    _fp_trap_shutdown                         - Undefined Weak Reference
    _get_lc_collate                           - Undefined Weak Reference
    _get_lc_ctype                             - Undefined Weak Reference
    _get_lc_monetary                          - Undefined Weak Reference
    _get_lc_numeric                           - Undefined Weak Reference
    _get_lc_time                              - Undefined Weak Reference
    _getenv_init                              - Undefined Weak Reference
    _handle_redirection                       - Undefined Weak Reference
    _init_alloc                               - Undefined Weak Reference
    _init_user_alloc                          - Undefined Weak Reference
    _initio                                   - Undefined Weak Reference
    _rand_init                                - Undefined Weak Reference
    _signal_finish                            - Undefined Weak Reference
    _signal_init                              - Undefined Weak Reference
    _terminate_alloc                          - Undefined Weak Reference
    _terminate_user_alloc                     - Undefined Weak Reference
    _terminateio                              - Undefined Weak Reference
    __Vectors_Size                           0x000000ec   Number         0  startup_stm32f10x_md.o ABSOLUTE
    __Vectors                                0x08000000   Data           4  startup_stm32f10x_md.o(RESET)
    __Vectors_End                            0x080000ec   Data           0  startup_stm32f10x_md.o(RESET)
    __main                                   0x080000ed   Thumb Code     8  __main.o(!!!main)
    __scatterload                            0x080000f5   Thumb Code     0  __scatter.o(!!!scatter)
    __scatterload_rt2                        0x080000f5   Thumb Code    44  __scatter.o(!!!scatter)
    __scatterload_rt2_thumb_only             0x080000f5   Thumb Code     0  __scatter.o(!!!scatter)
    __scatterload_null                       0x08000103   Thumb Code     0  __scatter.o(!!!scatter)
    __decompress                             0x08000129   Thumb Code    90  __dczerorl2.o(!!dczerorl2)
    __decompress1                            0x08000129   Thumb Code     0  __dczerorl2.o(!!dczerorl2)
    __scatterload_zeroinit                   0x08000185   Thumb Code    28  __scatter_zi.o(!!handler_zi)
    __rt_lib_init                            0x080001a1   Thumb Code     0  libinit.o(.ARM.Collect$$libinit$$00000000)
    __rt_lib_init_alloca_1                   0x080001a3   Thumb Code     0  libinit2.o(.ARM.Collect$$libinit$$0000002E)
    __rt_lib_init_argv_1                     0x080001a3   Thumb Code     0  libinit2.o(.ARM.Collect$$libinit$$0000002C)
    __rt_lib_init_atexit_1                   0x080001a3   Thumb Code     0  libinit2.o(.ARM.Collect$$libinit$$0000001B)
    __rt_lib_init_clock_1                    0x080001a3   Thumb Code     0  libinit2.o(.ARM.Collect$$libinit$$00000021)
    __rt_lib_init_cpp_1                      0x080001a3   Thumb Code     0  libinit2.o(.ARM.Collect$$libinit$$00000032)
    __rt_lib_init_exceptions_1               0x080001a3   Thumb Code     0  libinit2.o(.ARM.Collect$$libinit$$00000030)
    __rt_lib_init_fp_1                       0x080001a3   Thumb Code     0  libinit2.o(.ARM.Collect$$libinit$$00000002)
    __rt_lib_init_fp_trap_1                  0x080001a3   Thumb Code     0  libinit2.o(.ARM.Collect$$libinit$$0000001F)
    __rt_lib_init_getenv_1                   0x080001a3   Thumb Code     0  libinit2.o(.ARM.Collect$$libinit$$00000023)
    __rt_lib_init_heap_1                     0x080001a3   Thumb Code     0  libinit2.o(.ARM.Collect$$libinit$$0000000A)
    __rt_lib_init_lc_collate_1               0x080001a3   Thumb Code     0  libinit2.o(.ARM.Collect$$libinit$$00000011)
    __rt_lib_init_lc_ctype_1                 0x080001a3   Thumb Code     0  libinit2.o(.ARM.Collect$$libinit$$00000013)
    __rt_lib_init_lc_monetary_1              0x080001a3   Thumb Code     0  libinit2.o(.ARM.Collect$$libinit$$00000015)
    __rt_lib_init_lc_numeric_1               0x080001a3   Thumb Code     0  libinit2.o(.ARM.Collect$$libinit$$00000017)
    __rt_lib_init_lc_time_1                  0x080001a3   Thumb Code     0  libinit2.o(.ARM.Collect$$libinit$$00000019)
    __rt_lib_init_preinit_1                  0x080001a3   Thumb Code     0  libinit2.o(.ARM.Collect$$libinit$$00000004)
    __rt_lib_init_rand_1                     0x080001a3   Thumb Code     0  libinit2.o(.ARM.Collect$$libinit$$0000000E)
    __rt_lib_init_return                     0x080001a3   Thumb Code     0  libinit2.o(.ARM.Collect$$libinit$$00000033)
    __rt_lib_init_signal_1                   0x080001a3   Thumb Code     0  libinit2.o(.ARM.Collect$$libinit$$0000001D)
    __rt_lib_init_stdio_1                    0x080001a3   Thumb Code     0  libinit2.o(.ARM.Collect$$libinit$$00000025)
    __rt_lib_init_user_alloc_1               0x080001a3   Thumb Code     0  libinit2.o(.ARM.Collect$$libinit$$0000000C)
    __rt_lib_shutdown                        0x080001a5   Thumb Code     0  libshutdown.o(.ARM.Collect$$libshutdown$$00000000)
    __rt_lib_shutdown_cpp_1                  0x080001a7   Thumb Code     0  libshutdown2.o(.ARM.Collect$$libshutdown$$00000004)
    __rt_lib_shutdown_fini_1                 0x080001a7   Thumb Code     0  libshutdown2.o(.ARM.Collect$$libshutdown$$00000002)
    __rt_lib_shutdown_fp_trap_1              0x080001a7   Thumb Code     0  libshutdown2.o(.ARM.Collect$$libshutdown$$00000009)
    __rt_lib_shutdown_heap_1                 0x080001a7   Thumb Code     0  libshutdown2.o(.ARM.Collect$$libshutdown$$00000011)
    __rt_lib_shutdown_return                 0x080001a7   Thumb Code     0  libshutdown2.o(.ARM.Collect$$libshutdown$$00000012)
    __rt_lib_shutdown_signal_1               0x080001a7   Thumb Code     0  libshutdown2.o(.ARM.Collect$$libshutdown$$0000000C)
    __rt_lib_shutdown_stdio_1                0x080001a7   Thumb Code     0  libshutdown2.o(.ARM.Collect$$libshutdown$$00000006)
    __rt_lib_shutdown_user_alloc_1           0x080001a7   Thumb Code     0  libshutdown2.o(.ARM.Collect$$libshutdown$$0000000E)
    __rt_entry                               0x080001a9   Thumb Code     0  __rtentry.o(.ARM.Collect$$rtentry$$00000000)
    __rt_entry_presh_1                       0x080001a9   Thumb Code     0  __rtentry2.o(.ARM.Collect$$rtentry$$00000002)
    __rt_entry_sh                            0x080001a9   Thumb Code     0  __rtentry4.o(.ARM.Collect$$rtentry$$00000004)
    __rt_entry_li                            0x080001af   Thumb Code     0  __rtentry2.o(.ARM.Collect$$rtentry$$0000000A)
    __rt_entry_postsh_1                      0x080001af   Thumb Code     0  __rtentry2.o(.ARM.Collect$$rtentry$$00000009)
    __rt_entry_main                          0x080001b3   Thumb Code     0  __rtentry2.o(.ARM.Collect$$rtentry$$0000000D)
    __rt_entry_postli_1                      0x080001b3   Thumb Code     0  __rtentry2.o(.ARM.Collect$$rtentry$$0000000C)
    __rt_exit                                0x080001bb   Thumb Code     0  rtexit.o(.ARM.Collect$$rtexit$$00000000)
    __rt_exit_ls                             0x080001bd   Thumb Code     0  rtexit2.o(.ARM.Collect$$rtexit$$00000003)
    __rt_exit_prels_1                        0x080001bd   Thumb Code     0  rtexit2.o(.ARM.Collect$$rtexit$$00000002)
    __rt_exit_exit                           0x080001c1   Thumb Code     0  rtexit2.o(.ARM.Collect$$rtexit$$00000004)
    Reset_Handler                            0x080001c9   Thumb Code     8  startup_stm32f10x_md.o(.text)
    ADC1_2_IRQHandler                        0x080001e3   Thumb Code     0  startup_stm32f10x_md.o(.text)
    CAN1_RX1_IRQHandler                      0x080001e3   Thumb Code     0  startup_stm32f10x_md.o(.text)
    CAN1_SCE_IRQHandler                      0x080001e3   Thumb Code     0  startup_stm32f10x_md.o(.text)
    DMA1_Channel1_IRQHandler                 0x080001e3   Thumb Code     0  startup_stm32f10x_md.o(.text)
    DMA1_Channel2_IRQHandler                 0x080001e3   Thumb Code     0  startup_stm32f10x_md.o(.text)
    DMA1_Channel3_IRQHandler                 0x080001e3   Thumb Code     0  startup_stm32f10x_md.o(.text)
    DMA1_Channel4_IRQHandler                 0x080001e3   Thumb Code     0  startup_stm32f10x_md.o(.text)
    DMA1_Channel5_IRQHandler                 0x080001e3   Thumb Code     0  startup_stm32f10x_md.o(.text)
    DMA1_Channel6_IRQHandler                 0x080001e3   Thumb Code     0  startup_stm32f10x_md.o(.text)
    DMA1_Channel7_IRQHandler                 0x080001e3   Thumb Code     0  startup_stm32f10x_md.o(.text)
    EXTI0_IRQHandler                         0x080001e3   Thumb Code     0  startup_stm32f10x_md.o(.text)
    EXTI15_10_IRQHandler                     0x080001e3   Thumb Code     0  startup_stm32f10x_md.o(.text)
    EXTI1_IRQHandler                         0x080001e3   Thumb Code     0  startup_stm32f10x_md.o(.text)
    EXTI2_IRQHandler                         0x080001e3   Thumb Code     0  startup_stm32f10x_md.o(.text)
    EXTI3_IRQHandler                         0x080001e3   Thumb Code     0  startup_stm32f10x_md.o(.text)
    EXTI4_IRQHandler                         0x080001e3   Thumb Code     0  startup_stm32f10x_md.o(.text)
    EXTI9_5_IRQHandler                       0x080001e3   Thumb Code     0  startup_stm32f10x_md.o(.text)
    FLASH_IRQHandler                         0x080001e3   Thumb Code     0  startup_stm32f10x_md.o(.text)
    I2C1_ER_IRQHandler                       0x080001e3   Thumb Code     0  startup_stm32f10x_md.o(.text)
    I2C1_EV_IRQHandler                       0x080001e3   Thumb Code     0  startup_stm32f10x_md.o(.text)
    I2C2_ER_IRQHandler                       0x080001e3   Thumb Code     0  startup_stm32f10x_md.o(.text)
    I2C2_EV_IRQHandler                       0x080001e3   Thumb Code     0  startup_stm32f10x_md.o(.text)
    PVD_IRQHandler                           0x080001e3   Thumb Code     0  startup_stm32f10x_md.o(.text)
    RCC_IRQHandler                           0x080001e3   Thumb Code     0  startup_stm32f10x_md.o(.text)
    RTCAlarm_IRQHandler                      0x080001e3   Thumb Code     0  startup_stm32f10x_md.o(.text)
    RTC_IRQHandler                           0x080001e3   Thumb Code     0  startup_stm32f10x_md.o(.text)
    SPI1_IRQHandler                          0x080001e3   Thumb Code     0  startup_stm32f10x_md.o(.text)
    SPI2_IRQHandler                          0x080001e3   Thumb Code     0  startup_stm32f10x_md.o(.text)
    TAMPER_IRQHandler                        0x080001e3   Thumb Code     0  startup_stm32f10x_md.o(.text)
    TIM1_BRK_IRQHandler                      0x080001e3   Thumb Code     0  startup_stm32f10x_md.o(.text)
    TIM1_CC_IRQHandler                       0x080001e3   Thumb Code     0  startup_stm32f10x_md.o(.text)
    TIM1_TRG_COM_IRQHandler                  0x080001e3   Thumb Code     0  startup_stm32f10x_md.o(.text)
    TIM1_UP_IRQHandler                       0x080001e3   Thumb Code     0  startup_stm32f10x_md.o(.text)
    TIM2_IRQHandler                          0x080001e3   Thumb Code     0  startup_stm32f10x_md.o(.text)
    TIM4_IRQHandler                          0x080001e3   Thumb Code     0  startup_stm32f10x_md.o(.text)
    USART2_IRQHandler                        0x080001e3   Thumb Code     0  startup_stm32f10x_md.o(.text)
    USART3_IRQHandler                        0x080001e3   Thumb Code     0  startup_stm32f10x_md.o(.text)
    USBWakeUp_IRQHandler                     0x080001e3   Thumb Code     0  startup_stm32f10x_md.o(.text)
    USB_HP_CAN1_TX_IRQHandler                0x080001e3   Thumb Code     0  startup_stm32f10x_md.o(.text)
    USB_LP_CAN1_RX0_IRQHandler               0x080001e3   Thumb Code     0  startup_stm32f10x_md.o(.text)
    WWDG_IRQHandler                          0x080001e3   Thumb Code     0  startup_stm32f10x_md.o(.text)
    __user_initial_stackheap                 0x080001e5   Thumb Code     0  startup_stm32f10x_md.o(.text)
    memcmp                                   0x08000209   Thumb Code    88  memcmp.o(.text)
    __aeabi_memcpy4                          0x08000261   Thumb Code     0  rt_memcpy_w.o(.text)
    __aeabi_memcpy8                          0x08000261   Thumb Code     0  rt_memcpy_w.o(.text)
    __rt_memcpy_w                            0x08000261   Thumb Code   100  rt_memcpy_w.o(.text)
    _memcpy_lastbytes_aligned                0x080002a9   Thumb Code     0  rt_memcpy_w.o(.text)
    __aeabi_memclr                           0x080002c5   Thumb Code     0  rt_memclr.o(.text)
    __rt_memclr                              0x080002c5   Thumb Code    68  rt_memclr.o(.text)
    _memset                                  0x080002c9   Thumb Code     0  rt_memclr.o(.text)
    __aeabi_memclr4                          0x08000309   Thumb Code     0  rt_memclr_w.o(.text)
    __aeabi_memclr8                          0x08000309   Thumb Code     0  rt_memclr_w.o(.text)
    __rt_memclr_w                            0x08000309   Thumb Code    78  rt_memclr_w.o(.text)
    _memset_w                                0x0800030d   Thumb Code     0  rt_memclr_w.o(.text)
    __use_two_region_memory                  0x08000357   Thumb Code     2  heapauxi.o(.text)
    __rt_heap_escrow$2region                 0x08000359   Thumb Code     2  heapauxi.o(.text)
    __rt_heap_expand$2region                 0x0800035b   Thumb Code     2  heapauxi.o(.text)
    __user_setup_stackheap                   0x0800035d   Thumb Code    74  sys_stackheap_outer.o(.text)
    exit                                     0x080003a7   Thumb Code    18  exit.o(.text)
    __user_libspace                          0x080003b9   Thumb Code     8  libspace.o(.text)
    __user_perproc_libspace                  0x080003b9   Thumb Code     0  libspace.o(.text)
    __user_perthread_libspace                0x080003b9   Thumb Code     0  libspace.o(.text)
    _sys_exit                                0x080003c1   Thumb Code     8  sys_exit.o(.text)
    __I$use$semihosting                      0x080003cd   Thumb Code     0  use_no_semi.o(.text)
    __use_no_semihosting_swi                 0x080003cd   Thumb Code     2  use_no_semi.o(.text)
    BusFault_Handler                         0x080003cf   Thumb Code     4  stm32f10x_it.o(i.BusFault_Handler)
    __semihosting_library_function           0x080003cf   Thumb Code     0  indicate_semi.o(.text)
    DebugMon_Handler                         0x080003d3   Thumb Code     2  stm32f10x_it.o(i.DebugMon_Handler)
    FLASH_ErasePage                          0x080003d5   Thumb Code    72  stm32f10x_flash.o(i.FLASH_ErasePage)
    FLASH_GetBank1Status                     0x08000421   Thumb Code    48  stm32f10x_flash.o(i.FLASH_GetBank1Status)
    FLASH_Lock                               0x08000455   Thumb Code    14  stm32f10x_flash.o(i.FLASH_Lock)
    FLASH_ProgramWord                        0x08000469   Thumb Code   102  stm32f10x_flash.o(i.FLASH_ProgramWord)
    FLASH_Unlock                             0x080004d5   Thumb Code    12  stm32f10x_flash.o(i.FLASH_Unlock)
    FLASH_WaitForLastOperation               0x080004ed   Thumb Code    38  stm32f10x_flash.o(i.FLASH_WaitForLastOperation)
    Flash_Read                               0x08000513   Thumb Code    40  flash_if.o(i.Flash_Read)
    Flash_Write                              0x0800053b   Thumb Code   100  flash_if.o(i.Flash_Write)
    GPIO_Init                                0x0800059f   Thumb Code   278  stm32f10x_gpio.o(i.GPIO_Init)
    GPIO_ReadInputDataBit                    0x080006b5   Thumb Code    18  stm32f10x_gpio.o(i.GPIO_ReadInputDataBit)
    GPIO_WriteBit                            0x080006c7   Thumb Code    10  stm32f10x_gpio.o(i.GPIO_WriteBit)
    HardFault_Handler                        0x080006d1   Thumb Code     4  stm32f10x_it.o(i.HardFault_Handler)
    IIC_Send_Byte                            0x080006d5   Thumb Code   108  bsp_i2c.o(i.IIC_Send_Byte)
    IIC_Start                                0x08000749   Thumb Code    42  bsp_i2c.o(i.IIC_Start)
    IIC_Stop                                 0x0800077d   Thumb Code    40  bsp_i2c.o(i.IIC_Stop)
    IWDG_ReloadCounter                       0x080007ad   Thumb Code    10  stm32f10x_iwdg.o(i.IWDG_ReloadCounter)
    MemManage_Handler                        0x080007bd   Thumb Code     4  stm32f10x_it.o(i.MemManage_Handler)
    NMI_Handler                              0x080007c1   Thumb Code     2  stm32f10x_it.o(i.NMI_Handler)
    NVIC_Init                                0x080007c5   Thumb Code   100  misc.o(i.NVIC_Init)
    PendSV_Handler                           0x08000835   Thumb Code     2  stm32f10x_it.o(i.PendSV_Handler)
    RCC_APB1PeriphClockCmd                   0x08000839   Thumb Code    26  stm32f10x_rcc.o(i.RCC_APB1PeriphClockCmd)
    RCC_APB1PeriphResetCmd                   0x08000859   Thumb Code    26  stm32f10x_rcc.o(i.RCC_APB1PeriphResetCmd)
    RCC_APB2PeriphClockCmd                   0x08000879   Thumb Code    26  stm32f10x_rcc.o(i.RCC_APB2PeriphClockCmd)
    RCC_APB2PeriphResetCmd                   0x08000899   Thumb Code    26  stm32f10x_rcc.o(i.RCC_APB2PeriphResetCmd)
    RCC_GetClocksFreq                        0x080008b9   Thumb Code   192  stm32f10x_rcc.o(i.RCC_GetClocksFreq)
    SVC_Handler                              0x0800098d   Thumb Code     2  stm32f10x_it.o(i.SVC_Handler)
    SysTick_CLKSourceConfig                  0x08000a79   Thumb Code    40  misc.o(i.SysTick_CLKSourceConfig)
    SysTick_Handler                          0x08000aa1   Thumb Code     2  stm32f10x_it.o(i.SysTick_Handler)
    SystemInit                               0x08000aa5   Thumb Code    78  system_stm32f10x.o(i.SystemInit)
    TIM3_IRQHandler                          0x08000b05   Thumb Code   220  sys.o(i.TIM3_IRQHandler)
    TIM_ClearFlag                            0x08000bf5   Thumb Code     6  stm32f10x_tim.o(i.TIM_ClearFlag)
    TIM_ClearITPendingBit                    0x08000bfb   Thumb Code     6  stm32f10x_tim.o(i.TIM_ClearITPendingBit)
    TIM_Cmd                                  0x08000c01   Thumb Code    24  stm32f10x_tim.o(i.TIM_Cmd)
    TIM_DeInit                               0x08000c19   Thumb Code   424  stm32f10x_tim.o(i.TIM_DeInit)
    TIM_GetITStatus                          0x08000e01   Thumb Code    34  stm32f10x_tim.o(i.TIM_GetITStatus)
    TIM_ITConfig                             0x08000e23   Thumb Code    18  stm32f10x_tim.o(i.TIM_ITConfig)
    TIM_TimeBaseInit                         0x08000e35   Thumb Code   122  stm32f10x_tim.o(i.TIM_TimeBaseInit)
    USART1_IRQHandler                        0x08000ed9   Thumb Code   478  usart.o(i.USART1_IRQHandler)
    USART_ClearITPendingBit                  0x080010d5   Thumb Code    30  stm32f10x_usart.o(i.USART_ClearITPendingBit)
    USART_Cmd                                0x080010f3   Thumb Code    24  stm32f10x_usart.o(i.USART_Cmd)
    USART_GetITStatus                        0x0800110b   Thumb Code    84  stm32f10x_usart.o(i.USART_GetITStatus)
    USART_ITConfig                           0x0800115f   Thumb Code    74  stm32f10x_usart.o(i.USART_ITConfig)
    USART_Init                               0x080011a9   Thumb Code   210  stm32f10x_usart.o(i.USART_Init)
    USART_ReceiveData                        0x08001281   Thumb Code    10  stm32f10x_usart.o(i.USART_ReceiveData)
    UsageFault_Handler                       0x0800128b   Thumb Code     4  stm32f10x_it.o(i.UsageFault_Handler)
    bsp_uart1_init                           0x08001291   Thumb Code   154  bsp_uart.o(i.bsp_uart1_init)
    clear_half_part                          0x08001335   Thumb Code    80  oled.o(i.clear_half_part)
    column_set                               0x08001385   Thumb Code    24  oled.o(i.column_set)
    delay_init                               0x0800139d   Thumb Code    12  sys.o(i.delay_init)
    delay_ms                                 0x080013a9   Thumb Code    72  bsp_sys.o(i.delay_ms)
    delay_us                                 0x080013f1   Thumb Code    72  bsp_sys.o(i.delay_us)
    disable_irq                              0x08001439   Thumb Code     4  sys.o(i.disable_irq)
    draw_fatory_confirm_page                 0x0800143d   Thumb Code    52  oled.o(i.draw_fatory_confirm_page)
    draw_half_part                           0x0800148d   Thumb Code   112  oled.o(i.draw_half_part)
    draw_half_words                          0x08001505   Thumb Code    96  oled.o(i.draw_half_words)
    draw_main_page                           0x08001565   Thumb Code   260  oled.o(i.draw_main_page)
    draw_oled_param_page                     0x0800167d   Thumb Code   286  oled.o(i.draw_oled_param_page)
    draw_param_confirm_page                  0x080017b9   Thumb Code    52  oled.o(i.draw_param_confirm_page)
    draw_part                                0x08001809   Thumb Code   116  oled.o(i.draw_part)
    draw_sensor_param_page                   0x08001885   Thumb Code   330  oled.o(i.draw_sensor_param_page)
    draw_set_page                            0x080019f1   Thumb Code   192  oled.o(i.draw_set_page)
    draw_vision_page                         0x08001ac9   Thumb Code    52  oled.o(i.draw_vision_page)
    draw_welcom_page                         0x08001b15   Thumb Code    82  oled.o(i.draw_welcom_page)
    draw_words                               0x08001b75   Thumb Code    96  oled.o(i.draw_words)
    enable_irq                               0x08001bd5   Thumb Code     4  sys.o(i.enable_irq)
    hal_i2c_init                             0x08001bd9   Thumb Code    76  bsp_i2c.o(i.hal_i2c_init)
    hal_key_init                             0x08001c31   Thumb Code   132  bsp_gpio.o(i.hal_key_init)
    hal_sys_tim_init                         0x08001cbd   Thumb Code   104  bsp_sys.o(i.hal_sys_tim_init)
    key_init                                 0x08001d29   Thumb Code     8  key.o(i.key_init)
    key_scan                                 0x08001d31   Thumb Code   378  key.o(i.key_scan)
    key_task                                 0x08001ec5   Thumb Code   562  key.o(i.key_task)
    main                                     0x08002131   Thumb Code    62  main.o(i.main)
    nrf24l01_check                           0x08002171   Thumb Code   124  wireless.o(i.nrf24l01_check)
    nrf24l01_get_rxbuf                       0x080021f9   Thumb Code    78  wireless.o(i.nrf24l01_get_rxbuf)
    nrf24l01_get_value_flag                  0x0800224d   Thumb Code    12  wireless.o(i.nrf24l01_get_value_flag)
    nrf24l01_read_buf                        0x0800225d   Thumb Code    66  wireless.o(i.nrf24l01_read_buf)
    nrf24l01_read_reg                        0x080022a5   Thumb Code    44  wireless.o(i.nrf24l01_read_reg)
    nrf24l01_rt_init                         0x080022d5   Thumb Code   108  wireless.o(i.nrf24l01_rt_init)
    nrf24l01_write_buf                       0x0800234d   Thumb Code    66  wireless.o(i.nrf24l01_write_buf)
    nrf24l01_write_reg                       0x08002395   Thumb Code    46  wireless.o(i.nrf24l01_write_reg)
    oled_clear                               0x080023c9   Thumb Code    46  oled.o(i.oled_clear)
    oled_init                                0x080023f9   Thumb Code    46  oled.o(i.oled_init)
    oled_send_cmd                            0x08002445   Thumb Code    38  oled.o(i.oled_send_cmd)
    oled_send_data                           0x0800246b   Thumb Code    38  oled.o(i.oled_send_data)
    oled_task                                0x08002491   Thumb Code    34  oled.o(i.oled_task)
    page_set                                 0x080024c1   Thumb Code    16  oled.o(i.page_set)
    param_init                               0x080024d1   Thumb Code   162  sys.o(i.param_init)
    rec_sensor_data                          0x08002599   Thumb Code    24  usart.o(i.rec_sensor_data)
    spi_swapbyte                             0x080025b5   Thumb Code    90  wireless.o(i.spi_swapbyte)
    sys_task                                 0x08002615   Thumb Code    54  sys.o(i.sys_task)
    sys_tim_init                             0x08002659   Thumb Code     8  sys.o(i.sys_tim_init)
    uart_init                                0x08002661   Thumb Code     8  usart.o(i.uart_init)
    val_to_str                               0x08002669   Thumb Code   132  oled.o(i.val_to_str)
    wireless_init                            0x080026f1   Thumb Code    22  wireless.o(i.wireless_init)
    wireless_pin_init                        0x08002709   Thumb Code   170  bsp_spi.o(i.wireless_pin_init)
    wireless_task                            0x080027b9   Thumb Code    66  wireless.o(i.wireless_task)
    TX_ADDRESS                               0x08002814   Data           5  wireless.o(.constdata)
    RX_ADDRESS                               0x08002819   Data           5  wireless.o(.constdata)
    gbk_size_8x16_code                       0x0800281e   Data         100  font_table.o(.constdata)
    font_size_8x16                           0x08002882   Data        1056  font_table.o(.constdata)
    gbk_code                                 0x08002ca2   Data         100  font_table.o(.constdata)
    font_size_16x16                          0x08002d06   Data        1600  font_table.o(.constdata)
    Region$$Table$$Base                      0x08003404   Number         0  anon$$obj.o(Region$$Table)
    Region$$Table$$Limit                     0x08003424   Number         0  anon$$obj.o(Region$$Table)
    g_key_state                              0x20000000   Data           1  key.o(.data)
    g_key_action_flag                        0x20000001   Data           1  key.o(.data)
    current_index                            0x20000002   Data           1  key.o(.data)
    key_on                                   0x20000003   Data           1  key.o(.data)
    add_flag                                 0x20000004   Data           1  key.o(.data)
    g_oled_close_time                        0x20000006   Data           2  key.o(.data)
    g_dim_param                              0x2000000b   Data           2  sys.o(.data)
    poweron_flag                             0x2000000d   Data           1  sys.o(.data)
    distance                                 0x20000010   Data           1  oled.o(.data)
    sensitivity                              0x20000011   Data           1  oled.o(.data)
    transmitted_power                        0x20000012   Data           1  oled.o(.data)
    oled_light                               0x20000013   Data           1  oled.o(.data)
    oled_close_time                          0x20000014   Data           2  oled.o(.data)
    pre_index                                0x20000016   Data           1  oled.o(.data)
    welcome_page_op                          0x20000018   Data          32  oled.o(.data)
    main_page_op                             0x20000038   Data          48  oled.o(.data)
    set_page1_op                             0x20000068   Data          48  oled.o(.data)
    set_page2_op                             0x20000098   Data          16  oled.o(.data)
    sensor_param_page_op                     0x200000a8   Data          48  oled.o(.data)
    oled_param_page_op                       0x200000d8   Data          32  oled.o(.data)
    param_word_op                            0x200000f8   Data          64  oled.o(.data)
    table_op                                 0x20000138   Data         180  oled.o(.data)
    rec_step                                 0x200001ec   Data           1  usart.o(.data)
    rec_counter                              0x200001ed   Data           1  usart.o(.data)
    key_statue                               0x200001ee   Data           1  usart.o(.data)
    frame_head                               0x200001ef   Data           2  usart.o(.data)
    frame_tail                               0x200001f1   Data           2  usart.o(.data)
    test_buf                                 0x200001f5   Data          32  wireless.o(.data)
    wireless_head                            0x20000215   Data           2  wireless.o(.data)
    wireless_tail                            0x20000217   Data           2  wireless.o(.data)
    sys_tim_param                            0x20000230   Data          24  sys.o(.bss)
    flash_data                               0x20000248   Data          10  sys.o(.bss)
    r_data                                   0x20000252   Data          50  usart.o(.bss)
    rec_buf                                  0x20000284   Data          50  usart.o(.bss)
    test_get_buf                             0x200002b6   Data          30  wireless.o(.bss)
    __libspace_start                         0x200002d4   Data          96  libspace.o(.bss)
    __temporary_stack_top$libspace           0x20000334   Data           0  libspace.o(.bss)



==============================================================================

Memory Map of the image

  Image Entry point : 0x080000ed

  Load Region LR_IROM1 (Base: 0x08000000, Size: 0x00003654, Max: 0x00010000, ABSOLUTE, COMPRESSED[0x00003528])

    Execution Region ER_IROM1 (Exec base: 0x08000000, Load base: 0x08000000, Size: 0x00003424, Max: 0x00010000, ABSOLUTE)

    Exec Addr    Load Addr    Size         Type   Attr      Idx    E Section Name        Object

    0x08000000   0x08000000   0x000000ec   Data   RO         3810    RESET               startup_stm32f10x_md.o
    0x080000ec   0x080000ec   0x00000008   Code   RO         3827  * !!!main             c_w.l(__main.o)
    0x080000f4   0x080000f4   0x00000034   Code   RO         3988    !!!scatter          c_w.l(__scatter.o)
    0x08000128   0x08000128   0x0000005a   Code   RO         3986    !!dczerorl2         c_w.l(__dczerorl2.o)
    0x08000182   0x08000182   0x00000002   PAD
    0x08000184   0x08000184   0x0000001c   Code   RO         3990    !!handler_zi        c_w.l(__scatter_zi.o)
    0x080001a0   0x080001a0   0x00000002   Code   RO         3854    .ARM.Collect$$libinit$$00000000  c_w.l(libinit.o)
    0x080001a2   0x080001a2   0x00000000   Code   RO         3861    .ARM.Collect$$libinit$$00000002  c_w.l(libinit2.o)
    0x080001a2   0x080001a2   0x00000000   Code   RO         3863    .ARM.Collect$$libinit$$00000004  c_w.l(libinit2.o)
    0x080001a2   0x080001a2   0x00000000   Code   RO         3866    .ARM.Collect$$libinit$$0000000A  c_w.l(libinit2.o)
    0x080001a2   0x080001a2   0x00000000   Code   RO         3868    .ARM.Collect$$libinit$$0000000C  c_w.l(libinit2.o)
    0x080001a2   0x080001a2   0x00000000   Code   RO         3870    .ARM.Collect$$libinit$$0000000E  c_w.l(libinit2.o)
    0x080001a2   0x080001a2   0x00000000   Code   RO         3873    .ARM.Collect$$libinit$$00000011  c_w.l(libinit2.o)
    0x080001a2   0x080001a2   0x00000000   Code   RO         3875    .ARM.Collect$$libinit$$00000013  c_w.l(libinit2.o)
    0x080001a2   0x080001a2   0x00000000   Code   RO         3877    .ARM.Collect$$libinit$$00000015  c_w.l(libinit2.o)
    0x080001a2   0x080001a2   0x00000000   Code   RO         3879    .ARM.Collect$$libinit$$00000017  c_w.l(libinit2.o)
    0x080001a2   0x080001a2   0x00000000   Code   RO         3881    .ARM.Collect$$libinit$$00000019  c_w.l(libinit2.o)
    0x080001a2   0x080001a2   0x00000000   Code   RO         3883    .ARM.Collect$$libinit$$0000001B  c_w.l(libinit2.o)
    0x080001a2   0x080001a2   0x00000000   Code   RO         3885    .ARM.Collect$$libinit$$0000001D  c_w.l(libinit2.o)
    0x080001a2   0x080001a2   0x00000000   Code   RO         3887    .ARM.Collect$$libinit$$0000001F  c_w.l(libinit2.o)
    0x080001a2   0x080001a2   0x00000000   Code   RO         3889    .ARM.Collect$$libinit$$00000021  c_w.l(libinit2.o)
    0x080001a2   0x080001a2   0x00000000   Code   RO         3891    .ARM.Collect$$libinit$$00000023  c_w.l(libinit2.o)
    0x080001a2   0x080001a2   0x00000000   Code   RO         3893    .ARM.Collect$$libinit$$00000025  c_w.l(libinit2.o)
    0x080001a2   0x080001a2   0x00000000   Code   RO         3897    .ARM.Collect$$libinit$$0000002C  c_w.l(libinit2.o)
    0x080001a2   0x080001a2   0x00000000   Code   RO         3899    .ARM.Collect$$libinit$$0000002E  c_w.l(libinit2.o)
    0x080001a2   0x080001a2   0x00000000   Code   RO         3901    .ARM.Collect$$libinit$$00000030  c_w.l(libinit2.o)
    0x080001a2   0x080001a2   0x00000000   Code   RO         3903    .ARM.Collect$$libinit$$00000032  c_w.l(libinit2.o)
    0x080001a2   0x080001a2   0x00000002   Code   RO         3904    .ARM.Collect$$libinit$$00000033  c_w.l(libinit2.o)
    0x080001a4   0x080001a4   0x00000002   Code   RO         3924    .ARM.Collect$$libshutdown$$00000000  c_w.l(libshutdown.o)
    0x080001a6   0x080001a6   0x00000000   Code   RO         3937    .ARM.Collect$$libshutdown$$00000002  c_w.l(libshutdown2.o)
    0x080001a6   0x080001a6   0x00000000   Code   RO         3939    .ARM.Collect$$libshutdown$$00000004  c_w.l(libshutdown2.o)
    0x080001a6   0x080001a6   0x00000000   Code   RO         3941    .ARM.Collect$$libshutdown$$00000006  c_w.l(libshutdown2.o)
    0x080001a6   0x080001a6   0x00000000   Code   RO         3944    .ARM.Collect$$libshutdown$$00000009  c_w.l(libshutdown2.o)
    0x080001a6   0x080001a6   0x00000000   Code   RO         3947    .ARM.Collect$$libshutdown$$0000000C  c_w.l(libshutdown2.o)
    0x080001a6   0x080001a6   0x00000000   Code   RO         3949    .ARM.Collect$$libshutdown$$0000000E  c_w.l(libshutdown2.o)
    0x080001a6   0x080001a6   0x00000000   Code   RO         3952    .ARM.Collect$$libshutdown$$00000011  c_w.l(libshutdown2.o)
    0x080001a6   0x080001a6   0x00000002   Code   RO         3953    .ARM.Collect$$libshutdown$$00000012  c_w.l(libshutdown2.o)
    0x080001a8   0x080001a8   0x00000000   Code   RO         3829    .ARM.Collect$$rtentry$$00000000  c_w.l(__rtentry.o)
    0x080001a8   0x080001a8   0x00000000   Code   RO         3831    .ARM.Collect$$rtentry$$00000002  c_w.l(__rtentry2.o)
    0x080001a8   0x080001a8   0x00000006   Code   RO         3843    .ARM.Collect$$rtentry$$00000004  c_w.l(__rtentry4.o)
    0x080001ae   0x080001ae   0x00000000   Code   RO         3833    .ARM.Collect$$rtentry$$00000009  c_w.l(__rtentry2.o)
    0x080001ae   0x080001ae   0x00000004   Code   RO         3834    .ARM.Collect$$rtentry$$0000000A  c_w.l(__rtentry2.o)
    0x080001b2   0x080001b2   0x00000000   Code   RO         3836    .ARM.Collect$$rtentry$$0000000C  c_w.l(__rtentry2.o)
    0x080001b2   0x080001b2   0x00000008   Code   RO         3837    .ARM.Collect$$rtentry$$0000000D  c_w.l(__rtentry2.o)
    0x080001ba   0x080001ba   0x00000002   Code   RO         3858    .ARM.Collect$$rtexit$$00000000  c_w.l(rtexit.o)
    0x080001bc   0x080001bc   0x00000000   Code   RO         3906    .ARM.Collect$$rtexit$$00000002  c_w.l(rtexit2.o)
    0x080001bc   0x080001bc   0x00000004   Code   RO         3907    .ARM.Collect$$rtexit$$00000003  c_w.l(rtexit2.o)
    0x080001c0   0x080001c0   0x00000006   Code   RO         3908    .ARM.Collect$$rtexit$$00000004  c_w.l(rtexit2.o)
    0x080001c6   0x080001c6   0x00000002   PAD
    0x080001c8   0x080001c8   0x00000040   Code   RO         3811    .text               startup_stm32f10x_md.o
    0x08000208   0x08000208   0x00000058   Code   RO         3817    .text               c_w.l(memcmp.o)
    0x08000260   0x08000260   0x00000064   Code   RO         3819    .text               c_w.l(rt_memcpy_w.o)
    0x080002c4   0x080002c4   0x00000044   Code   RO         3821    .text               c_w.l(rt_memclr.o)
    0x08000308   0x08000308   0x0000004e   Code   RO         3823    .text               c_w.l(rt_memclr_w.o)
    0x08000356   0x08000356   0x00000006   Code   RO         3825    .text               c_w.l(heapauxi.o)
    0x0800035c   0x0800035c   0x0000004a   Code   RO         3845    .text               c_w.l(sys_stackheap_outer.o)
    0x080003a6   0x080003a6   0x00000012   Code   RO         3847    .text               c_w.l(exit.o)
    0x080003b8   0x080003b8   0x00000008   Code   RO         3855    .text               c_w.l(libspace.o)
    0x080003c0   0x080003c0   0x0000000c   Code   RO         3916    .text               c_w.l(sys_exit.o)
    0x080003cc   0x080003cc   0x00000002   Code   RO         3927    .text               c_w.l(use_no_semi.o)
    0x080003ce   0x080003ce   0x00000000   Code   RO         3929    .text               c_w.l(indicate_semi.o)
    0x080003ce   0x080003ce   0x00000004   Code   RO          156    i.BusFault_Handler  stm32f10x_it.o
    0x080003d2   0x080003d2   0x00000002   Code   RO          157    i.DebugMon_Handler  stm32f10x_it.o
    0x080003d4   0x080003d4   0x0000004c   Code   RO         1697    i.FLASH_ErasePage   stm32f10x_flash.o
    0x08000420   0x08000420   0x00000034   Code   RO         1698    i.FLASH_GetBank1Status  stm32f10x_flash.o
    0x08000454   0x08000454   0x00000014   Code   RO         1707    i.FLASH_Lock        stm32f10x_flash.o
    0x08000468   0x08000468   0x0000006c   Code   RO         1712    i.FLASH_ProgramWord  stm32f10x_flash.o
    0x080004d4   0x080004d4   0x00000018   Code   RO         1715    i.FLASH_Unlock      stm32f10x_flash.o
    0x080004ec   0x080004ec   0x00000026   Code   RO         1719    i.FLASH_WaitForLastOperation  stm32f10x_flash.o
    0x08000512   0x08000512   0x00000028   Code   RO          381    i.Flash_Read        flash_if.o
    0x0800053a   0x0800053a   0x00000064   Code   RO          382    i.Flash_Write       flash_if.o
    0x0800059e   0x0800059e   0x00000116   Code   RO         1992    i.GPIO_Init         stm32f10x_gpio.o
    0x080006b4   0x080006b4   0x00000012   Code   RO         1996    i.GPIO_ReadInputDataBit  stm32f10x_gpio.o
    0x080006c6   0x080006c6   0x0000000a   Code   RO         2003    i.GPIO_WriteBit     stm32f10x_gpio.o
    0x080006d0   0x080006d0   0x00000004   Code   RO          158    i.HardFault_Handler  stm32f10x_it.o
    0x080006d4   0x080006d4   0x00000074   Code   RO          276    i.IIC_Send_Byte     bsp_i2c.o
    0x08000748   0x08000748   0x00000034   Code   RO          277    i.IIC_Start         bsp_i2c.o
    0x0800077c   0x0800077c   0x00000030   Code   RO          278    i.IIC_Stop          bsp_i2c.o
    0x080007ac   0x080007ac   0x00000010   Code   RO         2306    i.IWDG_ReloadCounter  stm32f10x_iwdg.o
    0x080007bc   0x080007bc   0x00000004   Code   RO          159    i.MemManage_Handler  stm32f10x_it.o
    0x080007c0   0x080007c0   0x00000002   Code   RO          160    i.NMI_Handler       stm32f10x_it.o
    0x080007c2   0x080007c2   0x00000002   PAD
    0x080007c4   0x080007c4   0x00000070   Code   RO          841    i.NVIC_Init         misc.o
    0x08000834   0x08000834   0x00000002   Code   RO          161    i.PendSV_Handler    stm32f10x_it.o
    0x08000836   0x08000836   0x00000002   PAD
    0x08000838   0x08000838   0x00000020   Code   RO         2408    i.RCC_APB1PeriphClockCmd  stm32f10x_rcc.o
    0x08000858   0x08000858   0x00000020   Code   RO         2409    i.RCC_APB1PeriphResetCmd  stm32f10x_rcc.o
    0x08000878   0x08000878   0x00000020   Code   RO         2410    i.RCC_APB2PeriphClockCmd  stm32f10x_rcc.o
    0x08000898   0x08000898   0x00000020   Code   RO         2411    i.RCC_APB2PeriphResetCmd  stm32f10x_rcc.o
    0x080008b8   0x080008b8   0x000000d4   Code   RO         2418    i.RCC_GetClocksFreq  stm32f10x_rcc.o
    0x0800098c   0x0800098c   0x00000002   Code   RO          162    i.SVC_Handler       stm32f10x_it.o
    0x0800098e   0x0800098e   0x00000008   Code   RO          216    i.SetSysClock       system_stm32f10x.o
    0x08000996   0x08000996   0x00000002   PAD
    0x08000998   0x08000998   0x000000e0   Code   RO          217    i.SetSysClockTo72   system_stm32f10x.o
    0x08000a78   0x08000a78   0x00000028   Code   RO          845    i.SysTick_CLKSourceConfig  misc.o
    0x08000aa0   0x08000aa0   0x00000002   Code   RO          163    i.SysTick_Handler   stm32f10x_it.o
    0x08000aa2   0x08000aa2   0x00000002   PAD
    0x08000aa4   0x08000aa4   0x00000060   Code   RO          219    i.SystemInit        system_stm32f10x.o
    0x08000b04   0x08000b04   0x000000f0   Code   RO          459    i.TIM3_IRQHandler   sys.o
    0x08000bf4   0x08000bf4   0x00000006   Code   RO         3036    i.TIM_ClearFlag     stm32f10x_tim.o
    0x08000bfa   0x08000bfa   0x00000006   Code   RO         3037    i.TIM_ClearITPendingBit  stm32f10x_tim.o
    0x08000c00   0x08000c00   0x00000018   Code   RO         3042    i.TIM_Cmd           stm32f10x_tim.o
    0x08000c18   0x08000c18   0x000001e8   Code   RO         3047    i.TIM_DeInit        stm32f10x_tim.o
    0x08000e00   0x08000e00   0x00000022   Code   RO         3063    i.TIM_GetITStatus   stm32f10x_tim.o
    0x08000e22   0x08000e22   0x00000012   Code   RO         3067    i.TIM_ITConfig      stm32f10x_tim.o
    0x08000e34   0x08000e34   0x000000a4   Code   RO         3113    i.TIM_TimeBaseInit  stm32f10x_tim.o
    0x08000ed8   0x08000ed8   0x000001fc   Code   RO          666    i.USART1_IRQHandler  usart.o
    0x080010d4   0x080010d4   0x0000001e   Code   RO         3575    i.USART_ClearITPendingBit  stm32f10x_usart.o
    0x080010f2   0x080010f2   0x00000018   Code   RO         3578    i.USART_Cmd         stm32f10x_usart.o
    0x0800110a   0x0800110a   0x00000054   Code   RO         3582    i.USART_GetITStatus  stm32f10x_usart.o
    0x0800115e   0x0800115e   0x0000004a   Code   RO         3584    i.USART_ITConfig    stm32f10x_usart.o
    0x080011a8   0x080011a8   0x000000d8   Code   RO         3585    i.USART_Init        stm32f10x_usart.o
    0x08001280   0x08001280   0x0000000a   Code   RO         3592    i.USART_ReceiveData  stm32f10x_usart.o
    0x0800128a   0x0800128a   0x00000004   Code   RO          164    i.UsageFault_Handler  stm32f10x_it.o
    0x0800128e   0x0800128e   0x00000002   PAD
    0x08001290   0x08001290   0x000000a4   Code   RO          346    i.bsp_uart1_init    bsp_uart.o
    0x08001334   0x08001334   0x00000050   Code   RO          520    i.clear_half_part   oled.o
    0x08001384   0x08001384   0x00000018   Code   RO          522    i.column_set        oled.o
    0x0800139c   0x0800139c   0x0000000c   Code   RO          460    i.delay_init        sys.o
    0x080013a8   0x080013a8   0x00000048   Code   RO          322    i.delay_ms          bsp_sys.o
    0x080013f0   0x080013f0   0x00000048   Code   RO          323    i.delay_us          bsp_sys.o
    0x08001438   0x08001438   0x00000004   Code   RO          461    i.disable_irq       sys.o
    0x0800143c   0x0800143c   0x00000050   Code   RO          523    i.draw_fatory_confirm_page  oled.o
    0x0800148c   0x0800148c   0x00000078   Code   RO          524    i.draw_half_part    oled.o
    0x08001504   0x08001504   0x00000060   Code   RO          525    i.draw_half_words   oled.o
    0x08001564   0x08001564   0x00000118   Code   RO          526    i.draw_main_page    oled.o
    0x0800167c   0x0800167c   0x0000013c   Code   RO          527    i.draw_oled_param_page  oled.o
    0x080017b8   0x080017b8   0x00000050   Code   RO          528    i.draw_param_confirm_page  oled.o
    0x08001808   0x08001808   0x0000007c   Code   RO          529    i.draw_part         oled.o
    0x08001884   0x08001884   0x0000016c   Code   RO          530    i.draw_sensor_param_page  oled.o
    0x080019f0   0x080019f0   0x000000d8   Code   RO          531    i.draw_set_page     oled.o
    0x08001ac8   0x08001ac8   0x0000004c   Code   RO          532    i.draw_vision_page  oled.o
    0x08001b14   0x08001b14   0x00000060   Code   RO          533    i.draw_welcom_page  oled.o
    0x08001b74   0x08001b74   0x00000060   Code   RO          534    i.draw_words        oled.o
    0x08001bd4   0x08001bd4   0x00000004   Code   RO          462    i.enable_irq        sys.o
    0x08001bd8   0x08001bd8   0x00000058   Code   RO          280    i.hal_i2c_init      bsp_i2c.o
    0x08001c30   0x08001c30   0x0000008c   Code   RO          251    i.hal_key_init      bsp_gpio.o
    0x08001cbc   0x08001cbc   0x0000006c   Code   RO          324    i.hal_sys_tim_init  bsp_sys.o
    0x08001d28   0x08001d28   0x00000008   Code   RO          428    i.key_init          key.o
    0x08001d30   0x08001d30   0x00000194   Code   RO          429    i.key_scan          key.o
    0x08001ec4   0x08001ec4   0x0000026c   Code   RO          430    i.key_task          key.o
    0x08002130   0x08002130   0x0000003e   Code   RO            1    i.main              main.o
    0x0800216e   0x0800216e   0x00000002   PAD
    0x08002170   0x08002170   0x00000088   Code   RO          716    i.nrf24l01_check    wireless.o
    0x080021f8   0x080021f8   0x00000054   Code   RO          717    i.nrf24l01_get_rxbuf  wireless.o
    0x0800224c   0x0800224c   0x00000010   Code   RO          718    i.nrf24l01_get_value_flag  wireless.o
    0x0800225c   0x0800225c   0x00000048   Code   RO          719    i.nrf24l01_read_buf  wireless.o
    0x080022a4   0x080022a4   0x00000030   Code   RO          720    i.nrf24l01_read_reg  wireless.o
    0x080022d4   0x080022d4   0x00000078   Code   RO          721    i.nrf24l01_rt_init  wireless.o
    0x0800234c   0x0800234c   0x00000048   Code   RO          724    i.nrf24l01_write_buf  wireless.o
    0x08002394   0x08002394   0x00000034   Code   RO          725    i.nrf24l01_write_reg  wireless.o
    0x080023c8   0x080023c8   0x0000002e   Code   RO          535    i.oled_clear        oled.o
    0x080023f6   0x080023f6   0x00000002   PAD
    0x080023f8   0x080023f8   0x0000004c   Code   RO          536    i.oled_init         oled.o
    0x08002444   0x08002444   0x00000026   Code   RO          537    i.oled_send_cmd     oled.o
    0x0800246a   0x0800246a   0x00000026   Code   RO          538    i.oled_send_data    oled.o
    0x08002490   0x08002490   0x00000030   Code   RO          539    i.oled_task         oled.o
    0x080024c0   0x080024c0   0x00000010   Code   RO          540    i.page_set          oled.o
    0x080024d0   0x080024d0   0x000000c8   Code   RO          464    i.param_init        sys.o
    0x08002598   0x08002598   0x0000001c   Code   RO          668    i.rec_sensor_data   usart.o
    0x080025b4   0x080025b4   0x00000060   Code   RO          727    i.spi_swapbyte      wireless.o
    0x08002614   0x08002614   0x00000044   Code   RO          465    i.sys_task          sys.o
    0x08002658   0x08002658   0x00000008   Code   RO          466    i.sys_tim_init      sys.o
    0x08002660   0x08002660   0x00000008   Code   RO          670    i.uart_init         usart.o
    0x08002668   0x08002668   0x00000088   Code   RO          541    i.val_to_str        oled.o
    0x080026f0   0x080026f0   0x00000016   Code   RO          728    i.wireless_init     wireless.o
    0x08002706   0x08002706   0x00000002   PAD
    0x08002708   0x08002708   0x000000b0   Code   RO          364    i.wireless_pin_init  bsp_spi.o
    0x080027b8   0x080027b8   0x0000005c   Code   RO          729    i.wireless_task     wireless.o
    0x08002814   0x08002814   0x0000000a   Data   RO          731    .constdata          wireless.o
    0x0800281e   0x0800281e   0x00000b28   Data   RO          814    .constdata          font_table.o
    0x08003346   0x08003346   0x00000002   PAD
    0x08003348   0x08003348   0x000000bb   Data   RO          542    .conststring        oled.o
    0x08003403   0x08003403   0x00000001   PAD
    0x08003404   0x08003404   0x00000020   Data   RO         3984    Region$$Table       anon$$obj.o


    Execution Region RW_IRAM1 (Exec base: 0x20000000, Load base: 0x08003424, Size: 0x00000938, Max: 0x00005000, ABSOLUTE, COMPRESSED[0x00000104])

    Exec Addr    Load Addr    Size         Type   Attr      Idx    E Section Name        Object

    0x20000000   COMPRESSED   0x0000000b   Data   RW          431    .data               key.o
    0x2000000b   COMPRESSED   0x00000003   Data   RW          468    .data               sys.o
    0x2000000e   COMPRESSED   0x00000002   PAD
    0x20000010   COMPRESSED   0x000001dc   Data   RW          543    .data               oled.o
    0x200001ec   COMPRESSED   0x00000009   Data   RW          673    .data               usart.o
    0x200001f5   COMPRESSED   0x00000024   Data   RW          732    .data               wireless.o
    0x20000219   COMPRESSED   0x00000014   Data   RW         2438    .data               stm32f10x_rcc.o
    0x2000022d   COMPRESSED   0x00000003   PAD
    0x20000230        -       0x00000022   Zero   RW          467    .bss                sys.o
    0x20000252        -       0x00000064   Zero   RW          672    .bss                usart.o
    0x200002b6        -       0x0000001e   Zero   RW          730    .bss                wireless.o
    0x200002d4        -       0x00000060   Zero   RW         3856    .bss                c_w.l(libspace.o)
    0x20000334   COMPRESSED   0x00000004   PAD
    0x20000338        -       0x00000200   Zero   RW         3809    HEAP                startup_stm32f10x_md.o
    0x20000538        -       0x00000400   Zero   RW         3808    STACK               startup_stm32f10x_md.o


==============================================================================

Image component sizes


      Code (inc. data)   RO Data    RW Data    ZI Data      Debug   Object Name

       140          8          0          0          0        535   bsp_gpio.o
       304         38          0          0          0       2042   bsp_i2c.o
       176          6          0          0          0        568   bsp_spi.o
       252          4          0          0          0       1561   bsp_sys.o
       164         10          0          0          0        641   bsp_uart.o
         0          0          0          0          0         32   core_cm3.o
       140          0          0          0          0       1867   flash_if.o
         0          0       2856          0          0        685   font_table.o
      1032         84          0         11          0       2357   key.o
        62          0          0          0          0     258199   main.o
       152         12          0          0          0       1518   misc.o
      2446        266        187        476          0      15102   oled.o
        64         26        236          0       1536        796   startup_stm32f10x_md.o
       318         32          0          0          0       4806   stm32f10x_flash.o
       306          0          0          0          0       3136   stm32f10x_gpio.o
        26          0          0          0          0       3754   stm32f10x_it.o
        16          6          0          0          0        465   stm32f10x_iwdg.o
       340         44          0         20          0       5512   stm32f10x_rcc.o
       740        106          0          0          0       4811   stm32f10x_tim.o
       438          6          0          0          0       5584   stm32f10x_usart.o
       536         72          0          3         34       5937   sys.o
       328         28          0          0          0       1825   system_stm32f10x.o
       544         40          0          9        100       2541   usart.o
       810         88         10         36         30       7090   wireless.o

    ----------------------------------------------------------------------
      9350        876       3324        560       1700     331364   Object Totals
         0          0         32          0          0          0   (incl. Generated)
        16          0          3          5          0          0   (incl. Padding)

    ----------------------------------------------------------------------

      Code (inc. data)   RO Data    RW Data    ZI Data      Debug   Library Member Name

        90          0          0          0          0          0   __dczerorl2.o
         8          0          0          0          0         68   __main.o
         0          0          0          0          0          0   __rtentry.o
        12          0          0          0          0          0   __rtentry2.o
         6          0          0          0          0          0   __rtentry4.o
        52          8          0          0          0          0   __scatter.o
        28          0          0          0          0          0   __scatter_zi.o
        18          0          0          0          0         80   exit.o
         6          0          0          0          0        152   heapauxi.o
         0          0          0          0          0          0   indicate_semi.o
         2          0          0          0          0          0   libinit.o
         2          0          0          0          0          0   libinit2.o
         2          0          0          0          0          0   libshutdown.o
         2          0          0          0          0          0   libshutdown2.o
         8          4          0          0         96         68   libspace.o
        88          0          0          0          0         76   memcmp.o
        68          0          0          0          0         68   rt_memclr.o
        78          0          0          0          0         80   rt_memclr_w.o
       100          0          0          0          0         80   rt_memcpy_w.o
         2          0          0          0          0          0   rtexit.o
        10          0          0          0          0          0   rtexit2.o
        12          4          0          0          0         68   sys_exit.o
        74          0          0          0          0         80   sys_stackheap_outer.o
         2          0          0          0          0         68   use_no_semi.o

    ----------------------------------------------------------------------
       674         16          0          0        100        888   Library Totals
         4          0          0          0          4          0   (incl. Padding)

    ----------------------------------------------------------------------

      Code (inc. data)   RO Data    RW Data    ZI Data      Debug   Library Name

       670         16          0          0         96        888   c_w.l

    ----------------------------------------------------------------------
       674         16          0          0        100        888   Library Totals

    ----------------------------------------------------------------------

==============================================================================


      Code (inc. data)   RO Data    RW Data    ZI Data      Debug   

     10024        892       3324        560       1800     326892   Grand Totals
     10024        892       3324        260       1800     326892   ELF Image Totals (compressed)
     10024        892       3324        260          0          0   ROM Totals

==============================================================================

    Total RO  Size (Code + RO Data)                13348 (  13.04kB)
    Total RW  Size (RW Data + ZI Data)              2360 (   2.30kB)
    Total ROM Size (Code + RO Data + RW Data)      13608 (  13.29kB)

==============================================================================

