Component: ARM Compiler 6.16 Tool: armlink [5dfeaa00]

==============================================================================

Section Cross References

    startup_stm32u083xx.o(STACK) refers (Special) to heapauxi.o(.text) for __use_two_region_memory
    startup_stm32u083xx.o(HEAP) refers (Special) to heapauxi.o(.text) for __use_two_region_memory
    startup_stm32u083xx.o(RESET) refers (Special) to heapauxi.o(.text) for __use_two_region_memory
    startup_stm32u083xx.o(RESET) refers to startup_stm32u083xx.o(STACK) for __initial_sp
    startup_stm32u083xx.o(RESET) refers to startup_stm32u083xx.o(.text) for Reset_Handler
    startup_stm32u083xx.o(RESET) refers to stm32u0xx_it.o(.text.NMI_Handler) for NMI_Handler
    startup_stm32u083xx.o(RESET) refers to stm32u0xx_it.o(.text.HardFault_Handler) for HardFault_Handler
    startup_stm32u083xx.o(RESET) refers to stm32u0xx_it.o(.text.SVC_Handler) for SVC_Handler
    startup_stm32u083xx.o(RESET) refers to stm32u0xx_it.o(.text.PendSV_Handler) for PendSV_Handler
    startup_stm32u083xx.o(RESET) refers to stm32u0xx_it.o(.text.SysTick_Handler) for SysTick_Handler
    startup_stm32u083xx.o(.text) refers (Special) to heapauxi.o(.text) for __use_two_region_memory
    startup_stm32u083xx.o(.text) refers to system_stm32u0xx.o(.text.SystemInit) for SystemInit
    startup_stm32u083xx.o(.text) refers to __main.o(!!!main) for __main
    startup_stm32u083xx.o(.text) refers to startup_stm32u083xx.o(HEAP) for Heap_Mem
    startup_stm32u083xx.o(.text) refers to startup_stm32u083xx.o(STACK) for Stack_Mem
    main.o(.text.main) refers to stm32u0xx_hal.o(.text.HAL_Init) for HAL_Init
    main.o(.text.main) refers to rt_memclr.o(.text) for __aeabi_memclr4
    main.o(.text.main) refers to stm32u0xx_hal_pwr_ex.o(.text.HAL_PWREx_ControlVoltageScaling) for HAL_PWREx_ControlVoltageScaling
    main.o(.text.main) refers to stm32u0xx_hal_rcc.o(.text.HAL_RCC_OscConfig) for HAL_RCC_OscConfig
    main.o(.text.main) refers to stm32u0xx_hal_rcc.o(.text.HAL_RCC_ClockConfig) for HAL_RCC_ClockConfig
    main.o(.text.main) refers to gpio.o(.text.MX_GPIO_Init) for MX_GPIO_Init
    main.o(.text.main) refers to stm32u0xx_hal_gpio.o(.text.HAL_GPIO_WritePin) for HAL_GPIO_WritePin
    main.o(.ARM.exidx.text.main) refers to main.o(.text.main) for [Anonymous Symbol]
    main.o(.text.SystemClock_Config) refers to rt_memclr.o(.text) for __aeabi_memclr4
    main.o(.text.SystemClock_Config) refers to stm32u0xx_hal_pwr_ex.o(.text.HAL_PWREx_ControlVoltageScaling) for HAL_PWREx_ControlVoltageScaling
    main.o(.text.SystemClock_Config) refers to stm32u0xx_hal_rcc.o(.text.HAL_RCC_OscConfig) for HAL_RCC_OscConfig
    main.o(.text.SystemClock_Config) refers to stm32u0xx_hal_rcc.o(.text.HAL_RCC_ClockConfig) for HAL_RCC_ClockConfig
    main.o(.ARM.exidx.text.SystemClock_Config) refers to main.o(.text.SystemClock_Config) for [Anonymous Symbol]
    main.o(.ARM.exidx.text.Error_Handler) refers to main.o(.text.Error_Handler) for [Anonymous Symbol]
    gpio.o(.text.MX_GPIO_Init) refers to stm32u0xx_hal_gpio.o(.text.HAL_GPIO_WritePin) for HAL_GPIO_WritePin
    gpio.o(.text.MX_GPIO_Init) refers to stm32u0xx_hal_gpio.o(.text.HAL_GPIO_Init) for HAL_GPIO_Init
    gpio.o(.ARM.exidx.text.MX_GPIO_Init) refers to gpio.o(.text.MX_GPIO_Init) for [Anonymous Symbol]
    stm32u0xx_it.o(.ARM.exidx.text.NMI_Handler) refers to stm32u0xx_it.o(.text.NMI_Handler) for [Anonymous Symbol]
    stm32u0xx_it.o(.ARM.exidx.text.HardFault_Handler) refers to stm32u0xx_it.o(.text.HardFault_Handler) for [Anonymous Symbol]
    stm32u0xx_it.o(.ARM.exidx.text.SVC_Handler) refers to stm32u0xx_it.o(.text.SVC_Handler) for [Anonymous Symbol]
    stm32u0xx_it.o(.ARM.exidx.text.PendSV_Handler) refers to stm32u0xx_it.o(.text.PendSV_Handler) for [Anonymous Symbol]
    stm32u0xx_it.o(.text.SysTick_Handler) refers to stm32u0xx_hal.o(.text.HAL_IncTick) for HAL_IncTick
    stm32u0xx_it.o(.ARM.exidx.text.SysTick_Handler) refers to stm32u0xx_it.o(.text.SysTick_Handler) for [Anonymous Symbol]
    stm32u0xx_hal_msp.o(.ARM.exidx.text.HAL_MspInit) refers to stm32u0xx_hal_msp.o(.text.HAL_MspInit) for [Anonymous Symbol]
    stm32u0xx_hal_cortex.o(.ARM.exidx.text.HAL_NVIC_SetPriority) refers to stm32u0xx_hal_cortex.o(.text.HAL_NVIC_SetPriority) for [Anonymous Symbol]
    stm32u0xx_hal_cortex.o(.ARM.exidx.text.HAL_NVIC_EnableIRQ) refers to stm32u0xx_hal_cortex.o(.text.HAL_NVIC_EnableIRQ) for [Anonymous Symbol]
    stm32u0xx_hal_cortex.o(.ARM.exidx.text.HAL_NVIC_DisableIRQ) refers to stm32u0xx_hal_cortex.o(.text.HAL_NVIC_DisableIRQ) for [Anonymous Symbol]
    stm32u0xx_hal_cortex.o(.ARM.exidx.text.HAL_NVIC_SystemReset) refers to stm32u0xx_hal_cortex.o(.text.HAL_NVIC_SystemReset) for [Anonymous Symbol]
    stm32u0xx_hal_cortex.o(.ARM.exidx.text.HAL_SYSTICK_Config) refers to stm32u0xx_hal_cortex.o(.text.HAL_SYSTICK_Config) for [Anonymous Symbol]
[...]
    defsig.o(CL$$defsig) refers to defsig_rtmem_inner.o(.text) for __rt_SIGRTMEM_inner
    _get_argv_nomalloc.o(.text) refers (Special) to hrguard.o(.text) for __heap_region$guard
    _get_argv_nomalloc.o(.text) refers to defsig_rtmem_outer.o(.text) for __rt_SIGRTMEM
    _get_argv_nomalloc.o(.text) refers to sys_command.o(.text) for _sys_command_string
    libshutdown.o(.ARM.Collect$$libshutdown$$00000000) refers (Special) to libshutdown2.o(.ARM.Collect$$libshutdown$$00000002) for __rt_lib_shutdown_cpp_1
    libshutdown.o(.ARM.Collect$$libshutdown$$00000000) refers (Special) to libshutdown2.o(.ARM.Collect$$libshutdown$$00000007) for __rt_lib_shutdown_fp_trap_1
    libshutdown.o(.ARM.Collect$$libshutdown$$00000000) refers (Special) to libshutdown2.o(.ARM.Collect$$libshutdown$$0000000F) for __rt_lib_shutdown_heap_1
    libshutdown.o(.ARM.Collect$$libshutdown$$00000000) refers (Special) to libshutdown2.o(.ARM.Collect$$libshutdown$$00000010) for __rt_lib_shutdown_return
    libshutdown.o(.ARM.Collect$$libshutdown$$00000000) refers (Special) to libshutdown2.o(.ARM.Collect$$libshutdown$$0000000A) for __rt_lib_shutdown_signal_1
    libshutdown.o(.ARM.Collect$$libshutdown$$00000000) refers (Special) to libshutdown2.o(.ARM.Collect$$libshutdown$$00000004) for __rt_lib_shutdown_stdio_1
    libshutdown.o(.ARM.Collect$$libshutdown$$00000000) refers (Special) to libshutdown2.o(.ARM.Collect$$libshutdown$$0000000C) for __rt_lib_shutdown_user_alloc_1
    sys_command.o(.text) refers (Special) to use_no_semi.o(.text) for __I$use$semihosting
    sys_command.o(.text) refers (Special) to indicate_semi.o(.text) for __semihosting_library_function
    sys_command_hlt.o(.text) refers (Special) to use_no_semi.o(.text) for __I$use$semihosting
    sys_command_hlt.o(.text) refers (Special) to indicate_semi.o(.text) for __semihosting_library_function
    defsig_abrt_inner.o(.text) refers to defsig_general.o(.text) for __default_signal_display
    defsig_rtred_inner.o(.text) refers to defsig_general.o(.text) for __default_signal_display
    defsig_rtmem_inner.o(.text) refers to defsig_general.o(.text) for __default_signal_display
    defsig_rtmem_outer.o(.text) refers to defsig_rtmem_inner.o(.text) for __rt_SIGRTMEM_inner
    defsig_rtmem_outer.o(.text) refers to defsig_exit.o(.text) for __sig_exit
    defsig_rtmem_formal.o(.text) refers to rt_raise.o(.text) for __rt_raise
    defsig_stak_inner.o(.text) refers to defsig_general.o(.text) for __default_signal_display
    defsig_pvfn_inner.o(.text) refers to defsig_general.o(.text) for __default_signal_display
    defsig_cppl_inner.o(.text) refers to defsig_general.o(.text) for __default_signal_display
    defsig_segv_inner.o(.text) refers to defsig_general.o(.text) for __default_signal_display
    defsig_other.o(.text) refers to defsig_general.o(.text) for __default_signal_display


==============================================================================

Removing Unused input sections from the image.

    Removing main.o(.text), (0 bytes).
    Removing main.o(.ARM.exidx.text.main), (8 bytes).
    Removing main.o(.text.SystemClock_Config), (90 bytes).
    Removing main.o(.ARM.exidx.text.SystemClock_Config), (8 bytes).
    Removing main.o(.text.Error_Handler), (4 bytes).
    Removing main.o(.ARM.exidx.text.Error_Handler), (8 bytes).
    Removing main.o(.ARM.use_no_argv), (4 bytes).
    Removing gpio.o(.text), (0 bytes).
    Removing gpio.o(.ARM.exidx.text.MX_GPIO_Init), (8 bytes).
    Removing stm32u0xx_it.o(.text), (0 bytes).
    Removing stm32u0xx_it.o(.ARM.exidx.text.NMI_Handler), (8 bytes).
    Removing stm32u0xx_it.o(.ARM.exidx.text.HardFault_Handler), (8 bytes).
    Removing stm32u0xx_it.o(.ARM.exidx.text.SVC_Handler), (8 bytes).
    Removing stm32u0xx_it.o(.ARM.exidx.text.PendSV_Handler), (8 bytes).
    Removing stm32u0xx_it.o(.ARM.exidx.text.SysTick_Handler), (8 bytes).
    Removing stm32u0xx_hal_msp.o(.text), (0 bytes).
    Removing stm32u0xx_hal_msp.o(.ARM.exidx.text.HAL_MspInit), (8 bytes).
    Removing stm32u0xx_hal_cortex.o(.text), (0 bytes).
    Removing stm32u0xx_hal_cortex.o(.ARM.exidx.text.HAL_NVIC_SetPriority), (8 bytes).
    Removing stm32u0xx_hal_cortex.o(.text.HAL_NVIC_EnableIRQ), (24 bytes).
    Removing stm32u0xx_hal_cortex.o(.ARM.exidx.text.HAL_NVIC_EnableIRQ), (8 bytes).
    Removing stm32u0xx_hal_cortex.o(.text.HAL_NVIC_DisableIRQ), (32 bytes).
    Removing stm32u0xx_hal_cortex.o(.ARM.exidx.text.HAL_NVIC_DisableIRQ), (8 bytes).
    Removing stm32u0xx_hal_cortex.o(.text.HAL_NVIC_SystemReset), (28 bytes).
    Removing stm32u0xx_hal_cortex.o(.ARM.exidx.text.HAL_NVIC_SystemReset), (8 bytes).
    Removing stm32u0xx_hal_cortex.o(.ARM.exidx.text.HAL_SYSTICK_Config), (8 bytes).
    Removing stm32u0xx_hal_cortex.o(.text.HAL_NVIC_GetPriority), (52 bytes).
    Removing stm32u0xx_hal_cortex.o(.ARM.exidx.text.HAL_NVIC_GetPriority), (8 bytes).
    Removing stm32u0xx_hal_cortex.o(.text.HAL_NVIC_SetPendingIRQ), (24 bytes).
    Removing stm32u0xx_hal_cortex.o(.ARM.exidx.text.HAL_NVIC_SetPendingIRQ), (8 bytes).
    Removing stm32u0xx_hal_cortex.o(.text.HAL_NVIC_GetPendingIRQ), (28 bytes).
    Removing stm32u0xx_hal_cortex.o(.ARM.exidx.text.HAL_NVIC_GetPendingIRQ), (8 bytes).
    Removing stm32u0xx_hal_cortex.o(.text.HAL_NVIC_ClearPendingIRQ), (24 bytes).
    Removing stm32u0xx_hal_cortex.o(.ARM.exidx.text.HAL_NVIC_ClearPendingIRQ), (8 bytes).
    Removing stm32u0xx_hal_cortex.o(.text.HAL_SYSTICK_CLKSourceConfig), (28 bytes).
    Removing stm32u0xx_hal_cortex.o(.ARM.exidx.text.HAL_SYSTICK_CLKSourceConfig), (8 bytes).
    Removing stm32u0xx_hal_cortex.o(.text.HAL_SYSTICK_IRQHandler), (8 bytes).
    Removing stm32u0xx_hal_cortex.o(.ARM.exidx.text.HAL_SYSTICK_IRQHandler), (8 bytes).
    Removing stm32u0xx_hal_cortex.o(.text.HAL_SYSTICK_Callback), (2 bytes).
    Removing stm32u0xx_hal_cortex.o(.ARM.exidx.text.HAL_SYSTICK_Callback), (8 bytes).
    Removing stm32u0xx_hal_cortex.o(.text.HAL_MPU_Enable), (24 bytes).
    Removing stm32u0xx_hal_cortex.o(.ARM.exidx.text.HAL_MPU_Enable), (8 bytes).
    Removing stm32u0xx_hal_cortex.o(.text.HAL_MPU_Disable), (16 bytes).
    Removing stm32u0xx_hal_cortex.o(.ARM.exidx.text.HAL_MPU_Disable), (8 bytes).
    Removing stm32u0xx_hal_cortex.o(.text.HAL_MPU_EnableRegion), (24 bytes).
    Removing stm32u0xx_hal_cortex.o(.ARM.exidx.text.HAL_MPU_EnableRegion), (8 bytes).
    Removing stm32u0xx_hal_cortex.o(.text.HAL_MPU_DisableRegion), (24 bytes).
    Removing stm32u0xx_hal_cortex.o(.ARM.exidx.text.HAL_MPU_DisableRegion), (8 bytes).
    Removing stm32u0xx_hal_cortex.o(.text.HAL_MPU_ConfigRegion), (84 bytes).
    Removing stm32u0xx_hal_cortex.o(.ARM.exidx.text.HAL_MPU_ConfigRegion), (8 bytes).
    Removing stm32u0xx_hal_rcc.o(.text), (0 bytes).
    Removing stm32u0xx_hal_rcc.o(.text.HAL_RCC_DeInit), (236 bytes).
    Removing stm32u0xx_hal_rcc.o(.ARM.exidx.text.HAL_RCC_DeInit), (8 bytes).
    Removing stm32u0xx_hal_rcc.o(.ARM.exidx.text.HAL_RCC_OscConfig), (8 bytes).
    Removing stm32u0xx_hal_rcc.o(.ARM.exidx.text.HAL_RCC_GetSysClockFreq), (8 bytes).
    Removing stm32u0xx_hal_rcc.o(.ARM.exidx.text.HAL_RCC_ClockConfig), (8 bytes).
    Removing stm32u0xx_hal_rcc.o(.text.HAL_RCC_MCOConfig), (100 bytes).
    Removing stm32u0xx_hal_rcc.o(.ARM.exidx.text.HAL_RCC_MCOConfig), (8 bytes).
    Removing stm32u0xx_hal_rcc.o(.text.HAL_RCC_GetHCLKFreq), (12 bytes).
    Removing stm32u0xx_hal_rcc.o(.ARM.exidx.text.HAL_RCC_GetHCLKFreq), (8 bytes).
    Removing stm32u0xx_hal_rcc.o(.text.HAL_RCC_GetPCLK1Freq), (36 bytes).
    Removing stm32u0xx_hal_rcc.o(.ARM.exidx.text.HAL_RCC_GetPCLK1Freq), (8 bytes).
    Removing stm32u0xx_hal_rcc.o(.text.HAL_RCC_GetOscConfig), (216 bytes).
    Removing stm32u0xx_hal_rcc.o(.ARM.exidx.text.HAL_RCC_GetOscConfig), (8 bytes).
    Removing stm32u0xx_hal_rcc.o(.text.HAL_RCC_GetClockConfig), (52 bytes).
    Removing stm32u0xx_hal_rcc.o(.ARM.exidx.text.HAL_RCC_GetClockConfig), (8 bytes).
    Removing stm32u0xx_hal_rcc.o(.text.HAL_RCC_EnableCSS), (20 bytes).
    Removing stm32u0xx_hal_rcc.o(.ARM.exidx.text.HAL_RCC_EnableCSS), (8 bytes).
    Removing stm32u0xx_hal_rcc.o(.text.HAL_RCC_NMI_IRQHandler), (28 bytes).
    Removing stm32u0xx_hal_rcc.o(.ARM.exidx.text.HAL_RCC_NMI_IRQHandler), (8 bytes).
    Removing stm32u0xx_hal_rcc.o(.text.HAL_RCC_CSSCallback), (2 bytes).
    Removing stm32u0xx_hal_rcc.o(.ARM.exidx.text.HAL_RCC_CSSCallback), (8 bytes).
    Removing stm32u0xx_hal_rcc.o(.text.HAL_RCC_GetResetSource), (28 bytes).
    Removing stm32u0xx_hal_rcc.o(.ARM.exidx.text.HAL_RCC_GetResetSource), (8 bytes).
    Removing stm32u0xx_hal_rcc_ex.o(.text), (0 bytes).
    Removing stm32u0xx_hal_rcc_ex.o(.text.HAL_RCCEx_PeriphCLKConfig), (664 bytes).
    Removing stm32u0xx_hal_rcc_ex.o(.ARM.exidx.text.HAL_RCCEx_PeriphCLKConfig), (8 bytes).
    Removing stm32u0xx_hal_rcc_ex.o(.text.HAL_RCCEx_GetPeriphCLKConfig), (144 bytes).
    Removing stm32u0xx_hal_rcc_ex.o(.ARM.exidx.text.HAL_RCCEx_GetPeriphCLKConfig), (8 bytes).
    Removing stm32u0xx_hal_rcc_ex.o(.text.HAL_RCCEx_GetPeriphCLKFreq), (1152 bytes).
    Removing stm32u0xx_hal_rcc_ex.o(.ARM.exidx.text.HAL_RCCEx_GetPeriphCLKFreq), (8 bytes).
    Removing stm32u0xx_hal_rcc_ex.o(.text.HAL_RCCEx_GetPLLClockFreq), (200 bytes).
    Removing stm32u0xx_hal_rcc_ex.o(.ARM.exidx.text.HAL_RCCEx_GetPLLClockFreq), (8 bytes).
    Removing stm32u0xx_hal_rcc_ex.o(.text.HAL_RCCEx_EnablePLL), (308 bytes).
    Removing stm32u0xx_hal_rcc_ex.o(.ARM.exidx.text.HAL_RCCEx_EnablePLL), (8 bytes).
    Removing stm32u0xx_hal_rcc_ex.o(.text.HAL_RCCEx_DisablePLL), (60 bytes).
    Removing stm32u0xx_hal_rcc_ex.o(.ARM.exidx.text.HAL_RCCEx_DisablePLL), (8 bytes).
    Removing stm32u0xx_hal_rcc_ex.o(.text.HAL_RCCEx_WakeUpStopCLKConfig), (20 bytes).
    Removing stm32u0xx_hal_rcc_ex.o(.ARM.exidx.text.HAL_RCCEx_WakeUpStopCLKConfig), (8 bytes).
    Removing stm32u0xx_hal_rcc_ex.o(.text.HAL_RCCEx_StandbyMSIRangeConfig), (24 bytes).
    Removing stm32u0xx_hal_rcc_ex.o(.ARM.exidx.text.HAL_RCCEx_StandbyMSIRangeConfig), (8 bytes).
    Removing stm32u0xx_hal_rcc_ex.o(.text.HAL_RCCEx_EnableMSIPLLMode), (16 bytes).
    Removing stm32u0xx_hal_rcc_ex.o(.ARM.exidx.text.HAL_RCCEx_EnableMSIPLLMode), (8 bytes).
    Removing stm32u0xx_hal_rcc_ex.o(.text.HAL_RCCEx_DisableMSIPLLMode), (16 bytes).
    Removing stm32u0xx_hal_rcc_ex.o(.ARM.exidx.text.HAL_RCCEx_DisableMSIPLLMode), (8 bytes).
    Removing stm32u0xx_hal_rcc_ex.o(.text.HAL_RCCEx_EnableLSECSS), (16 bytes).
    Removing stm32u0xx_hal_rcc_ex.o(.ARM.exidx.text.HAL_RCCEx_EnableLSECSS), (8 bytes).
    Removing stm32u0xx_hal_rcc_ex.o(.text.HAL_RCCEx_DisableLSECSS), (16 bytes).
    Removing stm32u0xx_hal_rcc_ex.o(.ARM.exidx.text.HAL_RCCEx_DisableLSECSS), (8 bytes).
    Removing stm32u0xx_hal_rcc_ex.o(.text.HAL_RCCEx_EnableLSECSS_IT), (52 bytes).
    Removing stm32u0xx_hal_rcc_ex.o(.ARM.exidx.text.HAL_RCCEx_EnableLSECSS_IT), (8 bytes).
    Removing stm32u0xx_hal_rcc_ex.o(.text.HAL_RCCEx_LSECSS_IRQHandler), (28 bytes).
    Removing stm32u0xx_hal_rcc_ex.o(.ARM.exidx.text.HAL_RCCEx_LSECSS_IRQHandler), (8 bytes).
    Removing stm32u0xx_hal_rcc_ex.o(.text.HAL_RCCEx_LSECSS_Callback), (2 bytes).
    Removing stm32u0xx_hal_rcc_ex.o(.ARM.exidx.text.HAL_RCCEx_LSECSS_Callback), (8 bytes).
    Removing stm32u0xx_hal_rcc_ex.o(.text.HAL_RCCEx_EnableLSCO), (156 bytes).
    Removing stm32u0xx_hal_rcc_ex.o(.ARM.exidx.text.HAL_RCCEx_EnableLSCO), (8 bytes).
    Removing stm32u0xx_hal_rcc_ex.o(.text.HAL_RCCEx_DisableLSCO), (92 bytes).
    Removing stm32u0xx_hal_rcc_ex.o(.ARM.exidx.text.HAL_RCCEx_DisableLSCO), (8 bytes).
    Removing stm32u0xx_hal_rcc_ex.o(.text.HAL_RCCEx_CRSConfig), (76 bytes).
    Removing stm32u0xx_hal_rcc_ex.o(.ARM.exidx.text.HAL_RCCEx_CRSConfig), (8 bytes).
    Removing stm32u0xx_hal_rcc_ex.o(.text.HAL_RCCEx_CRSSoftwareSynchronizationGenerate), (16 bytes).
    Removing stm32u0xx_hal_rcc_ex.o(.ARM.exidx.text.HAL_RCCEx_CRSSoftwareSynchronizationGenerate), (8 bytes).
    Removing stm32u0xx_hal_rcc_ex.o(.text.HAL_RCCEx_CRSGetSynchronizationInfo), (44 bytes).
    Removing stm32u0xx_hal_rcc_ex.o(.ARM.exidx.text.HAL_RCCEx_CRSGetSynchronizationInfo), (8 bytes).
    Removing stm32u0xx_hal_rcc_ex.o(.text.HAL_RCCEx_CRSWaitSynchronization), (324 bytes).
    Removing stm32u0xx_hal_rcc_ex.o(.ARM.exidx.text.HAL_RCCEx_CRSWaitSynchronization), (8 bytes).
    Removing stm32u0xx_hal_rcc_ex.o(.text.HAL_RCCEx_CRS_IRQHandler), (84 bytes).
    Removing stm32u0xx_hal_rcc_ex.o(.ARM.exidx.text.HAL_RCCEx_CRS_IRQHandler), (8 bytes).
    Removing stm32u0xx_hal_rcc_ex.o(.text.HAL_RCCEx_CRS_SyncOkCallback), (2 bytes).
    Removing stm32u0xx_hal_rcc_ex.o(.ARM.exidx.text.HAL_RCCEx_CRS_SyncOkCallback), (8 bytes).
    Removing stm32u0xx_hal_rcc_ex.o(.text.HAL_RCCEx_CRS_SyncWarnCallback), (2 bytes).
    Removing stm32u0xx_hal_rcc_ex.o(.ARM.exidx.text.HAL_RCCEx_CRS_SyncWarnCallback), (8 bytes).
    Removing stm32u0xx_hal_rcc_ex.o(.text.HAL_RCCEx_CRS_ExpectedSyncCallback), (2 bytes).
    Removing stm32u0xx_hal_rcc_ex.o(.ARM.exidx.text.HAL_RCCEx_CRS_ExpectedSyncCallback), (8 bytes).
    Removing stm32u0xx_hal_rcc_ex.o(.text.HAL_RCCEx_CRS_ErrorCallback), (2 bytes).
    Removing stm32u0xx_hal_rcc_ex.o(.ARM.exidx.text.HAL_RCCEx_CRS_ErrorCallback), (8 bytes).
    Removing stm32u0xx_hal_flash.o(.text), (0 bytes).
    Removing stm32u0xx_hal_flash.o(.text.HAL_FLASH_Program), (312 bytes).
    Removing stm32u0xx_hal_flash.o(.ARM.exidx.text.HAL_FLASH_Program), (8 bytes).
    Removing stm32u0xx_hal_flash.o(.text.FLASH_WaitForLastOperation), (92 bytes).
    Removing stm32u0xx_hal_flash.o(.ARM.exidx.text.FLASH_WaitForLastOperation), (8 bytes).
    Removing stm32u0xx_hal_flash.o(.text.HAL_FLASH_Program_IT), (252 bytes).
    Removing stm32u0xx_hal_flash.o(.ARM.exidx.text.HAL_FLASH_Program_IT), (8 bytes).
    Removing stm32u0xx_hal_flash.o(.text.HAL_FLASH_IRQHandler), (176 bytes).
    Removing stm32u0xx_hal_flash.o(.ARM.exidx.text.HAL_FLASH_IRQHandler), (8 bytes).
    Removing stm32u0xx_hal_flash.o(.text.HAL_FLASH_OperationErrorCallback), (2 bytes).
    Removing stm32u0xx_hal_flash.o(.ARM.exidx.text.HAL_FLASH_OperationErrorCallback), (8 bytes).
    Removing stm32u0xx_hal_flash.o(.text.HAL_FLASH_EndOfOperationCallback), (2 bytes).
    Removing stm32u0xx_hal_flash.o(.ARM.exidx.text.HAL_FLASH_EndOfOperationCallback), (8 bytes).
    Removing stm32u0xx_hal_flash.o(.text.HAL_FLASH_Unlock), (40 bytes).
    Removing stm32u0xx_hal_flash.o(.ARM.exidx.text.HAL_FLASH_Unlock), (8 bytes).
    Removing stm32u0xx_hal_flash.o(.text.HAL_FLASH_Lock), (24 bytes).
    Removing stm32u0xx_hal_flash.o(.ARM.exidx.text.HAL_FLASH_Lock), (8 bytes).
    Removing stm32u0xx_hal_flash.o(.text.HAL_FLASH_OB_Unlock), (40 bytes).
    Removing stm32u0xx_hal_flash.o(.ARM.exidx.text.HAL_FLASH_OB_Unlock), (8 bytes).
    Removing stm32u0xx_hal_flash.o(.text.HAL_FLASH_OB_Lock), (24 bytes).
    Removing stm32u0xx_hal_flash.o(.ARM.exidx.text.HAL_FLASH_OB_Lock), (8 bytes).
    Removing stm32u0xx_hal_flash.o(.text.HAL_FLASH_OB_Launch), (20 bytes).
    Removing stm32u0xx_hal_flash.o(.ARM.exidx.text.HAL_FLASH_OB_Launch), (8 bytes).
    Removing stm32u0xx_hal_flash.o(.text.HAL_FLASH_GetError), (12 bytes).
    Removing stm32u0xx_hal_flash.o(.ARM.exidx.text.HAL_FLASH_GetError), (8 bytes).
    Removing stm32u0xx_hal_flash.o(.bss.pFlash), (28 bytes).
    Removing stm32u0xx_hal_flash_ex.o(.text), (0 bytes).
    Removing stm32u0xx_hal_flash_ex.o(.text.HAL_FLASHEx_Erase), (200 bytes).
    Removing stm32u0xx_hal_flash_ex.o(.ARM.exidx.text.HAL_FLASHEx_Erase), (8 bytes).
    Removing stm32u0xx_hal_flash_ex.o(.text.FLASH_PageErase), (32 bytes).
    Removing stm32u0xx_hal_flash_ex.o(.ARM.exidx.text.FLASH_PageErase), (8 bytes).
    Removing stm32u0xx_hal_flash_ex.o(.text.HAL_FLASHEx_Erase_IT), (136 bytes).
    Removing stm32u0xx_hal_flash_ex.o(.ARM.exidx.text.HAL_FLASHEx_Erase_IT), (8 bytes).
    Removing stm32u0xx_hal_flash_ex.o(.text.HAL_FLASHEx_OBProgram), (312 bytes).
    Removing stm32u0xx_hal_flash_ex.o(.ARM.exidx.text.HAL_FLASHEx_OBProgram), (8 bytes).
    Removing stm32u0xx_hal_flash_ex.o(.text.HAL_FLASHEx_OBGetConfig), (108 bytes).
    Removing stm32u0xx_hal_flash_ex.o(.ARM.exidx.text.HAL_FLASHEx_OBGetConfig), (8 bytes).
    Removing stm32u0xx_hal_flash_ex.o(.text.HAL_FLASHEx_EnableDebugger), (20 bytes).
    Removing stm32u0xx_hal_flash_ex.o(.ARM.exidx.text.HAL_FLASHEx_EnableDebugger), (8 bytes).
    Removing stm32u0xx_hal_flash_ex.o(.text.HAL_FLASHEx_DisableDebugger), (20 bytes).
    Removing stm32u0xx_hal_flash_ex.o(.ARM.exidx.text.HAL_FLASHEx_DisableDebugger), (8 bytes).
    Removing stm32u0xx_hal_flash_ex.o(.text.HAL_FLASHEx_FlashEmptyCheck), (16 bytes).
    Removing stm32u0xx_hal_flash_ex.o(.ARM.exidx.text.HAL_FLASHEx_FlashEmptyCheck), (8 bytes).
    Removing stm32u0xx_hal_flash_ex.o(.text.HAL_FLASHEx_ForceFlashEmpty), (20 bytes).
    Removing stm32u0xx_hal_flash_ex.o(.ARM.exidx.text.HAL_FLASHEx_ForceFlashEmpty), (8 bytes).
    Removing stm32u0xx_hal_flash_ex.o(.text.FLASH_FlushCaches), (44 bytes).
    Removing stm32u0xx_hal_flash_ex.o(.ARM.exidx.text.FLASH_FlushCaches), (8 bytes).
    Removing stm32u0xx_hal_flash_ex.o(.text.HAL_FLASH_OB_GetOEMKeyCRC), (24 bytes).
    Removing stm32u0xx_hal_flash_ex.o(.ARM.exidx.text.HAL_FLASH_OB_GetOEMKeyCRC), (8 bytes).
    Removing stm32u0xx_hal_flash_ex.o(.text.HAL_FLASHEx_EnableHDPProtection), (16 bytes).
    Removing stm32u0xx_hal_flash_ex.o(.ARM.exidx.text.HAL_FLASHEx_EnableHDPProtection), (8 bytes).
    Removing stm32u0xx_hal_flash_ex.o(.text.HAL_FLASHEx_IsEnabledHDPProtection), (20 bytes).
    Removing stm32u0xx_hal_flash_ex.o(.ARM.exidx.text.HAL_FLASHEx_IsEnabledHDPProtection), (8 bytes).
    Removing stm32u0xx_hal_flash_ex.o(.text.HAL_FLASHEx_ConfigHDPExtension), (36 bytes).
    Removing stm32u0xx_hal_flash_ex.o(.ARM.exidx.text.HAL_FLASHEx_ConfigHDPExtension), (8 bytes).
    Removing stm32u0xx_hal_flash_ex.o(.text.HAL_FLASHEx_GetHDPExtensionConfig), (28 bytes).
    Removing stm32u0xx_hal_flash_ex.o(.ARM.exidx.text.HAL_FLASHEx_GetHDPExtensionConfig), (8 bytes).
    Removing stm32u0xx_hal_gpio.o(.text), (0 bytes).
    Removing stm32u0xx_hal_gpio.o(.ARM.exidx.text.HAL_GPIO_Init), (8 bytes).
    Removing stm32u0xx_hal_gpio.o(.text.HAL_GPIO_DeInit), (440 bytes).
    Removing stm32u0xx_hal_gpio.o(.ARM.exidx.text.HAL_GPIO_DeInit), (8 bytes).
    Removing stm32u0xx_hal_gpio.o(.text.HAL_GPIO_ReadPin), (10 bytes).
    Removing stm32u0xx_hal_gpio.o(.ARM.exidx.text.HAL_GPIO_ReadPin), (8 bytes).
    Removing stm32u0xx_hal_gpio.o(.ARM.exidx.text.HAL_GPIO_WritePin), (8 bytes).
    Removing stm32u0xx_hal_gpio.o(.text.HAL_GPIO_TogglePin), (16 bytes).
    Removing stm32u0xx_hal_gpio.o(.ARM.exidx.text.HAL_GPIO_TogglePin), (8 bytes).
    Removing stm32u0xx_hal_gpio.o(.text.HAL_GPIO_LockPin), (40 bytes).
    Removing stm32u0xx_hal_gpio.o(.ARM.exidx.text.HAL_GPIO_LockPin), (8 bytes).
    Removing stm32u0xx_hal_gpio.o(.text.HAL_GPIO_EXTI_IRQHandler), (40 bytes).
    Removing stm32u0xx_hal_gpio.o(.ARM.exidx.text.HAL_GPIO_EXTI_IRQHandler), (8 bytes).
    Removing stm32u0xx_hal_gpio.o(.text.HAL_GPIO_EXTI_Rising_Callback), (2 bytes).
    Removing stm32u0xx_hal_gpio.o(.ARM.exidx.text.HAL_GPIO_EXTI_Rising_Callback), (8 bytes).
    Removing stm32u0xx_hal_gpio.o(.text.HAL_GPIO_EXTI_Falling_Callback), (2 bytes).
    Removing stm32u0xx_hal_gpio.o(.ARM.exidx.text.HAL_GPIO_EXTI_Falling_Callback), (8 bytes).
    Removing stm32u0xx_hal_dma.o(.text), (0 bytes).
    Removing stm32u0xx_hal_dma.o(.text.HAL_DMA_Init), (288 bytes).
    Removing stm32u0xx_hal_dma.o(.ARM.exidx.text.HAL_DMA_Init), (8 bytes).
    Removing stm32u0xx_hal_dma.o(.text.HAL_DMA_DeInit), (220 bytes).
    Removing stm32u0xx_hal_dma.o(.ARM.exidx.text.HAL_DMA_DeInit), (8 bytes).
    Removing stm32u0xx_hal_dma.o(.text.HAL_DMA_Start), (136 bytes).
    Removing stm32u0xx_hal_dma.o(.ARM.exidx.text.HAL_DMA_Start), (8 bytes).
    Removing stm32u0xx_hal_dma.o(.text.HAL_DMA_Start_IT), (194 bytes).
    Removing stm32u0xx_hal_dma.o(.ARM.exidx.text.HAL_DMA_Start_IT), (8 bytes).
    Removing stm32u0xx_hal_dma.o(.text.HAL_DMA_Abort), (112 bytes).
    Removing stm32u0xx_hal_dma.o(.ARM.exidx.text.HAL_DMA_Abort), (8 bytes).
    Removing stm32u0xx_hal_dma.o(.text.HAL_DMA_Abort_IT), (112 bytes).
    Removing stm32u0xx_hal_dma.o(.ARM.exidx.text.HAL_DMA_Abort_IT), (8 bytes).
    Removing stm32u0xx_hal_dma.o(.text.HAL_DMA_PollForTransfer), (334 bytes).
    Removing stm32u0xx_hal_dma.o(.ARM.exidx.text.HAL_DMA_PollForTransfer), (8 bytes).
    Removing stm32u0xx_hal_dma.o(.text.HAL_DMA_IRQHandler), (188 bytes).
    Removing stm32u0xx_hal_dma.o(.ARM.exidx.text.HAL_DMA_IRQHandler), (8 bytes).
    Removing stm32u0xx_hal_dma.o(.text.HAL_DMA_RegisterCallback), (78 bytes).
    Removing stm32u0xx_hal_dma.o(.ARM.exidx.text.HAL_DMA_RegisterCallback), (8 bytes).
    Removing stm32u0xx_hal_dma.o(.text.HAL_DMA_UnRegisterCallback), (116 bytes).
    Removing stm32u0xx_hal_dma.o(.ARM.exidx.text.HAL_DMA_UnRegisterCallback), (8 bytes).
    Removing stm32u0xx_hal_dma.o(.text.HAL_DMA_GetState), (6 bytes).
    Removing stm32u0xx_hal_dma.o(.ARM.exidx.text.HAL_DMA_GetState), (8 bytes).
    Removing stm32u0xx_hal_dma.o(.text.HAL_DMA_GetError), (4 bytes).
    Removing stm32u0xx_hal_dma.o(.ARM.exidx.text.HAL_DMA_GetError), (8 bytes).
    Removing stm32u0xx_hal_dma_ex.o(.text), (0 bytes).
    Removing stm32u0xx_hal_dma_ex.o(.text.HAL_DMAEx_ConfigMuxSync), (80 bytes).
    Removing stm32u0xx_hal_dma_ex.o(.ARM.exidx.text.HAL_DMAEx_ConfigMuxSync), (8 bytes).
    Removing stm32u0xx_hal_dma_ex.o(.text.HAL_DMAEx_ConfigMuxRequestGenerator), (80 bytes).
    Removing stm32u0xx_hal_dma_ex.o(.ARM.exidx.text.HAL_DMAEx_ConfigMuxRequestGenerator), (8 bytes).
    Removing stm32u0xx_hal_dma_ex.o(.text.HAL_DMAEx_EnableMuxRequestGenerator), (32 bytes).
    Removing stm32u0xx_hal_dma_ex.o(.ARM.exidx.text.HAL_DMAEx_EnableMuxRequestGenerator), (8 bytes).
    Removing stm32u0xx_hal_dma_ex.o(.text.HAL_DMAEx_DisableMuxRequestGenerator), (32 bytes).
    Removing stm32u0xx_hal_dma_ex.o(.ARM.exidx.text.HAL_DMAEx_DisableMuxRequestGenerator), (8 bytes).
    Removing stm32u0xx_hal_dma_ex.o(.text.HAL_DMAEx_MUX_IRQHandler), (96 bytes).
    Removing stm32u0xx_hal_dma_ex.o(.ARM.exidx.text.HAL_DMAEx_MUX_IRQHandler), (8 bytes).
    Removing stm32u0xx_hal_pwr.o(.text), (0 bytes).
    Removing stm32u0xx_hal_pwr.o(.text.HAL_PWR_DeInit), (24 bytes).
    Removing stm32u0xx_hal_pwr.o(.ARM.exidx.text.HAL_PWR_DeInit), (8 bytes).
    Removing stm32u0xx_hal_pwr.o(.text.HAL_PWR_EnableBkUpAccess), (20 bytes).
    Removing stm32u0xx_hal_pwr.o(.ARM.exidx.text.HAL_PWR_EnableBkUpAccess), (8 bytes).
    Removing stm32u0xx_hal_pwr.o(.text.HAL_PWR_DisableBkUpAccess), (20 bytes).
    Removing stm32u0xx_hal_pwr.o(.ARM.exidx.text.HAL_PWR_DisableBkUpAccess), (8 bytes).
    Removing stm32u0xx_hal_pwr.o(.text.HAL_PWR_ConfigPVD), (128 bytes).
    Removing stm32u0xx_hal_pwr.o(.ARM.exidx.text.HAL_PWR_ConfigPVD), (8 bytes).
    Removing stm32u0xx_hal_pwr.o(.text.HAL_PWR_EnablePVD), (16 bytes).
    Removing stm32u0xx_hal_pwr.o(.ARM.exidx.text.HAL_PWR_EnablePVD), (8 bytes).
    Removing stm32u0xx_hal_pwr.o(.text.HAL_PWR_DisablePVD), (16 bytes).
    Removing stm32u0xx_hal_pwr.o(.ARM.exidx.text.HAL_PWR_DisablePVD), (8 bytes).
    Removing stm32u0xx_hal_pwr.o(.text.HAL_PWR_EnableWakeUpPin), (28 bytes).
    Removing stm32u0xx_hal_pwr.o(.ARM.exidx.text.HAL_PWR_EnableWakeUpPin), (8 bytes).
    Removing stm32u0xx_hal_pwr.o(.text.HAL_PWR_DisableWakeUpPin), (24 bytes).
    Removing stm32u0xx_hal_pwr.o(.ARM.exidx.text.HAL_PWR_DisableWakeUpPin), (8 bytes).
    Removing stm32u0xx_hal_pwr.o(.text.HAL_PWR_EnterSLEEPMode), (76 bytes).
    Removing stm32u0xx_hal_pwr.o(.ARM.exidx.text.HAL_PWR_EnterSLEEPMode), (8 bytes).
    Removing stm32u0xx_hal_pwr.o(.text.HAL_PWR_EnterSTOPMode), (72 bytes).
    Removing stm32u0xx_hal_pwr.o(.ARM.exidx.text.HAL_PWR_EnterSTOPMode), (8 bytes).
    Removing stm32u0xx_hal_pwr.o(.text.HAL_PWR_EnterSTANDBYMode), (36 bytes).
    Removing stm32u0xx_hal_pwr.o(.ARM.exidx.text.HAL_PWR_EnterSTANDBYMode), (8 bytes).
    Removing stm32u0xx_hal_pwr.o(.text.HAL_PWR_EnterSHUTDOWNMode), (36 bytes).
    Removing stm32u0xx_hal_pwr.o(.ARM.exidx.text.HAL_PWR_EnterSHUTDOWNMode), (8 bytes).
    Removing stm32u0xx_hal_pwr.o(.text.HAL_PWR_EnableSleepOnExit), (16 bytes).
    Removing stm32u0xx_hal_pwr.o(.ARM.exidx.text.HAL_PWR_EnableSleepOnExit), (8 bytes).
    Removing stm32u0xx_hal_pwr.o(.text.HAL_PWR_DisableSleepOnExit), (16 bytes).
    Removing stm32u0xx_hal_pwr.o(.ARM.exidx.text.HAL_PWR_DisableSleepOnExit), (8 bytes).
    Removing stm32u0xx_hal_pwr.o(.text.HAL_PWR_EnableSEVOnPend), (16 bytes).
    Removing stm32u0xx_hal_pwr.o(.ARM.exidx.text.HAL_PWR_EnableSEVOnPend), (8 bytes).
    Removing stm32u0xx_hal_pwr.o(.text.HAL_PWR_DisableSEVOnPend), (16 bytes).
    Removing stm32u0xx_hal_pwr.o(.ARM.exidx.text.HAL_PWR_DisableSEVOnPend), (8 bytes).
    Removing stm32u0xx_hal_pwr.o(.text.HAL_PWR_PVDCallback), (2 bytes).
    Removing stm32u0xx_hal_pwr.o(.ARM.exidx.text.HAL_PWR_PVDCallback), (8 bytes).
    Removing stm32u0xx_hal_pwr_ex.o(.text), (0 bytes).
    Removing stm32u0xx_hal_pwr_ex.o(.ARM.exidx.text.HAL_PWREx_ControlVoltageScaling), (8 bytes).
    Removing stm32u0xx_hal_pwr_ex.o(.ARM.exidx.text.HAL_PWREx_GetVoltageRange), (8 bytes).
    Removing stm32u0xx_hal_pwr_ex.o(.text.HAL_PWREx_EnableLowPowerRunMode), (20 bytes).
    Removing stm32u0xx_hal_pwr_ex.o(.ARM.exidx.text.HAL_PWREx_EnableLowPowerRunMode), (8 bytes).
    Removing stm32u0xx_hal_pwr_ex.o(.text.HAL_PWREx_DisableLowPowerRunMode), (68 bytes).
    Removing stm32u0xx_hal_pwr_ex.o(.ARM.exidx.text.HAL_PWREx_DisableLowPowerRunMode), (8 bytes).
    Removing stm32u0xx_hal_pwr_ex.o(.text.HAL_PWREx_EnterSTOP1Mode), (60 bytes).
    Removing stm32u0xx_hal_pwr_ex.o(.ARM.exidx.text.HAL_PWREx_EnterSTOP1Mode), (8 bytes).
    Removing stm32u0xx_hal_pwr_ex.o(.text.HAL_PWREx_EnterSTOP2Mode), (72 bytes).
    Removing stm32u0xx_hal_pwr_ex.o(.ARM.exidx.text.HAL_PWREx_EnterSTOP2Mode), (8 bytes).
    Removing stm32u0xx_hal_pwr_ex.o(.text.HAL_PWREx_EnablePVM1), (16 bytes).
    Removing stm32u0xx_hal_pwr_ex.o(.ARM.exidx.text.HAL_PWREx_EnablePVM1), (8 bytes).
    Removing stm32u0xx_hal_pwr_ex.o(.text.HAL_PWREx_DisablePVM1), (16 bytes).
    Removing stm32u0xx_hal_pwr_ex.o(.ARM.exidx.text.HAL_PWREx_DisablePVM1), (8 bytes).
    Removing stm32u0xx_hal_pwr_ex.o(.text.HAL_PWREx_EnablePVM3), (16 bytes).
    Removing stm32u0xx_hal_pwr_ex.o(.ARM.exidx.text.HAL_PWREx_EnablePVM3), (8 bytes).
    Removing stm32u0xx_hal_pwr_ex.o(.text.HAL_PWREx_DisablePVM3), (16 bytes).
    Removing stm32u0xx_hal_pwr_ex.o(.ARM.exidx.text.HAL_PWREx_DisablePVM3), (8 bytes).
    Removing stm32u0xx_hal_pwr_ex.o(.text.HAL_PWREx_EnablePVM4), (16 bytes).
    Removing stm32u0xx_hal_pwr_ex.o(.ARM.exidx.text.HAL_PWREx_EnablePVM4), (8 bytes).
    Removing stm32u0xx_hal_pwr_ex.o(.text.HAL_PWREx_DisablePVM4), (16 bytes).
    Removing stm32u0xx_hal_pwr_ex.o(.ARM.exidx.text.HAL_PWREx_DisablePVM4), (8 bytes).
    Removing stm32u0xx_hal_pwr_ex.o(.text.HAL_PWREx_ConfigPVM), (328 bytes).
    Removing stm32u0xx_hal_pwr_ex.o(.ARM.exidx.text.HAL_PWREx_ConfigPVM), (8 bytes).
    Removing stm32u0xx_hal_pwr_ex.o(.text.HAL_PWREx_EnableVddUSB), (20 bytes).
    Removing stm32u0xx_hal_pwr_ex.o(.ARM.exidx.text.HAL_PWREx_EnableVddUSB), (8 bytes).
    Removing stm32u0xx_hal_pwr_ex.o(.text.HAL_PWREx_DisableVddUSB), (20 bytes).
    Removing stm32u0xx_hal_pwr_ex.o(.ARM.exidx.text.HAL_PWREx_DisableVddUSB), (8 bytes).
    Removing stm32u0xx_hal_pwr_ex.o(.text.HAL_PWREx_EnableBatteryCharging), (32 bytes).
    Removing stm32u0xx_hal_pwr_ex.o(.ARM.exidx.text.HAL_PWREx_EnableBatteryCharging), (8 bytes).
    Removing stm32u0xx_hal_pwr_ex.o(.text.HAL_PWREx_DisableBatteryCharging), (20 bytes).
    Removing stm32u0xx_hal_pwr_ex.o(.ARM.exidx.text.HAL_PWREx_DisableBatteryCharging), (8 bytes).
    Removing stm32u0xx_hal_pwr_ex.o(.text.HAL_PWREx_PVD_PVM_IRQHandler), (168 bytes).
    Removing stm32u0xx_hal_pwr_ex.o(.ARM.exidx.text.HAL_PWREx_PVD_PVM_IRQHandler), (8 bytes).
    Removing stm32u0xx_hal_pwr_ex.o(.text.HAL_PWREx_PVM1_Callback), (2 bytes).
    Removing stm32u0xx_hal_pwr_ex.o(.ARM.exidx.text.HAL_PWREx_PVM1_Callback), (8 bytes).
    Removing stm32u0xx_hal_pwr_ex.o(.text.HAL_PWREx_PVM3_Callback), (2 bytes).
    Removing stm32u0xx_hal_pwr_ex.o(.ARM.exidx.text.HAL_PWREx_PVM3_Callback), (8 bytes).
    Removing stm32u0xx_hal_pwr_ex.o(.text.HAL_PWREx_PVM4_Callback), (2 bytes).
    Removing stm32u0xx_hal_pwr_ex.o(.ARM.exidx.text.HAL_PWREx_PVM4_Callback), (8 bytes).
    Removing stm32u0xx_hal_pwr_ex.o(.text.HAL_PWREx_EnableInternalWakeUpLine), (20 bytes).
    Removing stm32u0xx_hal_pwr_ex.o(.ARM.exidx.text.HAL_PWREx_EnableInternalWakeUpLine), (8 bytes).
    Removing stm32u0xx_hal_pwr_ex.o(.text.HAL_PWREx_DisableInternalWakeUpLine), (20 bytes).
    Removing stm32u0xx_hal_pwr_ex.o(.ARM.exidx.text.HAL_PWREx_DisableInternalWakeUpLine), (8 bytes).
    Removing stm32u0xx_hal_pwr_ex.o(.text.HAL_PWREx_EnableSRAMContentRetention), (20 bytes).
    Removing stm32u0xx_hal_pwr_ex.o(.ARM.exidx.text.HAL_PWREx_EnableSRAMContentRetention), (8 bytes).
    Removing stm32u0xx_hal_pwr_ex.o(.text.HAL_PWREx_DisableSRAMContentRetention), (20 bytes).
    Removing stm32u0xx_hal_pwr_ex.o(.ARM.exidx.text.HAL_PWREx_DisableSRAMContentRetention), (8 bytes).
    Removing stm32u0xx_hal_pwr_ex.o(.text.HAL_PWREx_EnableFlashPowerDown), (16 bytes).
    Removing stm32u0xx_hal_pwr_ex.o(.ARM.exidx.text.HAL_PWREx_EnableFlashPowerDown), (8 bytes).
    Removing stm32u0xx_hal_pwr_ex.o(.text.HAL_PWREx_DisableFlashPowerDown), (16 bytes).
    Removing stm32u0xx_hal_pwr_ex.o(.ARM.exidx.text.HAL_PWREx_DisableFlashPowerDown), (8 bytes).
    Removing stm32u0xx_hal_pwr_ex.o(.text.HAL_PWREx_EnableUltraLowPowerMode), (20 bytes).
    Removing stm32u0xx_hal_pwr_ex.o(.ARM.exidx.text.HAL_PWREx_EnableUltraLowPowerMode), (8 bytes).
    Removing stm32u0xx_hal_pwr_ex.o(.text.HAL_PWREx_DisableUltraLowPowerMode), (20 bytes).
    Removing stm32u0xx_hal_pwr_ex.o(.ARM.exidx.text.HAL_PWREx_DisableUltraLowPowerMode), (8 bytes).
    Removing stm32u0xx_hal_pwr_ex.o(.text.HAL_PWREx_EnablePullUpPullDownConfig), (20 bytes).
    Removing stm32u0xx_hal_pwr_ex.o(.ARM.exidx.text.HAL_PWREx_EnablePullUpPullDownConfig), (8 bytes).
    Removing stm32u0xx_hal_pwr_ex.o(.text.HAL_PWREx_DisablePullUpPullDownConfig), (20 bytes).
    Removing stm32u0xx_hal_pwr_ex.o(.ARM.exidx.text.HAL_PWREx_DisablePullUpPullDownConfig), (8 bytes).
    Removing stm32u0xx_hal_pwr_ex.o(.text.HAL_PWREx_EnableGPIOPullUp), (144 bytes).
    Removing stm32u0xx_hal_pwr_ex.o(.ARM.exidx.text.HAL_PWREx_EnableGPIOPullUp), (8 bytes).
    Removing stm32u0xx_hal_pwr_ex.o(.text.HAL_PWREx_DisableGPIOPullUp), (144 bytes).
    Removing stm32u0xx_hal_pwr_ex.o(.ARM.exidx.text.HAL_PWREx_DisableGPIOPullUp), (8 bytes).
    Removing stm32u0xx_hal_pwr_ex.o(.text.HAL_PWREx_EnableGPIOPullDown), (172 bytes).
    Removing stm32u0xx_hal_pwr_ex.o(.ARM.exidx.text.HAL_PWREx_EnableGPIOPullDown), (8 bytes).
    Removing stm32u0xx_hal_pwr_ex.o(.text.HAL_PWREx_DisableGPIOPullDown), (96 bytes).
    Removing stm32u0xx_hal_pwr_ex.o(.ARM.exidx.text.HAL_PWREx_DisableGPIOPullDown), (8 bytes).
    Removing stm32u0xx_hal.o(.text), (0 bytes).
    Removing stm32u0xx_hal.o(.ARM.exidx.text.HAL_Init), (8 bytes).
    Removing stm32u0xx_hal.o(.ARM.exidx.text.HAL_InitTick), (8 bytes).
    Removing stm32u0xx_hal.o(.text.HAL_MspInit), (2 bytes).
    Removing stm32u0xx_hal.o(.ARM.exidx.text.HAL_MspInit), (8 bytes).
    Removing stm32u0xx_hal.o(.text.HAL_DeInit), (36 bytes).
    Removing stm32u0xx_hal.o(.ARM.exidx.text.HAL_DeInit), (8 bytes).
    Removing stm32u0xx_hal.o(.text.HAL_MspDeInit), (2 bytes).
    Removing stm32u0xx_hal.o(.ARM.exidx.text.HAL_MspDeInit), (8 bytes).
    Removing stm32u0xx_hal.o(.ARM.exidx.text.HAL_IncTick), (8 bytes).
    Removing stm32u0xx_hal.o(.ARM.exidx.text.HAL_GetTick), (8 bytes).
    Removing stm32u0xx_hal.o(.text.HAL_GetTickPrio), (12 bytes).
    Removing stm32u0xx_hal.o(.ARM.exidx.text.HAL_GetTickPrio), (8 bytes).
    Removing stm32u0xx_hal.o(.text.HAL_SetTickFreq), (28 bytes).
    Removing stm32u0xx_hal.o(.ARM.exidx.text.HAL_SetTickFreq), (8 bytes).
    Removing stm32u0xx_hal.o(.text.HAL_GetTickFreq), (12 bytes).
    Removing stm32u0xx_hal.o(.ARM.exidx.text.HAL_GetTickFreq), (8 bytes).
    Removing stm32u0xx_hal.o(.text.HAL_Delay), (36 bytes).
    Removing stm32u0xx_hal.o(.ARM.exidx.text.HAL_Delay), (8 bytes).
    Removing stm32u0xx_hal.o(.text.HAL_SuspendTick), (16 bytes).
    Removing stm32u0xx_hal.o(.ARM.exidx.text.HAL_SuspendTick), (8 bytes).
    Removing stm32u0xx_hal.o(.text.HAL_ResumeTick), (16 bytes).
    Removing stm32u0xx_hal.o(.ARM.exidx.text.HAL_ResumeTick), (8 bytes).
    Removing stm32u0xx_hal.o(.text.HAL_GetHalVersion), (6 bytes).
    Removing stm32u0xx_hal.o(.ARM.exidx.text.HAL_GetHalVersion), (8 bytes).
    Removing stm32u0xx_hal.o(.text.HAL_GetREVID), (12 bytes).
    Removing stm32u0xx_hal.o(.ARM.exidx.text.HAL_GetREVID), (8 bytes).
    Removing stm32u0xx_hal.o(.text.HAL_GetDEVID), (20 bytes).
    Removing stm32u0xx_hal.o(.ARM.exidx.text.HAL_GetDEVID), (8 bytes).
    Removing stm32u0xx_hal.o(.text.HAL_GetUIDw0), (12 bytes).
    Removing stm32u0xx_hal.o(.ARM.exidx.text.HAL_GetUIDw0), (8 bytes).
    Removing stm32u0xx_hal.o(.text.HAL_GetUIDw1), (12 bytes).
    Removing stm32u0xx_hal.o(.ARM.exidx.text.HAL_GetUIDw1), (8 bytes).
    Removing stm32u0xx_hal.o(.text.HAL_GetUIDw2), (12 bytes).
    Removing stm32u0xx_hal.o(.ARM.exidx.text.HAL_GetUIDw2), (8 bytes).
    Removing stm32u0xx_hal.o(.text.HAL_DBGMCU_EnableDBGStopMode), (16 bytes).
    Removing stm32u0xx_hal.o(.ARM.exidx.text.HAL_DBGMCU_EnableDBGStopMode), (8 bytes).
    Removing stm32u0xx_hal.o(.text.HAL_DBGMCU_DisableDBGStopMode), (16 bytes).
    Removing stm32u0xx_hal.o(.ARM.exidx.text.HAL_DBGMCU_DisableDBGStopMode), (8 bytes).
    Removing stm32u0xx_hal.o(.text.HAL_DBGMCU_EnableDBGStandbyMode), (16 bytes).
    Removing stm32u0xx_hal.o(.ARM.exidx.text.HAL_DBGMCU_EnableDBGStandbyMode), (8 bytes).
    Removing stm32u0xx_hal.o(.text.HAL_DBGMCU_DisableDBGStandbyMode), (16 bytes).
    Removing stm32u0xx_hal.o(.ARM.exidx.text.HAL_DBGMCU_DisableDBGStandbyMode), (8 bytes).
    Removing stm32u0xx_hal.o(.text.HAL_SYSCFG_VREFBUF_VoltageScalingConfig), (20 bytes).
    Removing stm32u0xx_hal.o(.ARM.exidx.text.HAL_SYSCFG_VREFBUF_VoltageScalingConfig), (8 bytes).
    Removing stm32u0xx_hal.o(.text.HAL_SYSCFG_VREFBUF_HighImpedanceConfig), (20 bytes).
    Removing stm32u0xx_hal.o(.ARM.exidx.text.HAL_SYSCFG_VREFBUF_HighImpedanceConfig), (8 bytes).
    Removing stm32u0xx_hal.o(.text.HAL_SYSCFG_VREFBUF_TrimmingConfig), (20 bytes).
    Removing stm32u0xx_hal.o(.ARM.exidx.text.HAL_SYSCFG_VREFBUF_TrimmingConfig), (8 bytes).
    Removing stm32u0xx_hal.o(.text.HAL_SYSCFG_EnableVREFBUF), (48 bytes).
    Removing stm32u0xx_hal.o(.ARM.exidx.text.HAL_SYSCFG_EnableVREFBUF), (8 bytes).
    Removing stm32u0xx_hal.o(.text.HAL_SYSCFG_DisableVREFBUF), (16 bytes).
    Removing stm32u0xx_hal.o(.ARM.exidx.text.HAL_SYSCFG_DisableVREFBUF), (8 bytes).
    Removing stm32u0xx_hal.o(.text.HAL_SYSCFG_EnableIOAnalogSwitchBooster), (20 bytes).
    Removing stm32u0xx_hal.o(.ARM.exidx.text.HAL_SYSCFG_EnableIOAnalogSwitchBooster), (8 bytes).
    Removing stm32u0xx_hal.o(.text.HAL_SYSCFG_DisableIOAnalogSwitchBooster), (20 bytes).
    Removing stm32u0xx_hal.o(.ARM.exidx.text.HAL_SYSCFG_DisableIOAnalogSwitchBooster), (8 bytes).
    Removing stm32u0xx_hal.o(.text.HAL_SYSCFG_EnableRemap), (16 bytes).
    Removing stm32u0xx_hal.o(.ARM.exidx.text.HAL_SYSCFG_EnableRemap), (8 bytes).
    Removing stm32u0xx_hal.o(.text.HAL_SYSCFG_DisableRemap), (16 bytes).
    Removing stm32u0xx_hal.o(.ARM.exidx.text.HAL_SYSCFG_DisableRemap), (8 bytes).
    Removing stm32u0xx_hal.o(.text.HAL_SYSCFG_EnableTSCComparatorMode), (16 bytes).
    Removing stm32u0xx_hal.o(.ARM.exidx.text.HAL_SYSCFG_EnableTSCComparatorMode), (8 bytes).
    Removing stm32u0xx_hal.o(.text.HAL_SYSCFG_DisableTSCComparatorMode), (16 bytes).
    Removing stm32u0xx_hal.o(.ARM.exidx.text.HAL_SYSCFG_DisableTSCComparatorMode), (8 bytes).
    Removing stm32u0xx_hal.o(.text.HAL_SYSCFG_SetTSCComparatorModeIO), (16 bytes).
    Removing stm32u0xx_hal.o(.ARM.exidx.text.HAL_SYSCFG_SetTSCComparatorModeIO), (8 bytes).
    Removing stm32u0xx_hal.o(.text.HAL_SYSCFG_GetTSCComparatorModeIO), (20 bytes).
    Removing stm32u0xx_hal.o(.ARM.exidx.text.HAL_SYSCFG_GetTSCComparatorModeIO), (8 bytes).
    Removing stm32u0xx_hal.o(.text.HAL_SYSCFG_ClearTSCComparatorModeIO), (16 bytes).
    Removing stm32u0xx_hal.o(.ARM.exidx.text.HAL_SYSCFG_ClearTSCComparatorModeIO), (8 bytes).
    Removing stm32u0xx_hal.o(.text.HAL_SYSCFG_LockSRAM2), (12 bytes).
    Removing stm32u0xx_hal.o(.ARM.exidx.text.HAL_SYSCFG_LockSRAM2), (8 bytes).
    Removing stm32u0xx_hal.o(.text.HAL_SYSCFG_UnlockSRAM2), (16 bytes).
    Removing stm32u0xx_hal.o(.ARM.exidx.text.HAL_SYSCFG_UnlockSRAM2), (8 bytes).
    Removing stm32u0xx_hal.o(.text.HAL_SYSCFG_EraseSRAM2), (16 bytes).
    Removing stm32u0xx_hal.o(.ARM.exidx.text.HAL_SYSCFG_EraseSRAM2), (8 bytes).
    Removing stm32u0xx_hal_exti.o(.text), (0 bytes).
    Removing stm32u0xx_hal_exti.o(.text.HAL_EXTI_SetConfigLine), (176 bytes).
    Removing stm32u0xx_hal_exti.o(.ARM.exidx.text.HAL_EXTI_SetConfigLine), (8 bytes).
    Removing stm32u0xx_hal_exti.o(.text.HAL_EXTI_GetConfigLine), (164 bytes).
    Removing stm32u0xx_hal_exti.o(.ARM.exidx.text.HAL_EXTI_GetConfigLine), (8 bytes).
    Removing stm32u0xx_hal_exti.o(.text.HAL_EXTI_ClearConfigLine), (112 bytes).
    Removing stm32u0xx_hal_exti.o(.ARM.exidx.text.HAL_EXTI_ClearConfigLine), (8 bytes).
    Removing stm32u0xx_hal_exti.o(.text.HAL_EXTI_RegisterCallback), (34 bytes).
    Removing stm32u0xx_hal_exti.o(.ARM.exidx.text.HAL_EXTI_RegisterCallback), (8 bytes).
    Removing stm32u0xx_hal_exti.o(.text.HAL_EXTI_GetHandle), (14 bytes).
    Removing stm32u0xx_hal_exti.o(.ARM.exidx.text.HAL_EXTI_GetHandle), (8 bytes).
    Removing stm32u0xx_hal_exti.o(.text.HAL_EXTI_IRQHandler), (68 bytes).
    Removing stm32u0xx_hal_exti.o(.ARM.exidx.text.HAL_EXTI_IRQHandler), (8 bytes).
    Removing stm32u0xx_hal_exti.o(.text.HAL_EXTI_GetPending), (40 bytes).
    Removing stm32u0xx_hal_exti.o(.ARM.exidx.text.HAL_EXTI_GetPending), (8 bytes).
    Removing stm32u0xx_hal_exti.o(.text.HAL_EXTI_ClearPending), (36 bytes).
    Removing stm32u0xx_hal_exti.o(.ARM.exidx.text.HAL_EXTI_ClearPending), (8 bytes).
    Removing stm32u0xx_hal_exti.o(.text.HAL_EXTI_GenerateSWI), (28 bytes).
    Removing stm32u0xx_hal_exti.o(.ARM.exidx.text.HAL_EXTI_GenerateSWI), (8 bytes).
    Removing stm32u0xx_hal_tim.o(.text), (0 bytes).
    Removing stm32u0xx_hal_tim_ex.o(.text), (0 bytes).
    Removing system_stm32u0xx.o(.text), (0 bytes).
    Removing system_stm32u0xx.o(.ARM.exidx.text.SystemInit), (8 bytes).
    Removing system_stm32u0xx.o(.text.SystemCoreClockUpdate), (200 bytes).
    Removing system_stm32u0xx.o(.ARM.exidx.text.SystemCoreClockUpdate), (8 bytes).
    Removing system_stm32u0xx.o(.rodata.APBPrescTable), (8 bytes).

444 unused section(s) (total 14980 bytes) removed from the image.

==============================================================================

Image Symbol Table

    Local Symbols

    Symbol Name                              Value     Ov Type        Size  Object(Section)

    ../clib/angel/boardlib.s                 0x00000000   Number         0  boardinit1.o ABSOLUTE
    ../clib/angel/boardlib.s                 0x00000000   Number         0  boardinit2.o ABSOLUTE
    ../clib/angel/boardlib.s                 0x00000000   Number         0  boardinit3.o ABSOLUTE
    ../clib/angel/boardlib.s                 0x00000000   Number         0  boardshut.o ABSOLUTE
    ../clib/angel/handlers.s                 0x00000000   Number         0  __scatter_copy.o ABSOLUTE
    ../clib/angel/handlers.s                 0x00000000   Number         0  __scatter_zi.o ABSOLUTE
    ../clib/angel/kernel.s                   0x00000000   Number         0  __rtentry.o ABSOLUTE
    ../clib/angel/kernel.s                   0x00000000   Number         0  __rtentry2.o ABSOLUTE
    ../clib/angel/kernel.s                   0x00000000   Number         0  __rtentry4.o ABSOLUTE
    ../clib/angel/kernel.s                   0x00000000   Number         0  rtexit.o ABSOLUTE
    ../clib/angel/kernel.s                   0x00000000   Number         0  rtexit2.o ABSOLUTE
    ../clib/angel/rt.s                       0x00000000   Number         0  aeabi_idiv0.o ABSOLUTE
    ../clib/angel/rt.s                       0x00000000   Number         0  aeabi_idiv0_sigfpe.o ABSOLUTE
    ../clib/angel/rt.s                       0x00000000   Number         0  rt_div0.o ABSOLUTE
    ../clib/angel/rt.s                       0x00000000   Number         0  rt_raise.o ABSOLUTE
    ../clib/angel/scatterp.s                 0x00000000   Number         0  __scatter.o ABSOLUTE
    ../clib/angel/startup.s                  0x00000000   Number         0  __main.o ABSOLUTE
    ../clib/angel/sys.s                      0x00000000   Number         0  sys_stackheap_outer.o ABSOLUTE
    ../clib/angel/sys.s                      0x00000000   Number         0  libspace.o ABSOLUTE
    ../clib/angel/sys.s                      0x00000000   Number         0  tempstk.o ABSOLUTE
    ../clib/angel/sys.s                      0x00000000   Number         0  use_no_semi.o ABSOLUTE
    ../clib/angel/sys.s                      0x00000000   Number         0  indicate_semi.o ABSOLUTE
    ../clib/angel/sysapp.c                   0x00000000   Number         0  sys_exit.o ABSOLUTE
    ../clib/angel/sysapp.c                   0x00000000   Number         0  sys_exit_hlt.o ABSOLUTE
    ../clib/angel/sysapp.c                   0x00000000   Number         0  sys_wrch.o ABSOLUTE
    ../clib/angel/sysapp.c                   0x00000000   Number         0  sys_wrch_hlt.o ABSOLUTE
    ../clib/angel/sysapp.c                   0x00000000   Number         0  sys_command.o ABSOLUTE
    ../clib/angel/sysapp.c                   0x00000000   Number         0  sys_command_hlt.o ABSOLUTE
    ../clib/armsys.c                         0x00000000   Number         0  argv_veneer.o ABSOLUTE
    ../clib/armsys.c                         0x00000000   Number         0  _get_argv_nomalloc.o ABSOLUTE
    ../clib/armsys.c                         0x00000000   Number         0  no_argv.o ABSOLUTE
    ../clib/division.s                       0x00000000   Number         0  aeabi_sdivfast.o ABSOLUTE
    ../clib/division.s                       0x00000000   Number         0  aeabi_sdivfast_div0.o ABSOLUTE
    ../clib/heapalloc.c                      0x00000000   Number         0  hrguard.o ABSOLUTE
    ../clib/heapaux.c                        0x00000000   Number         0  heapauxi.o ABSOLUTE
    ../clib/libinit.s                        0x00000000   Number         0  libinit.o ABSOLUTE
    ../clib/libinit.s                        0x00000000   Number         0  libinit2.o ABSOLUTE
    ../clib/libinit.s                        0x00000000   Number         0  libshutdown.o ABSOLUTE
    ../clib/libinit.s                        0x00000000   Number         0  libshutdown2.o ABSOLUTE
    ../clib/memcpset.c                       0x00000000   Number         0  rt_memclr.o ABSOLUTE
    ../clib/signal.c                         0x00000000   Number         0  defsig_fpe_outer.o ABSOLUTE
    ../clib/signal.c                         0x00000000   Number         0  defsig_fpe_formal.o ABSOLUTE
    ../clib/signal.c                         0x00000000   Number         0  defsig_exit.o ABSOLUTE
    ../clib/signal.c                         0x00000000   Number         0  defsig_fpe_inner.o ABSOLUTE
    ../clib/signal.c                         0x00000000   Number         0  __raise.o ABSOLUTE
    ../clib/signal.c                         0x00000000   Number         0  defsig_general.o ABSOLUTE
    ../clib/signal.c                         0x00000000   Number         0  defsig_abrt_inner.o ABSOLUTE
    ../clib/signal.c                         0x00000000   Number         0  defsig_rtred_inner.o ABSOLUTE
    ../clib/signal.c                         0x00000000   Number         0  defsig_rtmem_inner.o ABSOLUTE
    ../clib/signal.c                         0x00000000   Number         0  defsig_rtmem_outer.o ABSOLUTE
    ../clib/signal.c                         0x00000000   Number         0  defsig_rtmem_formal.o ABSOLUTE
    ../clib/signal.c                         0x00000000   Number         0  defsig_stak_inner.o ABSOLUTE
    ../clib/signal.c                         0x00000000   Number         0  defsig_pvfn_inner.o ABSOLUTE
    ../clib/signal.c                         0x00000000   Number         0  defsig_cppl_inner.o ABSOLUTE
    ../clib/signal.c                         0x00000000   Number         0  defsig_segv_inner.o ABSOLUTE
    ../clib/signal.c                         0x00000000   Number         0  defsig_other.o ABSOLUTE
    ../clib/signal.s                         0x00000000   Number         0  defsig.o ABSOLUTE
    ../clib/stdlib.c                         0x00000000   Number         0  exit.o ABSOLUTE
    ../fplib/cfplib/fpinit.c                 0x00000000   Number         0  fpinit.o ABSOLUTE
    dc.s                                     0x00000000   Number         0  dc.o ABSOLUTE
    gpio.c                                   0x00000000   Number         0  gpio.o ABSOLUTE
    main.c                                   0x00000000   Number         0  main.o ABSOLUTE
    startup_stm32u083xx.s                    0x00000000   Number         0  startup_stm32u083xx.o ABSOLUTE
    stm32u0xx_hal.c                          0x00000000   Number         0  stm32u0xx_hal.o ABSOLUTE
    stm32u0xx_hal_cortex.c                   0x00000000   Number         0  stm32u0xx_hal_cortex.o ABSOLUTE
    stm32u0xx_hal_dma.c                      0x00000000   Number         0  stm32u0xx_hal_dma.o ABSOLUTE
    stm32u0xx_hal_dma_ex.c                   0x00000000   Number         0  stm32u0xx_hal_dma_ex.o ABSOLUTE
    stm32u0xx_hal_exti.c                     0x00000000   Number         0  stm32u0xx_hal_exti.o ABSOLUTE
    stm32u0xx_hal_flash.c                    0x00000000   Number         0  stm32u0xx_hal_flash.o ABSOLUTE
    stm32u0xx_hal_flash_ex.c                 0x00000000   Number         0  stm32u0xx_hal_flash_ex.o ABSOLUTE
    stm32u0xx_hal_gpio.c                     0x00000000   Number         0  stm32u0xx_hal_gpio.o ABSOLUTE
    stm32u0xx_hal_msp.c                      0x00000000   Number         0  stm32u0xx_hal_msp.o ABSOLUTE
    stm32u0xx_hal_pwr.c                      0x00000000   Number         0  stm32u0xx_hal_pwr.o ABSOLUTE
    stm32u0xx_hal_pwr_ex.c                   0x00000000   Number         0  stm32u0xx_hal_pwr_ex.o ABSOLUTE
    stm32u0xx_hal_rcc.c                      0x00000000   Number         0  stm32u0xx_hal_rcc.o ABSOLUTE
    stm32u0xx_hal_rcc_ex.c                   0x00000000   Number         0  stm32u0xx_hal_rcc_ex.o ABSOLUTE
    stm32u0xx_hal_tim.c                      0x00000000   Number         0  stm32u0xx_hal_tim.o ABSOLUTE
    stm32u0xx_hal_tim_ex.c                   0x00000000   Number         0  stm32u0xx_hal_tim_ex.o ABSOLUTE
    stm32u0xx_it.c                           0x00000000   Number         0  stm32u0xx_it.o ABSOLUTE
    system_stm32u0xx.c                       0x00000000   Number         0  system_stm32u0xx.o ABSOLUTE
    RESET                                    0x08000000   Section      192  startup_stm32u083xx.o(RESET)
    !!!main                                  0x080000c0   Section        8  __main.o(!!!main)
    !!!scatter                               0x080000c8   Section       60  __scatter.o(!!!scatter)
    !!handler_copy                           0x08000104   Section       26  __scatter_copy.o(!!handler_copy)
    !!handler_zi                             0x08000120   Section       28  __scatter_zi.o(!!handler_zi)
    .ARM.Collect$$libinit$$00000000          0x0800013c   Section        2  libinit.o(.ARM.Collect$$libinit$$00000000)
    .ARM.Collect$$libinit$$00000002          0x0800013e   Section        0  libinit2.o(.ARM.Collect$$libinit$$00000002)
    .ARM.Collect$$libinit$$00000004          0x0800013e   Section        0  libinit2.o(.ARM.Collect$$libinit$$00000004)
    .ARM.Collect$$libinit$$0000000A          0x0800013e   Section        0  libinit2.o(.ARM.Collect$$libinit$$0000000A)
    .ARM.Collect$$libinit$$0000000C          0x0800013e   Section        0  libinit2.o(.ARM.Collect$$libinit$$0000000C)
    .ARM.Collect$$libinit$$0000000E          0x0800013e   Section        0  libinit2.o(.ARM.Collect$$libinit$$0000000E)
    .ARM.Collect$$libinit$$00000011          0x0800013e   Section        0  libinit2.o(.ARM.Collect$$libinit$$00000011)
    .ARM.Collect$$libinit$$00000013          0x0800013e   Section        0  libinit2.o(.ARM.Collect$$libinit$$00000013)
    .ARM.Collect$$libinit$$00000015          0x0800013e   Section        0  libinit2.o(.ARM.Collect$$libinit$$00000015)
    .ARM.Collect$$libinit$$00000017          0x0800013e   Section        0  libinit2.o(.ARM.Collect$$libinit$$00000017)
    .ARM.Collect$$libinit$$00000019          0x0800013e   Section        0  libinit2.o(.ARM.Collect$$libinit$$00000019)
    .ARM.Collect$$libinit$$0000001B          0x0800013e   Section        0  libinit2.o(.ARM.Collect$$libinit$$0000001B)
    .ARM.Collect$$libinit$$0000001D          0x0800013e   Section        0  libinit2.o(.ARM.Collect$$libinit$$0000001D)
    .ARM.Collect$$libinit$$0000001F          0x0800013e   Section        0  libinit2.o(.ARM.Collect$$libinit$$0000001F)
    .ARM.Collect$$libinit$$00000021          0x0800013e   Section        0  libinit2.o(.ARM.Collect$$libinit$$00000021)
    .ARM.Collect$$libinit$$00000023          0x0800013e   Section        0  libinit2.o(.ARM.Collect$$libinit$$00000023)
    .ARM.Collect$$libinit$$00000025          0x0800013e   Section        0  libinit2.o(.ARM.Collect$$libinit$$00000025)
    .ARM.Collect$$libinit$$0000002C          0x0800013e   Section        0  libinit2.o(.ARM.Collect$$libinit$$0000002C)
    .ARM.Collect$$libinit$$0000002E          0x0800013e   Section        0  libinit2.o(.ARM.Collect$$libinit$$0000002E)
    .ARM.Collect$$libinit$$00000030          0x0800013e   Section        0  libinit2.o(.ARM.Collect$$libinit$$00000030)
    .ARM.Collect$$libinit$$00000032          0x0800013e   Section        0  libinit2.o(.ARM.Collect$$libinit$$00000032)
    .ARM.Collect$$libinit$$00000033          0x0800013e   Section        2  libinit2.o(.ARM.Collect$$libinit$$00000033)
    .ARM.Collect$$libshutdown$$00000000      0x08000140   Section        2  libshutdown.o(.ARM.Collect$$libshutdown$$00000000)
    .ARM.Collect$$libshutdown$$00000002      0x08000142   Section        0  libshutdown2.o(.ARM.Collect$$libshutdown$$00000002)
    .ARM.Collect$$libshutdown$$00000004      0x08000142   Section        0  libshutdown2.o(.ARM.Collect$$libshutdown$$00000004)
    .ARM.Collect$$libshutdown$$00000007      0x08000142   Section        0  libshutdown2.o(.ARM.Collect$$libshutdown$$00000007)
    .ARM.Collect$$libshutdown$$0000000A      0x08000142   Section        0  libshutdown2.o(.ARM.Collect$$libshutdown$$0000000A)
    .ARM.Collect$$libshutdown$$0000000C      0x08000142   Section        0  libshutdown2.o(.ARM.Collect$$libshutdown$$0000000C)
    .ARM.Collect$$libshutdown$$0000000F      0x08000142   Section        0  libshutdown2.o(.ARM.Collect$$libshutdown$$0000000F)
    .ARM.Collect$$libshutdown$$00000010      0x08000142   Section        2  libshutdown2.o(.ARM.Collect$$libshutdown$$00000010)
    .ARM.Collect$$rtentry$$00000000          0x08000144   Section        0  __rtentry.o(.ARM.Collect$$rtentry$$00000000)
    .ARM.Collect$$rtentry$$00000002          0x08000144   Section        0  __rtentry2.o(.ARM.Collect$$rtentry$$00000002)
    .ARM.Collect$$rtentry$$00000004          0x08000144   Section        6  __rtentry4.o(.ARM.Collect$$rtentry$$00000004)
    .ARM.Collect$$rtentry$$00000009          0x0800014a   Section        0  __rtentry2.o(.ARM.Collect$$rtentry$$00000009)
    .ARM.Collect$$rtentry$$0000000A          0x0800014a   Section        4  __rtentry2.o(.ARM.Collect$$rtentry$$0000000A)
    .ARM.Collect$$rtentry$$0000000C          0x0800014e   Section        0  __rtentry2.o(.ARM.Collect$$rtentry$$0000000C)
    .ARM.Collect$$rtentry$$0000000D          0x0800014e   Section        8  __rtentry2.o(.ARM.Collect$$rtentry$$0000000D)
    .ARM.Collect$$rtexit$$00000000           0x08000156   Section        2  rtexit.o(.ARM.Collect$$rtexit$$00000000)
    .ARM.Collect$$rtexit$$00000002           0x08000158   Section        0  rtexit2.o(.ARM.Collect$$rtexit$$00000002)
    .ARM.Collect$$rtexit$$00000003           0x08000158   Section        4  rtexit2.o(.ARM.Collect$$rtexit$$00000003)
    .ARM.Collect$$rtexit$$00000004           0x0800015c   Section        6  rtexit2.o(.ARM.Collect$$rtexit$$00000004)
    .text                                    0x08000164   Section       56  startup_stm32u083xx.o(.text)
    .text                                    0x0800019c   Section        0  rt_memclr.o(.text)
    .text                                    0x080001dc   Section        0  heapauxi.o(.text)
    .text                                    0x080001e2   Section       62  sys_stackheap_outer.o(.text)
    .text                                    0x08000220   Section        0  exit.o(.text)
    .text                                    0x08000230   Section        8  libspace.o(.text)
    .text                                    0x08000238   Section        0  sys_exit.o(.text)
    .text                                    0x08000244   Section        2  use_no_semi.o(.text)
    .text                                    0x08000246   Section        0  indicate_semi.o(.text)
    [Anonymous Symbol]                       0x08000248   Section        0  stm32u0xx_hal_gpio.o(.text.HAL_GPIO_Init)
    __arm_cp.0_0                             0x080003f0   Number         4  stm32u0xx_hal_gpio.o(.text.HAL_GPIO_Init)
    __arm_cp.0_1                             0x080003f4   Number         4  stm32u0xx_hal_gpio.o(.text.HAL_GPIO_Init)
    __arm_cp.0_2                             0x080003f8   Number         4  stm32u0xx_hal_gpio.o(.text.HAL_GPIO_Init)
    [Anonymous Symbol]                       0x080003fc   Section        0  stm32u0xx_hal_gpio.o(.text.HAL_GPIO_WritePin)
    [Anonymous Symbol]                       0x0800040c   Section        0  stm32u0xx_hal.o(.text.HAL_GetTick)
    [Anonymous Symbol]                       0x08000414   Section        0  stm32u0xx_hal.o(.text.HAL_IncTick)
    __arm_cp.5_1                             0x08000424   Number         4  stm32u0xx_hal.o(.text.HAL_IncTick)
    [Anonymous Symbol]                       0x08000428   Section        0  stm32u0xx_hal.o(.text.HAL_Init)
    [Anonymous Symbol]                       0x08000440   Section        0  stm32u0xx_hal.o(.text.HAL_InitTick)
    __arm_cp.1_0                             0x08000480   Number         4  stm32u0xx_hal.o(.text.HAL_InitTick)
    [Anonymous Symbol]                       0x08000484   Section        0  stm32u0xx_hal_msp.o(.text.HAL_MspInit)
    __arm_cp.0_0                             0x080004ac   Number         4  stm32u0xx_hal_msp.o(.text.HAL_MspInit)
    [Anonymous Symbol]                       0x080004b0   Section        0  stm32u0xx_hal_cortex.o(.text.HAL_NVIC_SetPriority)
    __arm_cp.0_0                             0x080004e8   Number         4  stm32u0xx_hal_cortex.o(.text.HAL_NVIC_SetPriority)
    __arm_cp.0_1                             0x080004ec   Number         4  stm32u0xx_hal_cortex.o(.text.HAL_NVIC_SetPriority)
    [Anonymous Symbol]                       0x080004f0   Section        0  stm32u0xx_hal_pwr_ex.o(.text.HAL_PWREx_ControlVoltageScaling)
    __arm_cp.0_2                             0x08000550   Number         4  stm32u0xx_hal_pwr_ex.o(.text.HAL_PWREx_ControlVoltageScaling)
    [Anonymous Symbol]                       0x08000554   Section        0  stm32u0xx_hal_pwr_ex.o(.text.HAL_PWREx_GetVoltageRange)
    __arm_cp.1_0                             0x08000560   Number         4  stm32u0xx_hal_pwr_ex.o(.text.HAL_PWREx_GetVoltageRange)
    [Anonymous Symbol]                       0x08000564   Section        0  stm32u0xx_hal_rcc.o(.text.HAL_RCC_ClockConfig)
    __arm_cp.3_0                             0x08000698   Number         4  stm32u0xx_hal_rcc.o(.text.HAL_RCC_ClockConfig)
    __arm_cp.3_1                             0x0800069c   Number         4  stm32u0xx_hal_rcc.o(.text.HAL_RCC_ClockConfig)
    __arm_cp.3_2                             0x080006a0   Number         4  stm32u0xx_hal_rcc.o(.text.HAL_RCC_ClockConfig)
    __arm_cp.3_3                             0x080006a4   Number         4  stm32u0xx_hal_rcc.o(.text.HAL_RCC_ClockConfig)
    __arm_cp.3_4                             0x080006a8   Number         4  stm32u0xx_hal_rcc.o(.text.HAL_RCC_ClockConfig)
    __arm_cp.3_5                             0x080006ac   Number         4  stm32u0xx_hal_rcc.o(.text.HAL_RCC_ClockConfig)
    [Anonymous Symbol]                       0x080006b0   Section        0  stm32u0xx_hal_rcc.o(.text.HAL_RCC_GetSysClockFreq)
    __arm_cp.2_0                             0x0800075c   Number         4  stm32u0xx_hal_rcc.o(.text.HAL_RCC_GetSysClockFreq)
    __arm_cp.2_2                             0x08000774   Number         4  stm32u0xx_hal_rcc.o(.text.HAL_RCC_GetSysClockFreq)
    __arm_cp.2_3                             0x08000778   Number         4  stm32u0xx_hal_rcc.o(.text.HAL_RCC_GetSysClockFreq)
    __arm_cp.2_4                             0x0800077c   Number         4  stm32u0xx_hal_rcc.o(.text.HAL_RCC_GetSysClockFreq)
    __arm_cp.2_5                             0x08000780   Number         4  stm32u0xx_hal_rcc.o(.text.HAL_RCC_GetSysClockFreq)
    [Anonymous Symbol]                       0x08000784   Section        0  stm32u0xx_hal_rcc.o(.text.HAL_RCC_OscConfig)
    __arm_cp.1_10                            0x08000bdc   Number         4  stm32u0xx_hal_rcc.o(.text.HAL_RCC_OscConfig)
    __arm_cp.1_11                            0x08000be0   Number         4  stm32u0xx_hal_rcc.o(.text.HAL_RCC_OscConfig)
    __arm_cp.1_0                             0x08000e70   Number         4  stm32u0xx_hal_rcc.o(.text.HAL_RCC_OscConfig)
    __arm_cp.1_3                             0x08000e74   Number         4  stm32u0xx_hal_rcc.o(.text.HAL_RCC_OscConfig)
    __arm_cp.1_4                             0x08000e78   Number         4  stm32u0xx_hal_rcc.o(.text.HAL_RCC_OscConfig)
    __arm_cp.1_5                             0x08000e7c   Number         4  stm32u0xx_hal_rcc.o(.text.HAL_RCC_OscConfig)
    __arm_cp.1_7                             0x08000e80   Number         4  stm32u0xx_hal_rcc.o(.text.HAL_RCC_OscConfig)
    __arm_cp.1_8                             0x08000e84   Number         4  stm32u0xx_hal_rcc.o(.text.HAL_RCC_OscConfig)
    [Anonymous Symbol]                       0x08000e88   Section        0  stm32u0xx_hal_cortex.o(.text.HAL_SYSTICK_Config)
    __arm_cp.4_0                             0x08000eb0   Number         4  stm32u0xx_hal_cortex.o(.text.HAL_SYSTICK_Config)
    __arm_cp.4_1                             0x08000eb4   Number         4  stm32u0xx_hal_cortex.o(.text.HAL_SYSTICK_Config)
    __arm_cp.4_2                             0x08000eb8   Number         4  stm32u0xx_hal_cortex.o(.text.HAL_SYSTICK_Config)
    [Anonymous Symbol]                       0x08000ebc   Section        0  stm32u0xx_it.o(.text.HardFault_Handler)
    [Anonymous Symbol]                       0x08000ec0   Section        0  gpio.o(.text.MX_GPIO_Init)
    __arm_cp.0_0                             0x08000f00   Number         4  gpio.o(.text.MX_GPIO_Init)
    [Anonymous Symbol]                       0x08000f04   Section        0  stm32u0xx_it.o(.text.NMI_Handler)
    [Anonymous Symbol]                       0x08000f06   Section        0  stm32u0xx_it.o(.text.PendSV_Handler)
    [Anonymous Symbol]                       0x08000f08   Section        0  stm32u0xx_it.o(.text.SVC_Handler)
    [Anonymous Symbol]                       0x08000f0a   Section        0  stm32u0xx_it.o(.text.SysTick_Handler)
    [Anonymous Symbol]                       0x08000f14   Section        0  system_stm32u0xx.o(.text.SystemInit)
    __arm_cp.0_0                             0x08000f40   Number         4  system_stm32u0xx.o(.text.SystemInit)
    __arm_cp.0_1                             0x08000f44   Number         4  system_stm32u0xx.o(.text.SystemInit)
    __arm_cp.0_2                             0x08000f48   Number         4  system_stm32u0xx.o(.text.SystemInit)
    [Anonymous Symbol]                       0x08000f4c   Section        0  main.o(.text.main)
    .text_divfast                            0x08000fb6   Section      502  aeabi_sdivfast.o(.text_divfast)
    [Anonymous Symbol]                       0x20000000   Section        0  stm32u0xx_hal.o(.data..L_MergedGlobals)
    .bss                                     0x20000010   Section       96  libspace.o(.bss)
    Heap_Mem                                 0x20000078   Data         512  startup_stm32u083xx.o(HEAP)
    HEAP                                     0x20000078   Section      512  startup_stm32u083xx.o(HEAP)
    Stack_Mem                                0x20000278   Data        1024  startup_stm32u083xx.o(STACK)
    STACK                                    0x20000278   Section     1024  startup_stm32u083xx.o(STACK)
    __initial_sp                             0x20000678   Data           0  startup_stm32u083xx.o(STACK)

    Global Symbols

    Symbol Name                              Value     Ov Type        Size  Object(Section)

    BuildAttributes$$THM_ISAv3M$S$PE$A:L22$X:L11$S22$IEEE1$IW$~IW$USESV6$~STKCKD$USESV7$~SHL$OTIME$ROPI$EBA8$UX$STANDARDLIB$REQ8$PRES8$EABIv2 0x00000000   Number         0  anon$$obj.o ABSOLUTE
    __ARM_exceptions_init                     - Undefined Weak Reference
    __alloca_initialize                       - Undefined Weak Reference
    __arm_preinit_                            - Undefined Weak Reference
    __cpp_initialize__aeabi_                  - Undefined Weak Reference
    __cxa_finalize                            - Undefined Weak Reference
    __rt_locale                               - Undefined Weak Reference
    __sigvec_lookup                           - Undefined Weak Reference
    _atexit_init                              - Undefined Weak Reference
    _call_atexit_fns                          - Undefined Weak Reference
    _clock_init                               - Undefined Weak Reference
    _fp_trap_init                             - Undefined Weak Reference
    _fp_trap_shutdown                         - Undefined Weak Reference
    _get_lc_collate                           - Undefined Weak Reference
    _get_lc_ctype                             - Undefined Weak Reference
    _get_lc_monetary                          - Undefined Weak Reference
    _get_lc_numeric                           - Undefined Weak Reference
    _get_lc_time                              - Undefined Weak Reference
    _getenv_init                              - Undefined Weak Reference
    _handle_redirection                       - Undefined Weak Reference
    _init_alloc                               - Undefined Weak Reference
    _init_user_alloc                          - Undefined Weak Reference
    _initio                                   - Undefined Weak Reference
    _rand_init                                - Undefined Weak Reference
    _signal_finish                            - Undefined Weak Reference
    _signal_init                              - Undefined Weak Reference
    _terminate_alloc                          - Undefined Weak Reference
    _terminate_user_alloc                     - Undefined Weak Reference
    _terminateio                              - Undefined Weak Reference
    __Vectors_Size                           0x000000c0   Number         0  startup_stm32u083xx.o ABSOLUTE
    __Vectors                                0x08000000   Data           4  startup_stm32u083xx.o(RESET)
    __Vectors_End                            0x080000c0   Data           0  startup_stm32u083xx.o(RESET)
    __main                                   0x080000c1   Thumb Code     8  __main.o(!!!main)
    __scatterload                            0x080000c9   Thumb Code     0  __scatter.o(!!!scatter)
    __scatterload_rt2                        0x080000c9   Thumb Code    52  __scatter.o(!!!scatter)
    __scatterload_rt2_thumb_only             0x080000c9   Thumb Code     0  __scatter.o(!!!scatter)
    __scatterload_null                       0x080000d9   Thumb Code     0  __scatter.o(!!!scatter)
    __scatterload_copy                       0x08000105   Thumb Code    26  __scatter_copy.o(!!handler_copy)
    __scatterload_zeroinit                   0x08000121   Thumb Code    28  __scatter_zi.o(!!handler_zi)
    __rt_lib_init                            0x0800013d   Thumb Code     0  libinit.o(.ARM.Collect$$libinit$$00000000)
    __rt_lib_init_alloca_1                   0x0800013f   Thumb Code     0  libinit2.o(.ARM.Collect$$libinit$$0000002E)
    __rt_lib_init_argv_1                     0x0800013f   Thumb Code     0  libinit2.o(.ARM.Collect$$libinit$$0000002C)
    __rt_lib_init_atexit_1                   0x0800013f   Thumb Code     0  libinit2.o(.ARM.Collect$$libinit$$0000001B)
    __rt_lib_init_clock_1                    0x0800013f   Thumb Code     0  libinit2.o(.ARM.Collect$$libinit$$00000021)
    __rt_lib_init_cpp_1                      0x0800013f   Thumb Code     0  libinit2.o(.ARM.Collect$$libinit$$00000032)
    __rt_lib_init_exceptions_1               0x0800013f   Thumb Code     0  libinit2.o(.ARM.Collect$$libinit$$00000030)
    __rt_lib_init_fp_1                       0x0800013f   Thumb Code     0  libinit2.o(.ARM.Collect$$libinit$$00000002)
    __rt_lib_init_fp_trap_1                  0x0800013f   Thumb Code     0  libinit2.o(.ARM.Collect$$libinit$$0000001F)
    __rt_lib_init_getenv_1                   0x0800013f   Thumb Code     0  libinit2.o(.ARM.Collect$$libinit$$00000023)
    __rt_lib_init_heap_1                     0x0800013f   Thumb Code     0  libinit2.o(.ARM.Collect$$libinit$$0000000A)
    __rt_lib_init_lc_collate_1               0x0800013f   Thumb Code     0  libinit2.o(.ARM.Collect$$libinit$$00000011)
    __rt_lib_init_lc_ctype_1                 0x0800013f   Thumb Code     0  libinit2.o(.ARM.Collect$$libinit$$00000013)
    __rt_lib_init_lc_monetary_1              0x0800013f   Thumb Code     0  libinit2.o(.ARM.Collect$$libinit$$00000015)
    __rt_lib_init_lc_numeric_1               0x0800013f   Thumb Code     0  libinit2.o(.ARM.Collect$$libinit$$00000017)
    __rt_lib_init_lc_time_1                  0x0800013f   Thumb Code     0  libinit2.o(.ARM.Collect$$libinit$$00000019)
    __rt_lib_init_preinit_1                  0x0800013f   Thumb Code     0  libinit2.o(.ARM.Collect$$libinit$$00000004)
    __rt_lib_init_rand_1                     0x0800013f   Thumb Code     0  libinit2.o(.ARM.Collect$$libinit$$0000000E)
    __rt_lib_init_return                     0x0800013f   Thumb Code     0  libinit2.o(.ARM.Collect$$libinit$$00000033)
    __rt_lib_init_signal_1                   0x0800013f   Thumb Code     0  libinit2.o(.ARM.Collect$$libinit$$0000001D)
    __rt_lib_init_stdio_1                    0x0800013f   Thumb Code     0  libinit2.o(.ARM.Collect$$libinit$$00000025)
    __rt_lib_init_user_alloc_1               0x0800013f   Thumb Code     0  libinit2.o(.ARM.Collect$$libinit$$0000000C)
    __rt_lib_shutdown                        0x08000141   Thumb Code     0  libshutdown.o(.ARM.Collect$$libshutdown$$00000000)
    __rt_lib_shutdown_cpp_1                  0x08000143   Thumb Code     0  libshutdown2.o(.ARM.Collect$$libshutdown$$00000002)
    __rt_lib_shutdown_fp_trap_1              0x08000143   Thumb Code     0  libshutdown2.o(.ARM.Collect$$libshutdown$$00000007)
    __rt_lib_shutdown_heap_1                 0x08000143   Thumb Code     0  libshutdown2.o(.ARM.Collect$$libshutdown$$0000000F)
    __rt_lib_shutdown_return                 0x08000143   Thumb Code     0  libshutdown2.o(.ARM.Collect$$libshutdown$$00000010)
    __rt_lib_shutdown_signal_1               0x08000143   Thumb Code     0  libshutdown2.o(.ARM.Collect$$libshutdown$$0000000A)
    __rt_lib_shutdown_stdio_1                0x08000143   Thumb Code     0  libshutdown2.o(.ARM.Collect$$libshutdown$$00000004)
    __rt_lib_shutdown_user_alloc_1           0x08000143   Thumb Code     0  libshutdown2.o(.ARM.Collect$$libshutdown$$0000000C)
    __rt_entry                               0x08000145   Thumb Code     0  __rtentry.o(.ARM.Collect$$rtentry$$00000000)
    __rt_entry_presh_1                       0x08000145   Thumb Code     0  __rtentry2.o(.ARM.Collect$$rtentry$$00000002)
    __rt_entry_sh                            0x08000145   Thumb Code     0  __rtentry4.o(.ARM.Collect$$rtentry$$00000004)
    __rt_entry_li                            0x0800014b   Thumb Code     0  __rtentry2.o(.ARM.Collect$$rtentry$$0000000A)
    __rt_entry_postsh_1                      0x0800014b   Thumb Code     0  __rtentry2.o(.ARM.Collect$$rtentry$$00000009)
    __rt_entry_main                          0x0800014f   Thumb Code     0  __rtentry2.o(.ARM.Collect$$rtentry$$0000000D)
    __rt_entry_postli_1                      0x0800014f   Thumb Code     0  __rtentry2.o(.ARM.Collect$$rtentry$$0000000C)
    __rt_exit                                0x08000157   Thumb Code     0  rtexit.o(.ARM.Collect$$rtexit$$00000000)
    __rt_exit_ls                             0x08000159   Thumb Code     0  rtexit2.o(.ARM.Collect$$rtexit$$00000003)
    __rt_exit_prels_1                        0x08000159   Thumb Code     0  rtexit2.o(.ARM.Collect$$rtexit$$00000002)
    __rt_exit_exit                           0x0800015d   Thumb Code     0  rtexit2.o(.ARM.Collect$$rtexit$$00000004)
    Reset_Handler                            0x08000165   Thumb Code     8  startup_stm32u083xx.o(.text)
    ADC_COMP1_2_IRQHandler                   0x08000177   Thumb Code     0  startup_stm32u083xx.o(.text)
    DMA1_Ch4_7_DMA2_Ch1_5_DMAMUX_OVR_IRQHandler 0x08000177   Thumb Code     0  startup_stm32u083xx.o(.text)
    DMA1_Channel1_IRQHandler                 0x08000177   Thumb Code     0  startup_stm32u083xx.o(.text)
    DMA1_Channel2_3_IRQHandler               0x08000177   Thumb Code     0  startup_stm32u083xx.o(.text)
    EXTI0_1_IRQHandler                       0x08000177   Thumb Code     0  startup_stm32u083xx.o(.text)
    EXTI2_3_IRQHandler                       0x08000177   Thumb Code     0  startup_stm32u083xx.o(.text)
    EXTI4_15_IRQHandler                      0x08000177   Thumb Code     0  startup_stm32u083xx.o(.text)
    FLASH_ECC_IRQHandler                     0x08000177   Thumb Code     0  startup_stm32u083xx.o(.text)
    I2C1_IRQHandler                          0x08000177   Thumb Code     0  startup_stm32u083xx.o(.text)
    I2C2_3_4_IRQHandler                      0x08000177   Thumb Code     0  startup_stm32u083xx.o(.text)
    LCD_IRQHandler                           0x08000177   Thumb Code     0  startup_stm32u083xx.o(.text)
    PVD_PVM_IRQHandler                       0x08000177   Thumb Code     0  startup_stm32u083xx.o(.text)
    RCC_CRS_IRQHandler                       0x08000177   Thumb Code     0  startup_stm32u083xx.o(.text)
    RNG_CRYP_IRQHandler                      0x08000177   Thumb Code     0  startup_stm32u083xx.o(.text)
    RTC_TAMP_IRQHandler                      0x08000177   Thumb Code     0  startup_stm32u083xx.o(.text)
    SPI1_IRQHandler                          0x08000177   Thumb Code     0  startup_stm32u083xx.o(.text)
    SPI2_3_IRQHandler                        0x08000177   Thumb Code     0  startup_stm32u083xx.o(.text)
    TIM15_LPTIM3_IRQHandler                  0x08000177   Thumb Code     0  startup_stm32u083xx.o(.text)
    TIM16_IRQHandler                         0x08000177   Thumb Code     0  startup_stm32u083xx.o(.text)
    TIM1_BRK_UP_TRG_COM_IRQHandler           0x08000177   Thumb Code     0  startup_stm32u083xx.o(.text)
    TIM1_CC_IRQHandler                       0x08000177   Thumb Code     0  startup_stm32u083xx.o(.text)
    TIM2_IRQHandler                          0x08000177   Thumb Code     0  startup_stm32u083xx.o(.text)
    TIM3_IRQHandler                          0x08000177   Thumb Code     0  startup_stm32u083xx.o(.text)
    TIM6_DAC_LPTIM1_IRQHandler               0x08000177   Thumb Code     0  startup_stm32u083xx.o(.text)
    TIM7_LPTIM2_IRQHandler                   0x08000177   Thumb Code     0  startup_stm32u083xx.o(.text)
    TSC_IRQHandler                           0x08000177   Thumb Code     0  startup_stm32u083xx.o(.text)
    USART1_IRQHandler                        0x08000177   Thumb Code     0  startup_stm32u083xx.o(.text)
    USART2_LPUART2_IRQHandler                0x08000177   Thumb Code     0  startup_stm32u083xx.o(.text)
    USART3_LPUART1_IRQHandler                0x08000177   Thumb Code     0  startup_stm32u083xx.o(.text)
    USART4_LPUART3_IRQHandler                0x08000177   Thumb Code     0  startup_stm32u083xx.o(.text)
    USB_DRD_FS_IRQHandler                    0x08000177   Thumb Code     0  startup_stm32u083xx.o(.text)
    WWDG_IWDG_IRQHandler                     0x08000177   Thumb Code     0  startup_stm32u083xx.o(.text)
    __user_initial_stackheap                 0x08000179   Thumb Code     0  startup_stm32u083xx.o(.text)
    _memset_w                                0x0800019d   Thumb Code    26  rt_memclr.o(.text)
    _memset                                  0x080001b7   Thumb Code    30  rt_memclr.o(.text)
    __aeabi_memclr                           0x080001d5   Thumb Code     4  rt_memclr.o(.text)
    __rt_memclr                              0x080001d5   Thumb Code     0  rt_memclr.o(.text)
    __aeabi_memclr4                          0x080001d9   Thumb Code     0  rt_memclr.o(.text)
    __aeabi_memclr8                          0x080001d9   Thumb Code     0  rt_memclr.o(.text)
    __rt_memclr_w                            0x080001d9   Thumb Code     4  rt_memclr.o(.text)
    __use_two_region_memory                  0x080001dd   Thumb Code     2  heapauxi.o(.text)
    __rt_heap_escrow$2region                 0x080001df   Thumb Code     2  heapauxi.o(.text)
    __rt_heap_expand$2region                 0x080001e1   Thumb Code     2  heapauxi.o(.text)
    __user_setup_stackheap                   0x080001e3   Thumb Code    62  sys_stackheap_outer.o(.text)
    exit                                     0x08000221   Thumb Code    16  exit.o(.text)
    __user_libspace                          0x08000231   Thumb Code     8  libspace.o(.text)
    __user_perproc_libspace                  0x08000231   Thumb Code     0  libspace.o(.text)
    __user_perthread_libspace                0x08000231   Thumb Code     0  libspace.o(.text)
    _sys_exit                                0x08000239   Thumb Code     8  sys_exit.o(.text)
    __I$use$semihosting                      0x08000245   Thumb Code     0  use_no_semi.o(.text)
    __use_no_semihosting_swi                 0x08000245   Thumb Code     2  use_no_semi.o(.text)
    __semihosting_library_function           0x08000247   Thumb Code     0  indicate_semi.o(.text)
    HAL_GPIO_Init                            0x08000249   Thumb Code   424  stm32u0xx_hal_gpio.o(.text.HAL_GPIO_Init)
    HAL_GPIO_WritePin                        0x080003fd   Thumb Code    16  stm32u0xx_hal_gpio.o(.text.HAL_GPIO_WritePin)
    HAL_GetTick                              0x0800040d   Thumb Code     8  stm32u0xx_hal.o(.text.HAL_GetTick)
    HAL_IncTick                              0x08000415   Thumb Code    16  stm32u0xx_hal.o(.text.HAL_IncTick)
    HAL_Init                                 0x08000429   Thumb Code    24  stm32u0xx_hal.o(.text.HAL_Init)
    HAL_InitTick                             0x08000441   Thumb Code    64  stm32u0xx_hal.o(.text.HAL_InitTick)
    HAL_MspInit                              0x08000485   Thumb Code    40  stm32u0xx_hal_msp.o(.text.HAL_MspInit)
    HAL_NVIC_SetPriority                     0x080004b1   Thumb Code    56  stm32u0xx_hal_cortex.o(.text.HAL_NVIC_SetPriority)
    HAL_PWREx_ControlVoltageScaling          0x080004f1   Thumb Code    96  stm32u0xx_hal_pwr_ex.o(.text.HAL_PWREx_ControlVoltageScaling)
    HAL_PWREx_GetVoltageRange                0x08000555   Thumb Code    12  stm32u0xx_hal_pwr_ex.o(.text.HAL_PWREx_GetVoltageRange)
    HAL_RCC_ClockConfig                      0x08000565   Thumb Code   308  stm32u0xx_hal_rcc.o(.text.HAL_RCC_ClockConfig)
    HAL_RCC_GetSysClockFreq                  0x080006b1   Thumb Code   172  stm32u0xx_hal_rcc.o(.text.HAL_RCC_GetSysClockFreq)
    HAL_RCC_OscConfig                        0x08000785   Thumb Code  1772  stm32u0xx_hal_rcc.o(.text.HAL_RCC_OscConfig)
    HAL_SYSTICK_Config                       0x08000e89   Thumb Code    40  stm32u0xx_hal_cortex.o(.text.HAL_SYSTICK_Config)
    HardFault_Handler                        0x08000ebd   Thumb Code     2  stm32u0xx_it.o(.text.HardFault_Handler)
    MX_GPIO_Init                             0x08000ec1   Thumb Code    64  gpio.o(.text.MX_GPIO_Init)
    NMI_Handler                              0x08000f05   Thumb Code     2  stm32u0xx_it.o(.text.NMI_Handler)
    PendSV_Handler                           0x08000f07   Thumb Code     2  stm32u0xx_it.o(.text.PendSV_Handler)
    SVC_Handler                              0x08000f09   Thumb Code     2  stm32u0xx_it.o(.text.SVC_Handler)
    SysTick_Handler                          0x08000f0b   Thumb Code     8  stm32u0xx_it.o(.text.SysTick_Handler)
    SystemInit                               0x08000f15   Thumb Code    44  system_stm32u0xx.o(.text.SystemInit)
    main                                     0x08000f4d   Thumb Code   106  main.o(.text.main)
    __aeabi_uidiv                            0x08000fb7   Thumb Code    68  aeabi_sdivfast.o(.text_divfast)
    __aeabi_idiv                             0x08000ffb   Thumb Code   434  aeabi_sdivfast.o(.text_divfast)
    AHBPrescTable                            0x080011ac   Data          16  system_stm32u0xx.o(.rodata.AHBPrescTable)
    MSIRangeTable                            0x080011bc   Data          48  system_stm32u0xx.o(.rodata.MSIRangeTable)
    Region$$Table$$Base                      0x080011ec   Number         0  anon$$obj.o(Region$$Table)
    Region$$Table$$Limit                     0x0800120c   Number         0  anon$$obj.o(Region$$Table)
    uwTickPrio                               0x20000000   Data           4  stm32u0xx_hal.o(.data..L_MergedGlobals)
    uwTickFreq                               0x20000004   Data           4  stm32u0xx_hal.o(.data..L_MergedGlobals)
    SystemCoreClock                          0x20000008   Data           4  system_stm32u0xx.o(.data.SystemCoreClock)
    __libspace_start                         0x20000010   Data          96  libspace.o(.bss)
    __temporary_stack_top$libspace           0x20000070   Data           0  libspace.o(.bss)
    uwTick                                   0x20000070   Data           4  stm32u0xx_hal.o(.bss.uwTick)



==============================================================================

Memory Map of the image

  Image Entry point : 0x080000c1

  Load Region LR_IROM1 (Base: 0x08000000, Size: 0x00001220, Max: 0x00040000, ABSOLUTE)

    Execution Region ER_IROM1 (Exec base: 0x08000000, Load base: 0x08000000, Size: 0x0000120c, Max: 0x00040000, ABSOLUTE)

    Exec Addr    Load Addr    Size         Type   Attr      Idx    E Section Name        Object

    0x08000000   0x08000000   0x000000c0   Data   RO            3    RESET               startup_stm32u083xx.o
    0x080000c0   0x080000c0   0x00000008   Code   RO          608  * !!!main             c_p.l(__main.o)
    0x080000c8   0x080000c8   0x0000003c   Code   RO          783    !!!scatter          c_p.l(__scatter.o)
    0x08000104   0x08000104   0x0000001a   Code   RO          785    !!handler_copy      c_p.l(__scatter_copy.o)
    0x0800011e   0x0800011e   0x00000002   PAD
    0x08000120   0x08000120   0x0000001c   Code   RO          787    !!handler_zi        c_p.l(__scatter_zi.o)
    0x0800013c   0x0800013c   0x00000002   Code   RO          646    .ARM.Collect$$libinit$$00000000  c_p.l(libinit.o)
    0x0800013e   0x0800013e   0x00000000   Code   RO          660    .ARM.Collect$$libinit$$00000002  c_p.l(libinit2.o)
    0x0800013e   0x0800013e   0x00000000   Code   RO          662    .ARM.Collect$$libinit$$00000004  c_p.l(libinit2.o)
    0x0800013e   0x0800013e   0x00000000   Code   RO          665    .ARM.Collect$$libinit$$0000000A  c_p.l(libinit2.o)
    0x0800013e   0x0800013e   0x00000000   Code   RO          667    .ARM.Collect$$libinit$$0000000C  c_p.l(libinit2.o)
    0x0800013e   0x0800013e   0x00000000   Code   RO          669    .ARM.Collect$$libinit$$0000000E  c_p.l(libinit2.o)
    0x0800013e   0x0800013e   0x00000000   Code   RO          672    .ARM.Collect$$libinit$$00000011  c_p.l(libinit2.o)
    0x0800013e   0x0800013e   0x00000000   Code   RO          674    .ARM.Collect$$libinit$$00000013  c_p.l(libinit2.o)
    0x0800013e   0x0800013e   0x00000000   Code   RO          676    .ARM.Collect$$libinit$$00000015  c_p.l(libinit2.o)
    0x0800013e   0x0800013e   0x00000000   Code   RO          678    .ARM.Collect$$libinit$$00000017  c_p.l(libinit2.o)
    0x0800013e   0x0800013e   0x00000000   Code   RO          680    .ARM.Collect$$libinit$$00000019  c_p.l(libinit2.o)
    0x0800013e   0x0800013e   0x00000000   Code   RO          682    .ARM.Collect$$libinit$$0000001B  c_p.l(libinit2.o)
    0x0800013e   0x0800013e   0x00000000   Code   RO          684    .ARM.Collect$$libinit$$0000001D  c_p.l(libinit2.o)
    0x0800013e   0x0800013e   0x00000000   Code   RO          686    .ARM.Collect$$libinit$$0000001F  c_p.l(libinit2.o)
    0x0800013e   0x0800013e   0x00000000   Code   RO          688    .ARM.Collect$$libinit$$00000021  c_p.l(libinit2.o)
    0x0800013e   0x0800013e   0x00000000   Code   RO          690    .ARM.Collect$$libinit$$00000023  c_p.l(libinit2.o)
    0x0800013e   0x0800013e   0x00000000   Code   RO          692    .ARM.Collect$$libinit$$00000025  c_p.l(libinit2.o)
    0x0800013e   0x0800013e   0x00000000   Code   RO          696    .ARM.Collect$$libinit$$0000002C  c_p.l(libinit2.o)
    0x0800013e   0x0800013e   0x00000000   Code   RO          698    .ARM.Collect$$libinit$$0000002E  c_p.l(libinit2.o)
    0x0800013e   0x0800013e   0x00000000   Code   RO          700    .ARM.Collect$$libinit$$00000030  c_p.l(libinit2.o)
    0x0800013e   0x0800013e   0x00000000   Code   RO          702    .ARM.Collect$$libinit$$00000032  c_p.l(libinit2.o)
    0x0800013e   0x0800013e   0x00000002   Code   RO          703    .ARM.Collect$$libinit$$00000033  c_p.l(libinit2.o)
    0x08000140   0x08000140   0x00000002   Code   RO          738    .ARM.Collect$$libshutdown$$00000000  c_p.l(libshutdown.o)
    0x08000142   0x08000142   0x00000000   Code   RO          766    .ARM.Collect$$libshutdown$$00000002  c_p.l(libshutdown2.o)
    0x08000142   0x08000142   0x00000000   Code   RO          768    .ARM.Collect$$libshutdown$$00000004  c_p.l(libshutdown2.o)
    0x08000142   0x08000142   0x00000000   Code   RO          771    .ARM.Collect$$libshutdown$$00000007  c_p.l(libshutdown2.o)
    0x08000142   0x08000142   0x00000000   Code   RO          774    .ARM.Collect$$libshutdown$$0000000A  c_p.l(libshutdown2.o)
    0x08000142   0x08000142   0x00000000   Code   RO          776    .ARM.Collect$$libshutdown$$0000000C  c_p.l(libshutdown2.o)
    0x08000142   0x08000142   0x00000000   Code   RO          779    .ARM.Collect$$libshutdown$$0000000F  c_p.l(libshutdown2.o)
    0x08000142   0x08000142   0x00000002   Code   RO          780    .ARM.Collect$$libshutdown$$00000010  c_p.l(libshutdown2.o)
    0x08000144   0x08000144   0x00000000   Code   RO          610    .ARM.Collect$$rtentry$$00000000  c_p.l(__rtentry.o)
    0x08000144   0x08000144   0x00000000   Code   RO          616    .ARM.Collect$$rtentry$$00000002  c_p.l(__rtentry2.o)
    0x08000144   0x08000144   0x00000006   Code   RO          628    .ARM.Collect$$rtentry$$00000004  c_p.l(__rtentry4.o)
    0x0800014a   0x0800014a   0x00000000   Code   RO          618    .ARM.Collect$$rtentry$$00000009  c_p.l(__rtentry2.o)
    0x0800014a   0x0800014a   0x00000004   Code   RO          619    .ARM.Collect$$rtentry$$0000000A  c_p.l(__rtentry2.o)
    0x0800014e   0x0800014e   0x00000000   Code   RO          621    .ARM.Collect$$rtentry$$0000000C  c_p.l(__rtentry2.o)
    0x0800014e   0x0800014e   0x00000008   Code   RO          622    .ARM.Collect$$rtentry$$0000000D  c_p.l(__rtentry2.o)
    0x08000156   0x08000156   0x00000002   Code   RO          651    .ARM.Collect$$rtexit$$00000000  c_p.l(rtexit.o)
    0x08000158   0x08000158   0x00000000   Code   RO          709    .ARM.Collect$$rtexit$$00000002  c_p.l(rtexit2.o)
    0x08000158   0x08000158   0x00000004   Code   RO          710    .ARM.Collect$$rtexit$$00000003  c_p.l(rtexit2.o)
    0x0800015c   0x0800015c   0x00000006   Code   RO          711    .ARM.Collect$$rtexit$$00000004  c_p.l(rtexit2.o)
    0x08000162   0x08000162   0x00000002   PAD
    0x08000164   0x08000164   0x00000038   Code   RO            4    .text               startup_stm32u083xx.o
    0x0800019c   0x0800019c   0x00000040   Code   RO          596    .text               c_p.l(rt_memclr.o)
    0x080001dc   0x080001dc   0x00000006   Code   RO          606    .text               c_p.l(heapauxi.o)
    0x080001e2   0x080001e2   0x0000003e   Code   RO          632    .text               c_p.l(sys_stackheap_outer.o)
    0x08000220   0x08000220   0x00000010   Code   RO          635    .text               c_p.l(exit.o)
    0x08000230   0x08000230   0x00000008   Code   RO          647    .text               c_p.l(libspace.o)
    0x08000238   0x08000238   0x0000000c   Code   RO          704    .text               c_p.l(sys_exit.o)
    0x08000244   0x08000244   0x00000002   Code   RO          727    .text               c_p.l(use_no_semi.o)
    0x08000246   0x08000246   0x00000000   Code   RO          729    .text               c_p.l(indicate_semi.o)
    0x08000246   0x08000246   0x00000002   PAD
    0x08000248   0x08000248   0x000001b4   Code   RO          265    .text.HAL_GPIO_Init  stm32u0xx_hal_gpio.o
    0x080003fc   0x080003fc   0x00000010   Code   RO          271    .text.HAL_GPIO_WritePin  stm32u0xx_hal_gpio.o
    0x0800040c   0x0800040c   0x00000008   Code   RO          473    .text.HAL_GetTick   stm32u0xx_hal.o
    0x08000414   0x08000414   0x00000014   Code   RO          471    .text.HAL_IncTick   stm32u0xx_hal.o
    0x08000428   0x08000428   0x00000018   Code   RO          461    .text.HAL_Init      stm32u0xx_hal.o
    0x08000440   0x08000440   0x00000044   Code   RO          463    .text.HAL_InitTick  stm32u0xx_hal.o
    0x08000484   0x08000484   0x0000002c   Code   RO           50    .text.HAL_MspInit   stm32u0xx_hal_msp.o
    0x080004b0   0x080004b0   0x00000040   Code   RO           58    .text.HAL_NVIC_SetPriority  stm32u0xx_hal_cortex.o
    0x080004f0   0x080004f0   0x00000064   Code   RO          383    .text.HAL_PWREx_ControlVoltageScaling  stm32u0xx_hal_pwr_ex.o
    0x08000554   0x08000554   0x00000010   Code   RO          385    .text.HAL_PWREx_GetVoltageRange  stm32u0xx_hal_pwr_ex.o
    0x08000564   0x08000564   0x0000014c   Code   RO          106    .text.HAL_RCC_ClockConfig  stm32u0xx_hal_rcc.o
    0x080006b0   0x080006b0   0x000000d4   Code   RO          104    .text.HAL_RCC_GetSysClockFreq  stm32u0xx_hal_rcc.o
    0x08000784   0x08000784   0x00000704   Code   RO          102    .text.HAL_RCC_OscConfig  stm32u0xx_hal_rcc.o
    0x08000e88   0x08000e88   0x00000034   Code   RO           66    .text.HAL_SYSTICK_Config  stm32u0xx_hal_cortex.o
    0x08000ebc   0x08000ebc   0x00000002   Code   RO           35    .text.HardFault_Handler  stm32u0xx_it.o
    0x08000ebe   0x08000ebe   0x00000002   PAD
    0x08000ec0   0x08000ec0   0x00000044   Code   RO           25    .text.MX_GPIO_Init  gpio.o
    0x08000f04   0x08000f04   0x00000002   Code   RO           33    .text.NMI_Handler   stm32u0xx_it.o
    0x08000f06   0x08000f06   0x00000002   Code   RO           39    .text.PendSV_Handler  stm32u0xx_it.o
    0x08000f08   0x08000f08   0x00000002   Code   RO           37    .text.SVC_Handler   stm32u0xx_it.o
    0x08000f0a   0x08000f0a   0x00000008   Code   RO           41    .text.SysTick_Handler  stm32u0xx_it.o
    0x08000f12   0x08000f12   0x00000002   PAD
    0x08000f14   0x08000f14   0x00000038   Code   RO          579    .text.SystemInit    system_stm32u0xx.o
    0x08000f4c   0x08000f4c   0x0000006a   Code   RO           11    .text.main          main.o
    0x08000fb6   0x08000fb6   0x000001f6   Code   RO          599    .text_divfast       c_p.l(aeabi_sdivfast.o)
    0x080011ac   0x080011ac   0x00000010   Data   RO          584    .rodata.AHBPrescTable  system_stm32u0xx.o
    0x080011bc   0x080011bc   0x00000030   Data   RO          586    .rodata.MSIRangeTable  system_stm32u0xx.o
    0x080011ec   0x080011ec   0x00000020   Data   RO          782    Region$$Table       anon$$obj.o


    Execution Region RW_IRAM1 (Exec base: 0x20000000, Load base: 0x08001210, Size: 0x00000678, Max: 0x00008000, ABSOLUTE)

    Exec Addr    Load Addr    Size         Type   Attr      Idx    E Section Name        Object

    0x20000000   0x08001210   0x00000008   Data   RW          542    .data..L_MergedGlobals  stm32u0xx_hal.o
    0x20000008   0x08001218   0x00000004   Data   RW          583    .data.SystemCoreClock  system_stm32u0xx.o
    0x2000000c   0x0800121c   0x00000004   PAD
    0x20000010        -       0x00000060   Zero   RW          648    .bss                c_p.l(libspace.o)
    0x20000070        -       0x00000004   Zero   RW          541    .bss.uwTick         stm32u0xx_hal.o
    0x20000074   0x0800121c   0x00000004   PAD
    0x20000078        -       0x00000200   Zero   RW            2    HEAP                startup_stm32u083xx.o
    0x20000278        -       0x00000400   Zero   RW            1    STACK               startup_stm32u083xx.o


==============================================================================

Image component sizes


      Code (inc. data)   RO Data    RW Data    ZI Data      Debug   Object Name

        68          4          0          0          0       2120   gpio.o
       106          0          0          0          0       2701   main.o
        56         26        192          0       1536        584   startup_stm32u083xx.o
       120          8          0          8          4       8220   stm32u0xx_hal.o
       116         20          0          0          0       7114   stm32u0xx_hal_cortex.o
       452         12          0          0          0       5092   stm32u0xx_hal_gpio.o
        44          4          0          0          0       1537   stm32u0xx_hal_msp.o
       116          8          0          0          0       8957   stm32u0xx_hal_pwr_ex.o
      2340        124          0          0          0      11616   stm32u0xx_hal_rcc.o
        16          0          0          0          0        670   stm32u0xx_it.o
        56         12         64          4          0       3336   system_stm32u0xx.o

    ----------------------------------------------------------------------
      3494        218        288         12       1548      51947   Object Totals
         0          0         32          0          0          0   (incl. Generated)
         4          0          0          0          8          0   (incl. Padding)

    ----------------------------------------------------------------------

      Code (inc. data)   RO Data    RW Data    ZI Data      Debug   Library Member Name

         8          0          0          0          0         68   __main.o
         0          0          0          0          0          0   __rtentry.o
        12          0          0          0          0          0   __rtentry2.o
         6          0          0          0          0          0   __rtentry4.o
        60          8          0          0          0          0   __scatter.o
        26          0          0          0          0          0   __scatter_copy.o
        28          0          0          0          0          0   __scatter_zi.o
       502          0          0          0          0         92   aeabi_sdivfast.o
        16          0          0          0          0         68   exit.o
         6          0          0          0          0        136   heapauxi.o
         0          0          0          0          0          0   indicate_semi.o
         2          0          0          0          0          0   libinit.o
         2          0          0          0          0          0   libinit2.o
         2          0          0          0          0          0   libshutdown.o
         2          0          0          0          0          0   libshutdown2.o
         8          4          0          0         96         68   libspace.o
        64          0          0          0          0        108   rt_memclr.o
         2          0          0          0          0          0   rtexit.o
        10          0          0          0          0          0   rtexit2.o
        12          4          0          0          0         60   sys_exit.o
        62          0          0          0          0         80   sys_stackheap_outer.o
         2          0          0          0          0         68   use_no_semi.o

    ----------------------------------------------------------------------
       838         16          0          0         96        748   Library Totals
         6          0          0          0          0          0   (incl. Padding)

    ----------------------------------------------------------------------

      Code (inc. data)   RO Data    RW Data    ZI Data      Debug   Library Name

       832         16          0          0         96        748   c_p.l

    ----------------------------------------------------------------------
       838         16          0          0         96        748   Library Totals

    ----------------------------------------------------------------------

==============================================================================


      Code (inc. data)   RO Data    RW Data    ZI Data      Debug   

      4332        234        288         12       1644      52327   Grand Totals
      4332        234        288         12       1644      52327   ELF Image Totals
      4332        234        288         12          0          0   ROM Totals

==============================================================================

    Total RO  Size (Code + RO Data)                 4620 (   4.51kB)
    Total RW  Size (RW Data + ZI Data)              1656 (   1.62kB)
    Total ROM Size (Code + RO Data + RW Data)       4632 (   4.52kB)

==============================================================================

